** Drc report for mega_shield.kicad_pcb **
** Created on 2025-05-09T14:21:57-0700 **

** Found 81 DRC violations **
[silk_edge_clearance]: Silkscreen clipped by board edge
    Rule: board setup constraints silk; warning
    @(36.0000 mm, 31.2500 mm): Rectangle on Edge.Cuts
    @(280.0000 mm, 31.2000 mm): Reference field of H3
[silk_edge_clearance]: Silkscreen clipped by board edge
    Rule: board setup constraints silk; warning
    @(36.0000 mm, 31.2500 mm): Rectangle on Edge.Cuts
    @(260.0000 mm, 31.2000 mm): Reference field of H2
[silk_edge_clearance]: Silkscreen clipped by board edge
    Rule: board setup constraints silk; warning
    @(36.0000 mm, 31.2500 mm): Rectangle on Edge.Cuts
    @(40.0000 mm, 31.2000 mm): Reference field of H1
[silk_edge_clearance]: Silkscreen clipped by board edge
    Rule: board setup constraints silk; warning
    @(36.0000 mm, 31.2500 mm): Rectangle on Edge.Cuts
    @(156.8000 mm, 211.3382 mm): Segment on F.Silkscreen
[silk_edge_clearance]: Silkscreen clipped by board edge
    Rule: board setup constraints silk; warning
    @(36.0000 mm, 31.2500 mm): Rectangle on Edge.Cuts
    @(166.7000 mm, 209.6382 mm): Segment on F.Silkscreen
[text_thickness]: Text thickness out of range (board setup constraints silk text thickness min thickness 0.0800 mm; actual 0.0312 mm)
    Rule: board setup constraints silk text thickness; warning
    @(178.5100 mm, 180.5500 mm): Reference field of C7
[text_height]: Text height out of range (board setup constraints silk text height min height 0.8000 mm; actual 0.2500 mm)
    Rule: board setup constraints silk text height; warning
    @(178.5100 mm, 180.5500 mm): Reference field of C7
[text_height]: Text height out of range (board setup constraints silk text height min height 0.8000 mm; actual 0.5000 mm)
    Rule: board setup constraints silk text height; warning
    @(177.5850 mm, 180.1250 mm): Reference field of R3
[text_height]: Text height out of range (board setup constraints silk text height min height 0.8000 mm; actual 0.5000 mm)
    Rule: board setup constraints silk text height; warning
    @(177.5850 mm, 181.5700 mm): Reference field of R4
[text_thickness]: Text thickness out of range (board setup constraints silk text thickness min thickness 0.0800 mm; actual 0.0312 mm)
    Rule: board setup constraints silk text thickness; warning
    @(174.3600 mm, 180.7700 mm): Reference field of C5
[text_height]: Text height out of range (board setup constraints silk text height min height 0.8000 mm; actual 0.2500 mm)
    Rule: board setup constraints silk text height; warning
    @(174.3600 mm, 180.7700 mm): Reference field of C5
[text_thickness]: Text thickness out of range (board setup constraints silk text thickness min thickness 0.0800 mm; actual 0.0312 mm)
    Rule: board setup constraints silk text thickness; warning
    @(179.3100 mm, 180.5500 mm): Reference field of C8
[text_height]: Text height out of range (board setup constraints silk text height min height 0.8000 mm; actual 0.2500 mm)
    Rule: board setup constraints silk text height; warning
    @(179.3100 mm, 180.5500 mm): Reference field of C8
[silk_over_copper]: Silkscreen clipped by solder mask
    Local override; warning
    @(218.7500 mm, 33.0000 mm): Rectangle on F.Silkscreen
[silk_over_copper]: Silkscreen clipped by solder mask
    Local override; warning
    @(79.4895 mm, 33.0000 mm): Rectangle on F.Silkscreen
[silk_over_copper]: Silkscreen clipped by solder mask
    Local override; warning
    @(149.2304 mm, 58.8043 mm): Reference field of J12
[silk_over_copper]: Silkscreen clipped by solder mask
    Local override; warning
    @(205.2304 mm, 58.8043 mm): Reference field of J20
[silk_over_copper]: Silkscreen clipped by solder mask
    Local override; warning
    @(55.3334 mm, 203.2008 mm): Reference field of J22
[silk_over_copper]: Silkscreen clipped by solder mask
    Local override; warning
    @(177.2304 mm, 42.3877 mm): Reference field of J17
[silk_over_copper]: Silkscreen clipped by solder mask
    Local override; warning
    @(121.2304 mm, 42.3877 mm): Reference field of J11
[silk_over_copper]: Silkscreen clipped by solder mask
    Local override; warning
    @(113.0375 mm, 190.2375 mm): Reference field of F14
[silk_over_copper]: Silkscreen clipped by solder mask
    Local override; warning
    @(121.2304 mm, 58.8043 mm): Reference field of J10
[silk_over_copper]: Silkscreen clipped by solder mask
    Local override; warning
    @(149.2304 mm, 42.3877 mm): Reference field of J13
[silk_over_copper]: Silkscreen clipped by solder mask
    Local override; warning
    @(112.9375 mm, 194.3125 mm): Reference field of F13
[silk_over_copper]: Silkscreen clipped by solder mask
    Local override; warning
    @(173.9750 mm, 196.2650 mm): Reference field of J3
[silk_over_copper]: Silkscreen clipped by solder mask
    Local override; warning
    @(177.2304 mm, 58.8043 mm): Reference field of J16
[silk_over_copper]: Silkscreen clipped by solder mask
    Local override; warning
    @(205.2304 mm, 42.3877 mm): Reference field of J21
[silk_over_copper]: Silkscreen clipped by solder mask
    Local override; warning
    @(116.6125 mm, 173.6875 mm): Reference field of R49
[silk_overlap]: Silkscreen overlap
    Rule: board setup constraints silk; warning
    @(130.1825 mm, 210.1500 mm): Segment on F.Silkscreen
    @(127.5000 mm, 174.0000 mm): Rectangle on F.Silkscreen
[silk_overlap]: Silkscreen overlap
    Rule: board setup constraints silk; warning
    @(139.1925 mm, 200.9500 mm): Segment on F.Silkscreen
    @(127.5000 mm, 174.0000 mm): Rectangle on F.Silkscreen
[silk_overlap]: Silkscreen overlap
    Rule: board setup constraints silk; warning
    @(127.5000 mm, 174.0000 mm): Rectangle on F.Silkscreen
    @(142.2825 mm, 210.1500 mm): Segment on F.Silkscreen
[silk_overlap]: Silkscreen overlap
    Rule: board setup constraints silk; warning
    @(151.2925 mm, 200.9500 mm): Segment on F.Silkscreen
    @(127.5000 mm, 174.0000 mm): Rectangle on F.Silkscreen
[silk_overlap]: Silkscreen overlap
    Rule: board setup constraints silk; warning
    @(127.5000 mm, 174.0000 mm): Rectangle on F.Silkscreen
    @(125.3475 mm, 176.3895 mm): Reference field of TP103
[silk_overlap]: Silkscreen overlap
    Rule: board setup constraints silk; warning
    @(127.5000 mm, 174.0000 mm): Rectangle on F.Silkscreen
    @(127.0125 mm, 192.2375 mm): Reference field of Q29
[silk_overlap]: Silkscreen overlap
    Rule: board setup constraints silk; warning
    @(116.6125 mm, 173.6875 mm): Reference field of R49
    @(116.7500 mm, 173.7550 mm): Reference field of C29
[silk_overlap]: Silkscreen overlap
    Rule: board setup constraints silk; warning
    @(116.7500 mm, 178.7550 mm): Reference field of C30
    @(117.5875 mm, 179.7875 mm): Reference field of Q26
[silk_overlap]: Silkscreen overlap
    Rule: board setup constraints silk; warning
    @(97.5000 mm, 167.7500 mm): Rectangle on F.Silkscreen
    @(125.3475 mm, 176.3895 mm): Reference field of TP103
[silk_overlap]: Silkscreen overlap
    Rule: board setup constraints silk; warning
    @(127.0125 mm, 192.2375 mm): Reference field of Q29
    @(97.5000 mm, 167.7500 mm): Rectangle on F.Silkscreen
[silk_overlap]: Silkscreen overlap
    Rule: board setup constraints silk; warning
    @(112.2700 mm, 200.9500 mm): Segment on F.Silkscreen
    @(97.5000 mm, 167.7500 mm): Rectangle on F.Silkscreen
[silk_overlap]: Silkscreen overlap
    Rule: board setup constraints silk; warning
    @(103.2600 mm, 210.1500 mm): Segment on F.Silkscreen
    @(97.5000 mm, 167.7500 mm): Rectangle on F.Silkscreen
[silk_overlap]: Silkscreen overlap
    Rule: board setup constraints silk; warning
    @(117.0875 mm, 210.1500 mm): Segment on F.Silkscreen
    @(97.5000 mm, 167.7500 mm): Rectangle on F.Silkscreen
[silk_overlap]: Silkscreen overlap
    Rule: board setup constraints silk; warning
    @(126.0975 mm, 200.9500 mm): Segment on F.Silkscreen
    @(97.5000 mm, 167.7500 mm): Rectangle on F.Silkscreen
[silk_overlap]: Silkscreen overlap
    Rule: board setup constraints silk; warning
    @(151.7250 mm, 198.0250 mm): Reference field of R41
    @(151.9250 mm, 199.5750 mm): Reference field of LED9
[silk_overlap]: Silkscreen overlap
    Rule: board setup constraints silk; warning
    @(147.2000 mm, 196.8910 mm): Reference field of D4
    @(145.9075 mm, 196.3500 mm): Segment on F.Silkscreen
[silk_overlap]: Silkscreen overlap
    Rule: board setup constraints silk; warning
    @(151.7250 mm, 198.0250 mm): Reference field of R41
    @(151.0750 mm, 198.8250 mm): Rectangle on F.Silkscreen
[silk_overlap]: Silkscreen overlap
    Rule: board setup constraints silk; warning
    @(151.2750 mm, 199.0750 mm): Rectangle on F.Silkscreen
    @(151.7250 mm, 198.0250 mm): Reference field of R41
[silk_overlap]: Silkscreen overlap
    Rule: board setup constraints silk; warning
    @(140.1075 mm, 192.5500 mm): Reference field of Q23
    @(140.8000 mm, 192.5500 mm): Reference field of F12
[silk_overlap]: Silkscreen overlap
    Rule: board setup constraints silk; warning
    @(145.9075 mm, 188.7500 mm): Segment on F.Silkscreen
    @(145.7500 mm, 187.9000 mm): Reference field of R39
[silk_overlap]: Silkscreen overlap
    Rule: board setup constraints silk; warning
    @(139.7750 mm, 199.3250 mm): Reference field of LED8
    @(139.5750 mm, 197.7750 mm): Reference field of R40
[silk_overlap]: Silkscreen overlap
    Rule: board setup constraints silk; warning
    @(145.7500 mm, 187.9000 mm): Reference field of R39
    @(151.0075 mm, 188.7500 mm): Segment on F.Silkscreen
[silk_overlap]: Silkscreen overlap
    Rule: board setup constraints silk; warning
    @(151.5075 mm, 196.3500 mm): Segment on F.Silkscreen
    @(152.2075 mm, 192.5500 mm): Reference field of Q24
[silk_overlap]: Silkscreen overlap
    Rule: board setup constraints silk; warning
    @(133.8075 mm, 196.3500 mm): Segment on F.Silkscreen
    @(134.4000 mm, 196.8910 mm): Reference field of D3
[silk_overlap]: Silkscreen overlap
    Rule: board setup constraints silk; warning
    @(133.8075 mm, 188.7500 mm): Segment on F.Silkscreen
    @(134.4000 mm, 196.8910 mm): Reference field of D3
[silk_overlap]: Silkscreen overlap
    Rule: board setup constraints silk; warning
    @(133.8075 mm, 188.7500 mm): Segment on F.Silkscreen
    @(133.6500 mm, 187.9500 mm): Reference field of R38
[silk_overlap]: Silkscreen overlap
    Rule: board setup constraints silk; warning
    @(133.6500 mm, 187.9500 mm): Reference field of R38
    @(138.9075 mm, 188.7500 mm): Segment on F.Silkscreen
[silk_overlap]: Silkscreen overlap
    Rule: board setup constraints silk; warning
    @(139.1250 mm, 198.8250 mm): Rectangle on F.Silkscreen
    @(139.5750 mm, 197.7750 mm): Reference field of R40
[silk_overlap]: Silkscreen overlap
    Rule: board setup constraints silk; warning
    @(138.9250 mm, 198.5750 mm): Rectangle on F.Silkscreen
    @(139.5750 mm, 197.7750 mm): Reference field of R40
[silk_overlap]: Silkscreen overlap
    Rule: board setup constraints silk; warning
    @(139.7750 mm, 199.3250 mm): Reference field of LED8
    @(137.8125 mm, 200.9500 mm): Segment on F.Silkscreen
[silk_overlap]: Silkscreen overlap
    Rule: board setup constraints silk; warning
    @(139.1925 mm, 200.9500 mm): Segment on F.Silkscreen
    @(139.7750 mm, 199.3250 mm): Reference field of LED8
[silk_overlap]: Silkscreen overlap
    Rule: board setup constraints silk; warning
    @(139.1250 mm, 198.8250 mm): Rectangle on F.Silkscreen
    @(139.7750 mm, 199.3250 mm): Reference field of LED8
[silk_overlap]: Silkscreen overlap
    Rule: board setup constraints silk; warning
    @(156.8000 mm, 211.3382 mm): Segment on F.Silkscreen
    @(154.0000 mm, 174.0000 mm): Rectangle on F.Silkscreen
[silk_overlap]: Silkscreen overlap
    Rule: board setup constraints silk; warning
    @(154.0000 mm, 174.0000 mm): Rectangle on F.Silkscreen
    @(166.7000 mm, 209.6382 mm): Segment on F.Silkscreen
[silk_overlap]: Silkscreen overlap
    Rule: board setup constraints silk; warning
    @(202.4000 mm, 210.5800 mm): Segment on F.Silkscreen
    @(201.7500 mm, 174.0000 mm): Rectangle on F.Silkscreen
[silk_overlap]: Silkscreen overlap
    Rule: board setup constraints silk; warning
    @(210.6000 mm, 210.5800 mm): Segment on F.Silkscreen
    @(201.7500 mm, 174.0000 mm): Rectangle on F.Silkscreen
[silk_overlap]: Silkscreen overlap
    Rule: board setup constraints silk; warning
    @(199.2000 mm, 198.1500 mm): Segment on F.Silkscreen
    @(170.0000 mm, 174.0000 mm): Rectangle on F.Silkscreen
[silk_overlap]: Silkscreen overlap
    Rule: board setup constraints silk; warning
    @(170.0000 mm, 174.0000 mm): Rectangle on F.Silkscreen
    @(171.8000 mm, 210.1500 mm): Segment on F.Silkscreen
[silk_overlap]: Silkscreen overlap
    Rule: board setup constraints silk; warning
    @(67.2500 mm, 174.0000 mm): Rectangle on F.Silkscreen
    @(72.1075 mm, 210.1500 mm): Segment on F.Silkscreen
[silk_overlap]: Silkscreen overlap
    Rule: board setup constraints silk; warning
    @(81.1175 mm, 200.9500 mm): Segment on F.Silkscreen
    @(67.2500 mm, 174.0000 mm): Rectangle on F.Silkscreen
[silk_overlap]: Silkscreen overlap
    Rule: board setup constraints silk; warning
    @(67.2500 mm, 174.0000 mm): Rectangle on F.Silkscreen
    @(84.9825 mm, 210.1500 mm): Segment on F.Silkscreen
[silk_overlap]: Silkscreen overlap
    Rule: board setup constraints silk; warning
    @(93.9925 mm, 200.9500 mm): Segment on F.Silkscreen
    @(67.2500 mm, 174.0000 mm): Rectangle on F.Silkscreen
[silk_overlap]: Silkscreen overlap
    Rule: board setup constraints silk; warning
    @(112.4850 mm, 196.0375 mm): Segment on F.Silkscreen
    @(113.0375 mm, 190.2375 mm): Reference field of F14
[silk_overlap]: Silkscreen overlap
    Rule: board setup constraints silk; warning
    @(112.4850 mm, 196.0375 mm): Segment on F.Silkscreen
    @(112.9375 mm, 194.3125 mm): Reference field of F13
[silk_overlap]: Silkscreen overlap
    Rule: board setup constraints silk; warning
    @(151.2925 mm, 200.9500 mm): Segment on F.Silkscreen
    @(151.9250 mm, 199.5750 mm): Reference field of LED9
[silk_overlap]: Silkscreen overlap
    Rule: board setup constraints silk; warning
    @(151.2750 mm, 199.0750 mm): Rectangle on F.Silkscreen
    @(151.9250 mm, 199.5750 mm): Reference field of LED9
[silk_overlap]: Silkscreen overlap
    Rule: board setup constraints silk; warning
    @(173.9750 mm, 196.2650 mm): Reference field of J3
    @(173.7520 mm, 195.9250 mm): Reference field of TP31
[silk_overlap]: Silkscreen overlap
    Rule: board setup constraints silk; warning
    @(173.9750 mm, 196.2650 mm): Reference field of J3
    @(174.5000 mm, 196.6250 mm): Segment on F.Silkscreen
[silk_overlap]: Silkscreen overlap
    Rule: board setup constraints silk; warning
    @(173.9750 mm, 196.2650 mm): Reference field of J3
    @(175.9000 mm, 196.6250 mm): Segment on F.Silkscreen
[silk_overlap]: Silkscreen overlap
    Rule: board setup constraints silk; warning
    @(218.7500 mm, 33.0000 mm): Rectangle on F.Silkscreen
    @(280.0000 mm, 133.7000 mm): Reference field of H10
[silk_overlap]: Silkscreen overlap
    Rule: board setup constraints silk; warning
    @(280.0000 mm, 168.7000 mm): Reference field of H12
    @(218.7500 mm, 33.0000 mm): Rectangle on F.Silkscreen
[silk_overlap]: Silkscreen overlap
    Rule: board setup constraints silk; warning
    @(218.7500 mm, 33.0000 mm): Rectangle on F.Silkscreen
    @(280.0000 mm, 203.7000 mm): Reference field of H14
[mirrored_text_on_front_layer]: Mirrored text on front layer
    Local override; warning
    @(100.4840 mm, 132.0040 mm): Footprint text of A1 (.)

** Found 0 unconnected pads **

** Found 1 Footprint errors **
[missing_footprint]: Missing footprint NT1 (NetTie_2)
    Local override; warning

** End of Report **
