ERC report (2025-05-05T13:16:35-0700, Encoding UTF8)

***** Sheet /
[hier_label_mismatch]: Sheet pin digital_input1 has no matching hierarchical label inside the sheet
    ; error
    @(127.00 mm, 179.07 mm): Hierarchical Sheet Pin digital_input1
[hier_label_mismatch]: Sheet pin digital_input2 has no matching hierarchical label inside the sheet
    ; error
    @(127.00 mm, 181.61 mm): Hierarchical Sheet Pin digital_input2
[hier_label_mismatch]: Sheet pin SLND_DRV_1 has no matching hierarchical label inside the sheet
    ; error
    @(125.73 mm, 148.59 mm): Hierarchical Sheet Pin SLND_DRV_1
[hier_label_mismatch]: Sheet pin +5_IN has no matching hierarchical label inside the sheet
    ; error
    @(101.60 mm, 181.61 mm): Hierarchical Sheet Pin +5_IN
[hier_label_mismatch]: Sheet pin SLND_DRV_2 has no matching hierarchical label inside the sheet
    ; error
    @(125.73 mm, 151.13 mm): Hierarchical Sheet Pin SLND_DRV_2

***** Sheet /mega_connector/
[pin_to_pin]: Pins of type Power output and Power output are connected
    ; error
    @(101.60 mm, 151.13 mm): Symbol #FLG02 Pin 1 [Power output, Line]
    @(247.65 mm, 96.52 mm): Symbol U1 Pin 5 [GND2, Power output, Line]
[label_dangling]: Label not connected to anything
    ; error
    @(172.72 mm, 135.89 mm): Hierarchical Label 'OUT_12'
[label_dangling]: Label not connected to anything
    ; error
    @(172.72 mm, 130.81 mm): Hierarchical Label 'OUT_11'
[label_dangling]: Label not connected to anything
    ; error
    @(106.68 mm, 102.87 mm): Hierarchical Label 'CYCLE_START'
[label_dangling]: Label not connected to anything
    ; error
    @(106.68 mm, 100.33 mm): Hierarchical Label 'FEED_HOLD'
[label_dangling]: Label not connected to anything
    ; error
    @(106.68 mm, 97.79 mm): Hierarchical Label 'RESET'
[hier_label_mismatch]: Hierarchical label CYCLE_START has no matching sheet pin in the parent sheet
    ; error
    @(106.68 mm, 102.87 mm): Hierarchical Label 'CYCLE_START'
[hier_label_mismatch]: Hierarchical label FEED_HOLD has no matching sheet pin in the parent sheet
    ; error
    @(106.68 mm, 100.33 mm): Hierarchical Label 'FEED_HOLD'
[hier_label_mismatch]: Hierarchical label RESET has no matching sheet pin in the parent sheet
    ; error
    @(106.68 mm, 97.79 mm): Hierarchical Label 'RESET'
[label_dangling]: Label not connected to anything
    ; error
    @(172.72 mm, 59.69 mm): Hierarchical Label 'COOL_MIST'
[label_dangling]: Label not connected to anything
    ; error
    @(172.72 mm, 85.09 mm): Hierarchical Label 'digital_input2'
[label_dangling]: Label not connected to anything
    ; error
    @(172.72 mm, 72.39 mm): Hierarchical Label 'digital_out1'
[label_dangling]: Label not connected to anything
    ; error
    @(172.72 mm, 74.93 mm): Hierarchical Label 'digital_out2'
[label_dangling]: Label not connected to anything
    ; error
    @(172.72 mm, 80.01 mm): Hierarchical Label 'digital_input1'
[label_dangling]: Label not connected to anything
    ; error
    @(172.72 mm, 62.23 mm): Hierarchical Label 'COOL_FLOOD'
[hier_label_mismatch]: Hierarchical label COOL_FLOOD has no matching sheet pin in the parent sheet
    ; error
    @(172.72 mm, 62.23 mm): Hierarchical Label 'COOL_FLOOD'
[hier_label_mismatch]: Hierarchical label COOL_MIST has no matching sheet pin in the parent sheet
    ; error
    @(172.72 mm, 59.69 mm): Hierarchical Label 'COOL_MIST'

***** Sheet /servo_interface_X/

***** Sheet /servo_interface_Y/

***** Sheet /spin_interface/
[pin_to_pin]: Pins of type Power output and Power output are connected
    ; error
    @(54.61 mm, 34.29 mm): Symbol #FLG06 Pin 1 [Power output, Line]
    @(247.65 mm, 83.82 mm): Symbol U1 Pin 8 [VDD2, Power output, Line]
[multiple_net_names]: Both +5V_SPIN and +5V_IN are attached to the same items; +5V_SPIN will be used in the netlist
    ; warning
    @(58.42 mm, 34.29 mm): Label '+5V_SPIN'
    @(35.56 mm, 34.29 mm): Hierarchical Label '+5V_IN'

***** Sheet /servo_interface_Z/

***** Sheet /servo_interface_A/

***** Sheet /servo_interface_B/

***** Sheet /solenoid_interface/

***** Sheet /homing_interface_X/
[pin_to_pin]: Pins of type Power output and Power output are connected
    ; error
    @(214.63 mm, 96.52 mm): Symbol U1 Pin 4 [GND1, Power output, Line]
    @(247.65 mm, 96.52 mm): Symbol U1 Pin 5 [GND2, Power output, Line]
[pin_to_pin]: Pins of type Power output and Power output are connected
    ; error
    @(214.63 mm, 96.52 mm): Symbol U1 Pin 4 [GND1, Power output, Line]
    @(247.65 mm, 96.52 mm): Symbol U1 Pin 5 [GND2, Power output, Line]
[pin_to_pin]: Pins of type Power output and Power output are connected
    ; error
    @(214.63 mm, 96.52 mm): Symbol U1 Pin 4 [GND1, Power output, Line]
    @(247.65 mm, 96.52 mm): Symbol U1 Pin 5 [GND2, Power output, Line]
[pin_to_pin]: Pins of type Power output and Power output are connected
    ; error
    @(214.63 mm, 96.52 mm): Symbol U1 Pin 4 [GND1, Power output, Line]
    @(247.65 mm, 96.52 mm): Symbol U1 Pin 5 [GND2, Power output, Line]
[pin_to_pin]: Pins of type Power output and Power output are connected
    ; error
    @(214.63 mm, 96.52 mm): Symbol U1 Pin 4 [GND1, Power output, Line]
    @(247.65 mm, 96.52 mm): Symbol U1 Pin 5 [GND2, Power output, Line]
[pin_to_pin]: Pins of type Unspecified and Passive are connected
    ; warning (excluded)
    @(67.31 mm, 67.31 mm): Symbol J9 Pin 3 [3, Unspecified, Line]
    @(36.83 mm, 129.54 mm): Symbol TP76 Pin 1 [1, Passive, Line]
[pin_to_pin]: Pins of type Unspecified and Passive are connected
    ; warning (excluded)
    @(67.31 mm, 67.31 mm): Symbol J9 Pin 3 [3, Unspecified, Line]
    @(36.83 mm, 129.54 mm): Symbol TP76 Pin 1 [1, Passive, Line]
[pin_to_pin]: Pins of type Unspecified and Passive are connected
    ; warning (excluded)
    @(67.31 mm, 67.31 mm): Symbol J9 Pin 3 [3, Unspecified, Line]
    @(36.83 mm, 129.54 mm): Symbol TP76 Pin 1 [1, Passive, Line]
[pin_to_pin]: Pins of type Unspecified and Passive are connected
    ; warning (excluded)
    @(67.31 mm, 64.77 mm): Symbol J9 Pin 4 [4, Unspecified, Line]
    @(92.71 mm, 64.77 mm): Symbol C39 Pin 2 [Passive, Line]
[pin_to_pin]: Pins of type Unspecified and Passive are connected
    ; warning (excluded)
    @(67.31 mm, 67.31 mm): Symbol J9 Pin 3 [3, Unspecified, Line]
    @(36.83 mm, 129.54 mm): Symbol TP76 Pin 1 [1, Passive, Line]
[pin_to_pin]: Pins of type Unspecified and Passive are connected
    ; warning (excluded)
    @(67.31 mm, 64.77 mm): Symbol J9 Pin 4 [4, Unspecified, Line]
    @(92.71 mm, 64.77 mm): Symbol C39 Pin 2 [Passive, Line]
[pin_to_pin]: Pins of type Unspecified and Passive are connected
    ; warning (excluded)
    @(67.31 mm, 67.31 mm): Symbol J9 Pin 3 [3, Unspecified, Line]
    @(36.83 mm, 129.54 mm): Symbol TP76 Pin 1 [1, Passive, Line]
[pin_to_pin]: Pins of type Unspecified and Passive are connected
    ; warning (excluded)
    @(67.31 mm, 64.77 mm): Symbol J9 Pin 4 [4, Unspecified, Line]
    @(92.71 mm, 64.77 mm): Symbol C39 Pin 2 [Passive, Line]
[pin_to_pin]: Pins of type Unspecified and Passive are connected
    ; warning (excluded)
    @(67.31 mm, 52.07 mm): Symbol J8 Pin 3 [3, Unspecified, Line]
    @(36.83 mm, 121.92 mm): Symbol TP75 Pin 1 [1, Passive, Line]
[pin_to_pin]: Pins of type Unspecified and Passive are connected
    ; warning (excluded)
    @(67.31 mm, 52.07 mm): Symbol J8 Pin 3 [3, Unspecified, Line]
    @(36.83 mm, 121.92 mm): Symbol TP75 Pin 1 [1, Passive, Line]
[pin_to_pin]: Pins of type Unspecified and Passive are connected
    ; warning (excluded)
    @(67.31 mm, 49.53 mm): Symbol J8 Pin 4 [4, Unspecified, Line]
    @(92.71 mm, 49.53 mm): Symbol C38 Pin 2 [Passive, Line]
[pin_to_pin]: Pins of type Unspecified and Passive are connected
    ; warning (excluded)
    @(67.31 mm, 52.07 mm): Symbol J8 Pin 3 [3, Unspecified, Line]
    @(36.83 mm, 121.92 mm): Symbol TP75 Pin 1 [1, Passive, Line]
[pin_to_pin]: Pins of type Unspecified and Passive are connected
    ; warning (excluded)
    @(67.31 mm, 52.07 mm): Symbol J8 Pin 3 [3, Unspecified, Line]
    @(36.83 mm, 121.92 mm): Symbol TP75 Pin 1 [1, Passive, Line]
[pin_to_pin]: Pins of type Unspecified and Passive are connected
    ; warning (excluded)
    @(67.31 mm, 52.07 mm): Symbol J8 Pin 3 [3, Unspecified, Line]
    @(36.83 mm, 121.92 mm): Symbol TP75 Pin 1 [1, Passive, Line]
[pin_to_pin]: Pins of type Unspecified and Passive are connected
    ; warning (excluded)
    @(67.31 mm, 49.53 mm): Symbol J8 Pin 4 [4, Unspecified, Line]
    @(92.71 mm, 49.53 mm): Symbol C38 Pin 2 [Passive, Line]
[pin_to_pin]: Pins of type Unspecified and Passive are connected
    ; warning (excluded)
    @(67.31 mm, 64.77 mm): Symbol J9 Pin 4 [4, Unspecified, Line]
    @(92.71 mm, 64.77 mm): Symbol C39 Pin 2 [Passive, Line]
[pin_to_pin]: Pins of type Unspecified and Passive are connected
    ; warning (excluded)
    @(67.31 mm, 64.77 mm): Symbol J9 Pin 4 [4, Unspecified, Line]
    @(92.71 mm, 64.77 mm): Symbol C39 Pin 2 [Passive, Line]
[pin_to_pin]: Pins of type Unspecified and Passive are connected
    ; warning (excluded)
    @(67.31 mm, 62.23 mm): Symbol J9 Pin 1 [1, Unspecified, Line]
    @(92.71 mm, 57.15 mm): Symbol C39 Pin 1 [Passive, Line]
[pin_to_pin]: Pins of type Unspecified and Passive are connected
    ; warning (excluded)
    @(67.31 mm, 62.23 mm): Symbol J9 Pin 1 [1, Unspecified, Line]
    @(92.71 mm, 57.15 mm): Symbol C39 Pin 1 [Passive, Line]
[pin_to_pin]: Pins of type Unspecified and Passive are connected
    ; warning (excluded)
    @(67.31 mm, 62.23 mm): Symbol J9 Pin 1 [1, Unspecified, Line]
    @(92.71 mm, 57.15 mm): Symbol C39 Pin 1 [Passive, Line]
[multiple_net_names]: Both V_Proxy and +24V_IN are attached to the same items; V_Proxy will be used in the netlist
    ; warning (excluded)
    @(36.83 mm, 114.30 mm): Label 'V_Proxy'
    @(38.10 mm, 25.40 mm): Hierarchical Label '+24V_IN'
    Yes, that was the purpose of the net tie.
[pin_to_pin]: Pins of type Unspecified and Unspecified are connected
    ; warning (excluded)
    @(67.31 mm, 46.99 mm): Symbol J8 Pin 1 [1, Unspecified, Line]
    @(67.31 mm, 62.23 mm): Symbol J9 Pin 1 [1, Unspecified, Line]
[pin_to_pin]: Pins of type Unspecified and Unspecified are connected
    ; warning (excluded)
    @(67.31 mm, 46.99 mm): Symbol J8 Pin 1 [1, Unspecified, Line]
    @(67.31 mm, 62.23 mm): Symbol J9 Pin 1 [1, Unspecified, Line]
[pin_to_pin]: Pins of type Unspecified and Unspecified are connected
    ; warning (excluded)
    @(67.31 mm, 46.99 mm): Symbol J8 Pin 1 [1, Unspecified, Line]
    @(67.31 mm, 62.23 mm): Symbol J9 Pin 1 [1, Unspecified, Line]
[pin_to_pin]: Pins of type Unspecified and Passive are connected
    ; warning (excluded)
    @(67.31 mm, 62.23 mm): Symbol J9 Pin 1 [1, Unspecified, Line]
    @(92.71 mm, 57.15 mm): Symbol C39 Pin 1 [Passive, Line]
[pin_to_pin]: Pins of type Unspecified and Passive are connected
    ; warning (excluded)
    @(67.31 mm, 62.23 mm): Symbol J9 Pin 1 [1, Unspecified, Line]
    @(92.71 mm, 57.15 mm): Symbol C39 Pin 1 [Passive, Line]
[pin_to_pin]: Pins of type Unspecified and Passive are connected
    ; warning (excluded)
    @(67.31 mm, 49.53 mm): Symbol J8 Pin 4 [4, Unspecified, Line]
    @(92.71 mm, 49.53 mm): Symbol C38 Pin 2 [Passive, Line]
[pin_to_pin]: Pins of type Unspecified and Passive are connected
    ; warning (excluded)
    @(67.31 mm, 49.53 mm): Symbol J8 Pin 4 [4, Unspecified, Line]
    @(92.71 mm, 49.53 mm): Symbol C38 Pin 2 [Passive, Line]
[pin_to_pin]: Pins of type Unspecified and Passive are connected
    ; warning (excluded)
    @(67.31 mm, 49.53 mm): Symbol J8 Pin 4 [4, Unspecified, Line]
    @(92.71 mm, 49.53 mm): Symbol C38 Pin 2 [Passive, Line]
[pin_to_pin]: Pins of type Unspecified and Unspecified are connected
    ; warning (excluded)
    @(67.31 mm, 46.99 mm): Symbol J8 Pin 1 [1, Unspecified, Line]
    @(67.31 mm, 62.23 mm): Symbol J9 Pin 1 [1, Unspecified, Line]
[pin_to_pin]: Pins of type Unspecified and Unspecified are connected
    ; warning (excluded)
    @(67.31 mm, 46.99 mm): Symbol J8 Pin 1 [1, Unspecified, Line]
    @(67.31 mm, 62.23 mm): Symbol J9 Pin 1 [1, Unspecified, Line]
[pin_to_pin]: Pins of type Power output and Power output are connected
    ; error
    @(247.65 mm, 83.82 mm): Symbol U1 Pin 8 [VDD2, Power output, Line]
    @(247.65 mm, 83.82 mm): Symbol U1 Pin 8 [VDD2, Power output, Line]
[pin_to_pin]: Pins of type Power output and Power output are connected
    ; error
    @(247.65 mm, 83.82 mm): Symbol U1 Pin 8 [VDD2, Power output, Line]
    @(247.65 mm, 83.82 mm): Symbol U1 Pin 8 [VDD2, Power output, Line]
[pin_to_pin]: Pins of type Power output and Power output are connected
    ; error
    @(247.65 mm, 83.82 mm): Symbol U1 Pin 8 [VDD2, Power output, Line]
    @(247.65 mm, 83.82 mm): Symbol U1 Pin 8 [VDD2, Power output, Line]
[pin_to_pin]: Pins of type Power output and Power output are connected
    ; error
    @(247.65 mm, 83.82 mm): Symbol U1 Pin 8 [VDD2, Power output, Line]
    @(247.65 mm, 83.82 mm): Symbol U1 Pin 8 [VDD2, Power output, Line]
[pin_to_pin]: Pins of type Power output and Power output are connected
    ; error
    @(247.65 mm, 96.52 mm): Symbol U1 Pin 5 [GND2, Power output, Line]
    @(247.65 mm, 96.52 mm): Symbol U1 Pin 5 [GND2, Power output, Line]
[pin_to_pin]: Pins of type Power output and Power output are connected
    ; error
    @(247.65 mm, 96.52 mm): Symbol U1 Pin 5 [GND2, Power output, Line]
    @(247.65 mm, 96.52 mm): Symbol U1 Pin 5 [GND2, Power output, Line]
[pin_to_pin]: Pins of type Power output and Power output are connected
    ; error
    @(247.65 mm, 96.52 mm): Symbol U1 Pin 5 [GND2, Power output, Line]
    @(247.65 mm, 96.52 mm): Symbol U1 Pin 5 [GND2, Power output, Line]
[pin_to_pin]: Pins of type Power output and Power output are connected
    ; error
    @(247.65 mm, 96.52 mm): Symbol U1 Pin 5 [GND2, Power output, Line]
    @(247.65 mm, 96.52 mm): Symbol U1 Pin 5 [GND2, Power output, Line]

***** Sheet /homing_interface_Y/
[pin_to_pin]: Pins of type Power output and Power output are connected
    ; error
    @(214.63 mm, 96.52 mm): Symbol U1 Pin 4 [GND1, Power output, Line]
    @(247.65 mm, 96.52 mm): Symbol U1 Pin 5 [GND2, Power output, Line]
[pin_to_pin]: Pins of type Power output and Power output are connected
    ; error
    @(214.63 mm, 96.52 mm): Symbol U1 Pin 4 [GND1, Power output, Line]
    @(247.65 mm, 96.52 mm): Symbol U1 Pin 5 [GND2, Power output, Line]
[pin_to_pin]: Pins of type Power output and Power output are connected
    ; error
    @(214.63 mm, 96.52 mm): Symbol U1 Pin 4 [GND1, Power output, Line]
    @(247.65 mm, 96.52 mm): Symbol U1 Pin 5 [GND2, Power output, Line]
[pin_to_pin]: Pins of type Power output and Power output are connected
    ; error
    @(214.63 mm, 96.52 mm): Symbol U1 Pin 4 [GND1, Power output, Line]
    @(247.65 mm, 96.52 mm): Symbol U1 Pin 5 [GND2, Power output, Line]
[pin_to_pin]: Pins of type Power output and Power output are connected
    ; error
    @(214.63 mm, 96.52 mm): Symbol U1 Pin 4 [GND1, Power output, Line]
    @(247.65 mm, 96.52 mm): Symbol U1 Pin 5 [GND2, Power output, Line]
[pin_to_pin]: Pins of type Unspecified and Passive are connected
    ; warning (excluded)
    @(67.31 mm, 67.31 mm): Symbol J9 Pin 3 [3, Unspecified, Line]
    @(36.83 mm, 129.54 mm): Symbol TP76 Pin 1 [1, Passive, Line]
[pin_to_pin]: Pins of type Unspecified and Passive are connected
    ; warning (excluded)
    @(67.31 mm, 67.31 mm): Symbol J9 Pin 3 [3, Unspecified, Line]
    @(36.83 mm, 129.54 mm): Symbol TP76 Pin 1 [1, Passive, Line]
[pin_to_pin]: Pins of type Unspecified and Passive are connected
    ; warning (excluded)
    @(67.31 mm, 67.31 mm): Symbol J9 Pin 3 [3, Unspecified, Line]
    @(36.83 mm, 129.54 mm): Symbol TP76 Pin 1 [1, Passive, Line]
[pin_to_pin]: Pins of type Unspecified and Passive are connected
    ; warning (excluded)
    @(67.31 mm, 64.77 mm): Symbol J9 Pin 4 [4, Unspecified, Line]
    @(92.71 mm, 64.77 mm): Symbol C39 Pin 2 [Passive, Line]
[pin_to_pin]: Pins of type Unspecified and Passive are connected
    ; warning (excluded)
    @(67.31 mm, 67.31 mm): Symbol J9 Pin 3 [3, Unspecified, Line]
    @(36.83 mm, 129.54 mm): Symbol TP76 Pin 1 [1, Passive, Line]
[pin_to_pin]: Pins of type Unspecified and Passive are connected
    ; warning (excluded)
    @(67.31 mm, 64.77 mm): Symbol J9 Pin 4 [4, Unspecified, Line]
    @(92.71 mm, 64.77 mm): Symbol C39 Pin 2 [Passive, Line]
[pin_to_pin]: Pins of type Unspecified and Passive are connected
    ; warning (excluded)
    @(67.31 mm, 67.31 mm): Symbol J9 Pin 3 [3, Unspecified, Line]
    @(36.83 mm, 129.54 mm): Symbol TP76 Pin 1 [1, Passive, Line]
[pin_to_pin]: Pins of type Unspecified and Passive are connected
    ; warning (excluded)
    @(67.31 mm, 64.77 mm): Symbol J9 Pin 4 [4, Unspecified, Line]
    @(92.71 mm, 64.77 mm): Symbol C39 Pin 2 [Passive, Line]
[pin_to_pin]: Pins of type Unspecified and Passive are connected
    ; warning (excluded)
    @(67.31 mm, 52.07 mm): Symbol J8 Pin 3 [3, Unspecified, Line]
    @(36.83 mm, 121.92 mm): Symbol TP75 Pin 1 [1, Passive, Line]
[pin_to_pin]: Pins of type Unspecified and Passive are connected
    ; warning (excluded)
    @(67.31 mm, 52.07 mm): Symbol J8 Pin 3 [3, Unspecified, Line]
    @(36.83 mm, 121.92 mm): Symbol TP75 Pin 1 [1, Passive, Line]
[pin_to_pin]: Pins of type Unspecified and Passive are connected
    ; warning (excluded)
    @(67.31 mm, 49.53 mm): Symbol J8 Pin 4 [4, Unspecified, Line]
    @(92.71 mm, 49.53 mm): Symbol C38 Pin 2 [Passive, Line]
[pin_to_pin]: Pins of type Unspecified and Passive are connected
    ; warning (excluded)
    @(67.31 mm, 52.07 mm): Symbol J8 Pin 3 [3, Unspecified, Line]
    @(36.83 mm, 121.92 mm): Symbol TP75 Pin 1 [1, Passive, Line]
[pin_to_pin]: Pins of type Unspecified and Passive are connected
    ; warning (excluded)
    @(67.31 mm, 52.07 mm): Symbol J8 Pin 3 [3, Unspecified, Line]
    @(36.83 mm, 121.92 mm): Symbol TP75 Pin 1 [1, Passive, Line]
[pin_to_pin]: Pins of type Unspecified and Passive are connected
    ; warning (excluded)
    @(67.31 mm, 52.07 mm): Symbol J8 Pin 3 [3, Unspecified, Line]
    @(36.83 mm, 121.92 mm): Symbol TP75 Pin 1 [1, Passive, Line]
[pin_to_pin]: Pins of type Unspecified and Passive are connected
    ; warning (excluded)
    @(67.31 mm, 49.53 mm): Symbol J8 Pin 4 [4, Unspecified, Line]
    @(92.71 mm, 49.53 mm): Symbol C38 Pin 2 [Passive, Line]
[pin_to_pin]: Pins of type Unspecified and Passive are connected
    ; warning (excluded)
    @(67.31 mm, 64.77 mm): Symbol J9 Pin 4 [4, Unspecified, Line]
    @(92.71 mm, 64.77 mm): Symbol C39 Pin 2 [Passive, Line]
[pin_to_pin]: Pins of type Unspecified and Passive are connected
    ; warning (excluded)
    @(67.31 mm, 64.77 mm): Symbol J9 Pin 4 [4, Unspecified, Line]
    @(92.71 mm, 64.77 mm): Symbol C39 Pin 2 [Passive, Line]
[pin_to_pin]: Pins of type Unspecified and Passive are connected
    ; warning (excluded)
    @(67.31 mm, 62.23 mm): Symbol J9 Pin 1 [1, Unspecified, Line]
    @(92.71 mm, 57.15 mm): Symbol C39 Pin 1 [Passive, Line]
[pin_to_pin]: Pins of type Unspecified and Passive are connected
    ; warning (excluded)
    @(67.31 mm, 62.23 mm): Symbol J9 Pin 1 [1, Unspecified, Line]
    @(92.71 mm, 57.15 mm): Symbol C39 Pin 1 [Passive, Line]
[pin_to_pin]: Pins of type Unspecified and Passive are connected
    ; warning (excluded)
    @(67.31 mm, 62.23 mm): Symbol J9 Pin 1 [1, Unspecified, Line]
    @(92.71 mm, 57.15 mm): Symbol C39 Pin 1 [Passive, Line]
[multiple_net_names]: Both V_Proxy and +24V_IN are attached to the same items; V_Proxy will be used in the netlist
    ; warning (excluded)
    @(36.83 mm, 114.30 mm): Label 'V_Proxy'
    @(38.10 mm, 25.40 mm): Hierarchical Label '+24V_IN'
    Yes, that was the purpose of the net tie.
[pin_to_pin]: Pins of type Unspecified and Unspecified are connected
    ; warning (excluded)
    @(67.31 mm, 46.99 mm): Symbol J8 Pin 1 [1, Unspecified, Line]
    @(67.31 mm, 62.23 mm): Symbol J9 Pin 1 [1, Unspecified, Line]
[pin_to_pin]: Pins of type Unspecified and Unspecified are connected
    ; warning (excluded)
    @(67.31 mm, 46.99 mm): Symbol J8 Pin 1 [1, Unspecified, Line]
    @(67.31 mm, 62.23 mm): Symbol J9 Pin 1 [1, Unspecified, Line]
[pin_to_pin]: Pins of type Unspecified and Unspecified are connected
    ; warning (excluded)
    @(67.31 mm, 46.99 mm): Symbol J8 Pin 1 [1, Unspecified, Line]
    @(67.31 mm, 62.23 mm): Symbol J9 Pin 1 [1, Unspecified, Line]
[pin_to_pin]: Pins of type Unspecified and Passive are connected
    ; warning (excluded)
    @(67.31 mm, 62.23 mm): Symbol J9 Pin 1 [1, Unspecified, Line]
    @(92.71 mm, 57.15 mm): Symbol C39 Pin 1 [Passive, Line]
[pin_to_pin]: Pins of type Unspecified and Passive are connected
    ; warning (excluded)
    @(67.31 mm, 62.23 mm): Symbol J9 Pin 1 [1, Unspecified, Line]
    @(92.71 mm, 57.15 mm): Symbol C39 Pin 1 [Passive, Line]
[pin_to_pin]: Pins of type Unspecified and Passive are connected
    ; warning (excluded)
    @(67.31 mm, 49.53 mm): Symbol J8 Pin 4 [4, Unspecified, Line]
    @(92.71 mm, 49.53 mm): Symbol C38 Pin 2 [Passive, Line]
[pin_to_pin]: Pins of type Unspecified and Passive are connected
    ; warning (excluded)
    @(67.31 mm, 49.53 mm): Symbol J8 Pin 4 [4, Unspecified, Line]
    @(92.71 mm, 49.53 mm): Symbol C38 Pin 2 [Passive, Line]
[pin_to_pin]: Pins of type Unspecified and Passive are connected
    ; warning (excluded)
    @(67.31 mm, 49.53 mm): Symbol J8 Pin 4 [4, Unspecified, Line]
    @(92.71 mm, 49.53 mm): Symbol C38 Pin 2 [Passive, Line]
[pin_to_pin]: Pins of type Unspecified and Unspecified are connected
    ; warning (excluded)
    @(67.31 mm, 46.99 mm): Symbol J8 Pin 1 [1, Unspecified, Line]
    @(67.31 mm, 62.23 mm): Symbol J9 Pin 1 [1, Unspecified, Line]
[pin_to_pin]: Pins of type Unspecified and Unspecified are connected
    ; warning (excluded)
    @(67.31 mm, 46.99 mm): Symbol J8 Pin 1 [1, Unspecified, Line]
    @(67.31 mm, 62.23 mm): Symbol J9 Pin 1 [1, Unspecified, Line]
[pin_to_pin]: Pins of type Power output and Power output are connected
    ; error
    @(247.65 mm, 83.82 mm): Symbol U1 Pin 8 [VDD2, Power output, Line]
    @(247.65 mm, 83.82 mm): Symbol U1 Pin 8 [VDD2, Power output, Line]
[pin_to_pin]: Pins of type Power output and Power output are connected
    ; error
    @(247.65 mm, 83.82 mm): Symbol U1 Pin 8 [VDD2, Power output, Line]
    @(247.65 mm, 83.82 mm): Symbol U1 Pin 8 [VDD2, Power output, Line]
[pin_to_pin]: Pins of type Power output and Power output are connected
    ; error
    @(247.65 mm, 83.82 mm): Symbol U1 Pin 8 [VDD2, Power output, Line]
    @(247.65 mm, 83.82 mm): Symbol U1 Pin 8 [VDD2, Power output, Line]
[pin_to_pin]: Pins of type Power output and Power output are connected
    ; error
    @(247.65 mm, 83.82 mm): Symbol U1 Pin 8 [VDD2, Power output, Line]
    @(247.65 mm, 83.82 mm): Symbol U1 Pin 8 [VDD2, Power output, Line]
[pin_to_pin]: Pins of type Power output and Power output are connected
    ; error
    @(247.65 mm, 96.52 mm): Symbol U1 Pin 5 [GND2, Power output, Line]
    @(247.65 mm, 96.52 mm): Symbol U1 Pin 5 [GND2, Power output, Line]
[pin_to_pin]: Pins of type Power output and Power output are connected
    ; error
    @(247.65 mm, 96.52 mm): Symbol U1 Pin 5 [GND2, Power output, Line]
    @(247.65 mm, 96.52 mm): Symbol U1 Pin 5 [GND2, Power output, Line]
[pin_to_pin]: Pins of type Power output and Power output are connected
    ; error
    @(247.65 mm, 96.52 mm): Symbol U1 Pin 5 [GND2, Power output, Line]
    @(247.65 mm, 96.52 mm): Symbol U1 Pin 5 [GND2, Power output, Line]
[pin_to_pin]: Pins of type Power output and Power output are connected
    ; error
    @(247.65 mm, 96.52 mm): Symbol U1 Pin 5 [GND2, Power output, Line]
    @(247.65 mm, 96.52 mm): Symbol U1 Pin 5 [GND2, Power output, Line]

***** Sheet /homing_interface_Z/
[pin_to_pin]: Pins of type Power output and Power output are connected
    ; error
    @(214.63 mm, 96.52 mm): Symbol U1 Pin 4 [GND1, Power output, Line]
    @(247.65 mm, 96.52 mm): Symbol U1 Pin 5 [GND2, Power output, Line]
[pin_to_pin]: Pins of type Power output and Power output are connected
    ; error
    @(214.63 mm, 96.52 mm): Symbol U1 Pin 4 [GND1, Power output, Line]
    @(247.65 mm, 96.52 mm): Symbol U1 Pin 5 [GND2, Power output, Line]
[pin_to_pin]: Pins of type Power output and Power output are connected
    ; error
    @(214.63 mm, 96.52 mm): Symbol U1 Pin 4 [GND1, Power output, Line]
    @(247.65 mm, 96.52 mm): Symbol U1 Pin 5 [GND2, Power output, Line]
[pin_to_pin]: Pins of type Power output and Power output are connected
    ; error
    @(214.63 mm, 96.52 mm): Symbol U1 Pin 4 [GND1, Power output, Line]
    @(247.65 mm, 96.52 mm): Symbol U1 Pin 5 [GND2, Power output, Line]
[pin_to_pin]: Pins of type Power output and Power output are connected
    ; error
    @(214.63 mm, 96.52 mm): Symbol U1 Pin 4 [GND1, Power output, Line]
    @(247.65 mm, 96.52 mm): Symbol U1 Pin 5 [GND2, Power output, Line]
[pin_to_pin]: Pins of type Unspecified and Passive are connected
    ; warning (excluded)
    @(67.31 mm, 67.31 mm): Symbol J9 Pin 3 [3, Unspecified, Line]
    @(36.83 mm, 129.54 mm): Symbol TP76 Pin 1 [1, Passive, Line]
[pin_to_pin]: Pins of type Unspecified and Passive are connected
    ; warning (excluded)
    @(67.31 mm, 67.31 mm): Symbol J9 Pin 3 [3, Unspecified, Line]
    @(36.83 mm, 129.54 mm): Symbol TP76 Pin 1 [1, Passive, Line]
[pin_to_pin]: Pins of type Unspecified and Passive are connected
    ; warning (excluded)
    @(67.31 mm, 67.31 mm): Symbol J9 Pin 3 [3, Unspecified, Line]
    @(36.83 mm, 129.54 mm): Symbol TP76 Pin 1 [1, Passive, Line]
[pin_to_pin]: Pins of type Unspecified and Passive are connected
    ; warning (excluded)
    @(67.31 mm, 64.77 mm): Symbol J9 Pin 4 [4, Unspecified, Line]
    @(92.71 mm, 64.77 mm): Symbol C39 Pin 2 [Passive, Line]
[pin_to_pin]: Pins of type Unspecified and Passive are connected
    ; warning (excluded)
    @(67.31 mm, 67.31 mm): Symbol J9 Pin 3 [3, Unspecified, Line]
    @(36.83 mm, 129.54 mm): Symbol TP76 Pin 1 [1, Passive, Line]
[pin_to_pin]: Pins of type Unspecified and Passive are connected
    ; warning (excluded)
    @(67.31 mm, 64.77 mm): Symbol J9 Pin 4 [4, Unspecified, Line]
    @(92.71 mm, 64.77 mm): Symbol C39 Pin 2 [Passive, Line]
[pin_to_pin]: Pins of type Unspecified and Passive are connected
    ; warning (excluded)
    @(67.31 mm, 67.31 mm): Symbol J9 Pin 3 [3, Unspecified, Line]
    @(36.83 mm, 129.54 mm): Symbol TP76 Pin 1 [1, Passive, Line]
[pin_to_pin]: Pins of type Unspecified and Passive are connected
    ; warning (excluded)
    @(67.31 mm, 64.77 mm): Symbol J9 Pin 4 [4, Unspecified, Line]
    @(92.71 mm, 64.77 mm): Symbol C39 Pin 2 [Passive, Line]
[pin_to_pin]: Pins of type Unspecified and Passive are connected
    ; warning (excluded)
    @(67.31 mm, 52.07 mm): Symbol J8 Pin 3 [3, Unspecified, Line]
    @(36.83 mm, 121.92 mm): Symbol TP75 Pin 1 [1, Passive, Line]
[pin_to_pin]: Pins of type Unspecified and Passive are connected
    ; warning (excluded)
    @(67.31 mm, 52.07 mm): Symbol J8 Pin 3 [3, Unspecified, Line]
    @(36.83 mm, 121.92 mm): Symbol TP75 Pin 1 [1, Passive, Line]
[pin_to_pin]: Pins of type Unspecified and Passive are connected
    ; warning (excluded)
    @(67.31 mm, 49.53 mm): Symbol J8 Pin 4 [4, Unspecified, Line]
    @(92.71 mm, 49.53 mm): Symbol C38 Pin 2 [Passive, Line]
[pin_to_pin]: Pins of type Unspecified and Passive are connected
    ; warning (excluded)
    @(67.31 mm, 52.07 mm): Symbol J8 Pin 3 [3, Unspecified, Line]
    @(36.83 mm, 121.92 mm): Symbol TP75 Pin 1 [1, Passive, Line]
[pin_to_pin]: Pins of type Unspecified and Passive are connected
    ; warning (excluded)
    @(67.31 mm, 52.07 mm): Symbol J8 Pin 3 [3, Unspecified, Line]
    @(36.83 mm, 121.92 mm): Symbol TP75 Pin 1 [1, Passive, Line]
[pin_to_pin]: Pins of type Unspecified and Passive are connected
    ; warning (excluded)
    @(67.31 mm, 52.07 mm): Symbol J8 Pin 3 [3, Unspecified, Line]
    @(36.83 mm, 121.92 mm): Symbol TP75 Pin 1 [1, Passive, Line]
[pin_to_pin]: Pins of type Unspecified and Passive are connected
    ; warning (excluded)
    @(67.31 mm, 49.53 mm): Symbol J8 Pin 4 [4, Unspecified, Line]
    @(92.71 mm, 49.53 mm): Symbol C38 Pin 2 [Passive, Line]
[pin_to_pin]: Pins of type Unspecified and Passive are connected
    ; warning (excluded)
    @(67.31 mm, 64.77 mm): Symbol J9 Pin 4 [4, Unspecified, Line]
    @(92.71 mm, 64.77 mm): Symbol C39 Pin 2 [Passive, Line]
[pin_to_pin]: Pins of type Unspecified and Passive are connected
    ; warning (excluded)
    @(67.31 mm, 64.77 mm): Symbol J9 Pin 4 [4, Unspecified, Line]
    @(92.71 mm, 64.77 mm): Symbol C39 Pin 2 [Passive, Line]
[pin_to_pin]: Pins of type Unspecified and Passive are connected
    ; warning (excluded)
    @(67.31 mm, 62.23 mm): Symbol J9 Pin 1 [1, Unspecified, Line]
    @(92.71 mm, 57.15 mm): Symbol C39 Pin 1 [Passive, Line]
[pin_to_pin]: Pins of type Unspecified and Passive are connected
    ; warning (excluded)
    @(67.31 mm, 62.23 mm): Symbol J9 Pin 1 [1, Unspecified, Line]
    @(92.71 mm, 57.15 mm): Symbol C39 Pin 1 [Passive, Line]
[pin_to_pin]: Pins of type Unspecified and Passive are connected
    ; warning (excluded)
    @(67.31 mm, 62.23 mm): Symbol J9 Pin 1 [1, Unspecified, Line]
    @(92.71 mm, 57.15 mm): Symbol C39 Pin 1 [Passive, Line]
[multiple_net_names]: Both V_Proxy and +24V_IN are attached to the same items; V_Proxy will be used in the netlist
    ; warning (excluded)
    @(36.83 mm, 114.30 mm): Label 'V_Proxy'
    @(38.10 mm, 25.40 mm): Hierarchical Label '+24V_IN'
    Yes, that was the purpose of the net tie.
[pin_to_pin]: Pins of type Unspecified and Unspecified are connected
    ; warning (excluded)
    @(67.31 mm, 46.99 mm): Symbol J8 Pin 1 [1, Unspecified, Line]
    @(67.31 mm, 62.23 mm): Symbol J9 Pin 1 [1, Unspecified, Line]
[pin_to_pin]: Pins of type Unspecified and Unspecified are connected
    ; warning (excluded)
    @(67.31 mm, 46.99 mm): Symbol J8 Pin 1 [1, Unspecified, Line]
    @(67.31 mm, 62.23 mm): Symbol J9 Pin 1 [1, Unspecified, Line]
[pin_to_pin]: Pins of type Unspecified and Unspecified are connected
    ; warning (excluded)
    @(67.31 mm, 46.99 mm): Symbol J8 Pin 1 [1, Unspecified, Line]
    @(67.31 mm, 62.23 mm): Symbol J9 Pin 1 [1, Unspecified, Line]
[pin_to_pin]: Pins of type Unspecified and Passive are connected
    ; warning (excluded)
    @(67.31 mm, 62.23 mm): Symbol J9 Pin 1 [1, Unspecified, Line]
    @(92.71 mm, 57.15 mm): Symbol C39 Pin 1 [Passive, Line]
[pin_to_pin]: Pins of type Unspecified and Passive are connected
    ; warning (excluded)
    @(67.31 mm, 62.23 mm): Symbol J9 Pin 1 [1, Unspecified, Line]
    @(92.71 mm, 57.15 mm): Symbol C39 Pin 1 [Passive, Line]
[pin_to_pin]: Pins of type Unspecified and Passive are connected
    ; warning (excluded)
    @(67.31 mm, 49.53 mm): Symbol J8 Pin 4 [4, Unspecified, Line]
    @(92.71 mm, 49.53 mm): Symbol C38 Pin 2 [Passive, Line]
[pin_to_pin]: Pins of type Unspecified and Passive are connected
    ; warning (excluded)
    @(67.31 mm, 49.53 mm): Symbol J8 Pin 4 [4, Unspecified, Line]
    @(92.71 mm, 49.53 mm): Symbol C38 Pin 2 [Passive, Line]
[pin_to_pin]: Pins of type Unspecified and Passive are connected
    ; warning (excluded)
    @(67.31 mm, 49.53 mm): Symbol J8 Pin 4 [4, Unspecified, Line]
    @(92.71 mm, 49.53 mm): Symbol C38 Pin 2 [Passive, Line]
[pin_to_pin]: Pins of type Unspecified and Unspecified are connected
    ; warning (excluded)
    @(67.31 mm, 46.99 mm): Symbol J8 Pin 1 [1, Unspecified, Line]
    @(67.31 mm, 62.23 mm): Symbol J9 Pin 1 [1, Unspecified, Line]
[pin_to_pin]: Pins of type Unspecified and Unspecified are connected
    ; warning (excluded)
    @(67.31 mm, 46.99 mm): Symbol J8 Pin 1 [1, Unspecified, Line]
    @(67.31 mm, 62.23 mm): Symbol J9 Pin 1 [1, Unspecified, Line]
[pin_to_pin]: Pins of type Power output and Power output are connected
    ; error
    @(247.65 mm, 83.82 mm): Symbol U1 Pin 8 [VDD2, Power output, Line]
    @(247.65 mm, 83.82 mm): Symbol U1 Pin 8 [VDD2, Power output, Line]
[pin_to_pin]: Pins of type Power output and Power output are connected
    ; error
    @(247.65 mm, 83.82 mm): Symbol U1 Pin 8 [VDD2, Power output, Line]
    @(247.65 mm, 83.82 mm): Symbol U1 Pin 8 [VDD2, Power output, Line]
[pin_to_pin]: Pins of type Power output and Power output are connected
    ; error
    @(247.65 mm, 83.82 mm): Symbol U1 Pin 8 [VDD2, Power output, Line]
    @(247.65 mm, 83.82 mm): Symbol U1 Pin 8 [VDD2, Power output, Line]
[pin_to_pin]: Pins of type Power output and Power output are connected
    ; error
    @(247.65 mm, 83.82 mm): Symbol U1 Pin 8 [VDD2, Power output, Line]
    @(247.65 mm, 83.82 mm): Symbol U1 Pin 8 [VDD2, Power output, Line]
[pin_to_pin]: Pins of type Power output and Power output are connected
    ; error
    @(247.65 mm, 96.52 mm): Symbol U1 Pin 5 [GND2, Power output, Line]
    @(247.65 mm, 96.52 mm): Symbol U1 Pin 5 [GND2, Power output, Line]
[pin_to_pin]: Pins of type Power output and Power output are connected
    ; error
    @(247.65 mm, 96.52 mm): Symbol U1 Pin 5 [GND2, Power output, Line]
    @(247.65 mm, 96.52 mm): Symbol U1 Pin 5 [GND2, Power output, Line]
[pin_to_pin]: Pins of type Power output and Power output are connected
    ; error
    @(247.65 mm, 96.52 mm): Symbol U1 Pin 5 [GND2, Power output, Line]
    @(247.65 mm, 96.52 mm): Symbol U1 Pin 5 [GND2, Power output, Line]
[pin_to_pin]: Pins of type Power output and Power output are connected
    ; error
    @(247.65 mm, 96.52 mm): Symbol U1 Pin 5 [GND2, Power output, Line]
    @(247.65 mm, 96.52 mm): Symbol U1 Pin 5 [GND2, Power output, Line]

***** Sheet /power_interface/
[multiple_net_names]: Both +24V_EXTERN and +24V_OUT are attached to the same items; +24V_EXTERN will be used in the netlist
    ; warning
    @(44.45 mm, 85.09 mm): Label '+24V_EXTERN'
    @(101.60 mm, 85.09 mm): Hierarchical Label '+24V_OUT'
[pin_to_pin]: Pins of type Power output and Power output are connected
    ; error
    @(95.25 mm, 33.02 mm): Symbol #FLG012 Pin 1 [Power output, Line]
    @(247.65 mm, 83.82 mm): Symbol U1 Pin 8 [VDD2, Power output, Line]

***** Sheet /homing_interface_A/
[pin_to_pin]: Pins of type Power output and Power output are connected
    ; error
    @(214.63 mm, 96.52 mm): Symbol U1 Pin 4 [GND1, Power output, Line]
    @(247.65 mm, 96.52 mm): Symbol U1 Pin 5 [GND2, Power output, Line]
[pin_to_pin]: Pins of type Power output and Power output are connected
    ; error
    @(214.63 mm, 96.52 mm): Symbol U1 Pin 4 [GND1, Power output, Line]
    @(247.65 mm, 96.52 mm): Symbol U1 Pin 5 [GND2, Power output, Line]
[pin_to_pin]: Pins of type Power output and Power output are connected
    ; error
    @(214.63 mm, 96.52 mm): Symbol U1 Pin 4 [GND1, Power output, Line]
    @(247.65 mm, 96.52 mm): Symbol U1 Pin 5 [GND2, Power output, Line]
[pin_to_pin]: Pins of type Power output and Power output are connected
    ; error
    @(214.63 mm, 96.52 mm): Symbol U1 Pin 4 [GND1, Power output, Line]
    @(247.65 mm, 96.52 mm): Symbol U1 Pin 5 [GND2, Power output, Line]
[pin_to_pin]: Pins of type Power output and Power output are connected
    ; error
    @(214.63 mm, 96.52 mm): Symbol U1 Pin 4 [GND1, Power output, Line]
    @(247.65 mm, 96.52 mm): Symbol U1 Pin 5 [GND2, Power output, Line]
[pin_to_pin]: Pins of type Unspecified and Passive are connected
    ; warning (excluded)
    @(67.31 mm, 67.31 mm): Symbol J9 Pin 3 [3, Unspecified, Line]
    @(36.83 mm, 129.54 mm): Symbol TP76 Pin 1 [1, Passive, Line]
[pin_to_pin]: Pins of type Unspecified and Passive are connected
    ; warning (excluded)
    @(67.31 mm, 67.31 mm): Symbol J9 Pin 3 [3, Unspecified, Line]
    @(36.83 mm, 129.54 mm): Symbol TP76 Pin 1 [1, Passive, Line]
[pin_to_pin]: Pins of type Unspecified and Passive are connected
    ; warning (excluded)
    @(67.31 mm, 67.31 mm): Symbol J9 Pin 3 [3, Unspecified, Line]
    @(36.83 mm, 129.54 mm): Symbol TP76 Pin 1 [1, Passive, Line]
[pin_to_pin]: Pins of type Unspecified and Passive are connected
    ; warning (excluded)
    @(67.31 mm, 64.77 mm): Symbol J9 Pin 4 [4, Unspecified, Line]
    @(92.71 mm, 64.77 mm): Symbol C39 Pin 2 [Passive, Line]
[pin_to_pin]: Pins of type Unspecified and Passive are connected
    ; warning (excluded)
    @(67.31 mm, 67.31 mm): Symbol J9 Pin 3 [3, Unspecified, Line]
    @(36.83 mm, 129.54 mm): Symbol TP76 Pin 1 [1, Passive, Line]
[pin_to_pin]: Pins of type Unspecified and Passive are connected
    ; warning (excluded)
    @(67.31 mm, 64.77 mm): Symbol J9 Pin 4 [4, Unspecified, Line]
    @(92.71 mm, 64.77 mm): Symbol C39 Pin 2 [Passive, Line]
[pin_to_pin]: Pins of type Unspecified and Passive are connected
    ; warning (excluded)
    @(67.31 mm, 67.31 mm): Symbol J9 Pin 3 [3, Unspecified, Line]
    @(36.83 mm, 129.54 mm): Symbol TP76 Pin 1 [1, Passive, Line]
[pin_to_pin]: Pins of type Unspecified and Passive are connected
    ; warning (excluded)
    @(67.31 mm, 64.77 mm): Symbol J9 Pin 4 [4, Unspecified, Line]
    @(92.71 mm, 64.77 mm): Symbol C39 Pin 2 [Passive, Line]
[pin_to_pin]: Pins of type Unspecified and Passive are connected
    ; warning (excluded)
    @(67.31 mm, 52.07 mm): Symbol J8 Pin 3 [3, Unspecified, Line]
    @(36.83 mm, 121.92 mm): Symbol TP75 Pin 1 [1, Passive, Line]
[pin_to_pin]: Pins of type Unspecified and Passive are connected
    ; warning (excluded)
    @(67.31 mm, 52.07 mm): Symbol J8 Pin 3 [3, Unspecified, Line]
    @(36.83 mm, 121.92 mm): Symbol TP75 Pin 1 [1, Passive, Line]
[pin_to_pin]: Pins of type Unspecified and Passive are connected
    ; warning (excluded)
    @(67.31 mm, 49.53 mm): Symbol J8 Pin 4 [4, Unspecified, Line]
    @(92.71 mm, 49.53 mm): Symbol C38 Pin 2 [Passive, Line]
[pin_to_pin]: Pins of type Unspecified and Passive are connected
    ; warning (excluded)
    @(67.31 mm, 52.07 mm): Symbol J8 Pin 3 [3, Unspecified, Line]
    @(36.83 mm, 121.92 mm): Symbol TP75 Pin 1 [1, Passive, Line]
[pin_to_pin]: Pins of type Unspecified and Passive are connected
    ; warning (excluded)
    @(67.31 mm, 52.07 mm): Symbol J8 Pin 3 [3, Unspecified, Line]
    @(36.83 mm, 121.92 mm): Symbol TP75 Pin 1 [1, Passive, Line]
[pin_to_pin]: Pins of type Unspecified and Passive are connected
    ; warning (excluded)
    @(67.31 mm, 52.07 mm): Symbol J8 Pin 3 [3, Unspecified, Line]
    @(36.83 mm, 121.92 mm): Symbol TP75 Pin 1 [1, Passive, Line]
[pin_to_pin]: Pins of type Unspecified and Passive are connected
    ; warning (excluded)
    @(67.31 mm, 49.53 mm): Symbol J8 Pin 4 [4, Unspecified, Line]
    @(92.71 mm, 49.53 mm): Symbol C38 Pin 2 [Passive, Line]
[pin_to_pin]: Pins of type Unspecified and Passive are connected
    ; warning (excluded)
    @(67.31 mm, 64.77 mm): Symbol J9 Pin 4 [4, Unspecified, Line]
    @(92.71 mm, 64.77 mm): Symbol C39 Pin 2 [Passive, Line]
[pin_to_pin]: Pins of type Unspecified and Passive are connected
    ; warning (excluded)
    @(67.31 mm, 64.77 mm): Symbol J9 Pin 4 [4, Unspecified, Line]
    @(92.71 mm, 64.77 mm): Symbol C39 Pin 2 [Passive, Line]
[pin_to_pin]: Pins of type Unspecified and Passive are connected
    ; warning (excluded)
    @(67.31 mm, 62.23 mm): Symbol J9 Pin 1 [1, Unspecified, Line]
    @(92.71 mm, 57.15 mm): Symbol C39 Pin 1 [Passive, Line]
[pin_to_pin]: Pins of type Unspecified and Passive are connected
    ; warning (excluded)
    @(67.31 mm, 62.23 mm): Symbol J9 Pin 1 [1, Unspecified, Line]
    @(92.71 mm, 57.15 mm): Symbol C39 Pin 1 [Passive, Line]
[pin_to_pin]: Pins of type Unspecified and Passive are connected
    ; warning (excluded)
    @(67.31 mm, 62.23 mm): Symbol J9 Pin 1 [1, Unspecified, Line]
    @(92.71 mm, 57.15 mm): Symbol C39 Pin 1 [Passive, Line]
[multiple_net_names]: Both V_Proxy and +24V_IN are attached to the same items; V_Proxy will be used in the netlist
    ; warning (excluded)
    @(36.83 mm, 114.30 mm): Label 'V_Proxy'
    @(38.10 mm, 25.40 mm): Hierarchical Label '+24V_IN'
    Yes, that was the purpose of the net tie.
[pin_to_pin]: Pins of type Unspecified and Unspecified are connected
    ; warning (excluded)
    @(67.31 mm, 46.99 mm): Symbol J8 Pin 1 [1, Unspecified, Line]
    @(67.31 mm, 62.23 mm): Symbol J9 Pin 1 [1, Unspecified, Line]
[pin_to_pin]: Pins of type Unspecified and Unspecified are connected
    ; warning (excluded)
    @(67.31 mm, 46.99 mm): Symbol J8 Pin 1 [1, Unspecified, Line]
    @(67.31 mm, 62.23 mm): Symbol J9 Pin 1 [1, Unspecified, Line]
[pin_to_pin]: Pins of type Unspecified and Unspecified are connected
    ; warning (excluded)
    @(67.31 mm, 46.99 mm): Symbol J8 Pin 1 [1, Unspecified, Line]
    @(67.31 mm, 62.23 mm): Symbol J9 Pin 1 [1, Unspecified, Line]
[pin_to_pin]: Pins of type Unspecified and Passive are connected
    ; warning (excluded)
    @(67.31 mm, 62.23 mm): Symbol J9 Pin 1 [1, Unspecified, Line]
    @(92.71 mm, 57.15 mm): Symbol C39 Pin 1 [Passive, Line]
[pin_to_pin]: Pins of type Unspecified and Passive are connected
    ; warning (excluded)
    @(67.31 mm, 62.23 mm): Symbol J9 Pin 1 [1, Unspecified, Line]
    @(92.71 mm, 57.15 mm): Symbol C39 Pin 1 [Passive, Line]
[pin_to_pin]: Pins of type Unspecified and Passive are connected
    ; warning (excluded)
    @(67.31 mm, 49.53 mm): Symbol J8 Pin 4 [4, Unspecified, Line]
    @(92.71 mm, 49.53 mm): Symbol C38 Pin 2 [Passive, Line]
[pin_to_pin]: Pins of type Unspecified and Passive are connected
    ; warning (excluded)
    @(67.31 mm, 49.53 mm): Symbol J8 Pin 4 [4, Unspecified, Line]
    @(92.71 mm, 49.53 mm): Symbol C38 Pin 2 [Passive, Line]
[pin_to_pin]: Pins of type Unspecified and Passive are connected
    ; warning (excluded)
    @(67.31 mm, 49.53 mm): Symbol J8 Pin 4 [4, Unspecified, Line]
    @(92.71 mm, 49.53 mm): Symbol C38 Pin 2 [Passive, Line]
[pin_to_pin]: Pins of type Unspecified and Unspecified are connected
    ; warning (excluded)
    @(67.31 mm, 46.99 mm): Symbol J8 Pin 1 [1, Unspecified, Line]
    @(67.31 mm, 62.23 mm): Symbol J9 Pin 1 [1, Unspecified, Line]
[pin_to_pin]: Pins of type Unspecified and Unspecified are connected
    ; warning (excluded)
    @(67.31 mm, 46.99 mm): Symbol J8 Pin 1 [1, Unspecified, Line]
    @(67.31 mm, 62.23 mm): Symbol J9 Pin 1 [1, Unspecified, Line]
[pin_to_pin]: Pins of type Power output and Power output are connected
    ; error
    @(247.65 mm, 83.82 mm): Symbol U1 Pin 8 [VDD2, Power output, Line]
    @(247.65 mm, 83.82 mm): Symbol U1 Pin 8 [VDD2, Power output, Line]
[pin_to_pin]: Pins of type Power output and Power output are connected
    ; error
    @(247.65 mm, 83.82 mm): Symbol U1 Pin 8 [VDD2, Power output, Line]
    @(247.65 mm, 83.82 mm): Symbol U1 Pin 8 [VDD2, Power output, Line]
[pin_to_pin]: Pins of type Power output and Power output are connected
    ; error
    @(247.65 mm, 83.82 mm): Symbol U1 Pin 8 [VDD2, Power output, Line]
    @(247.65 mm, 83.82 mm): Symbol U1 Pin 8 [VDD2, Power output, Line]
[pin_to_pin]: Pins of type Power output and Power output are connected
    ; error
    @(247.65 mm, 83.82 mm): Symbol U1 Pin 8 [VDD2, Power output, Line]
    @(247.65 mm, 83.82 mm): Symbol U1 Pin 8 [VDD2, Power output, Line]
[pin_to_pin]: Pins of type Power output and Power output are connected
    ; error
    @(247.65 mm, 96.52 mm): Symbol U1 Pin 5 [GND2, Power output, Line]
    @(247.65 mm, 96.52 mm): Symbol U1 Pin 5 [GND2, Power output, Line]
[pin_to_pin]: Pins of type Power output and Power output are connected
    ; error
    @(247.65 mm, 96.52 mm): Symbol U1 Pin 5 [GND2, Power output, Line]
    @(247.65 mm, 96.52 mm): Symbol U1 Pin 5 [GND2, Power output, Line]
[pin_to_pin]: Pins of type Power output and Power output are connected
    ; error
    @(247.65 mm, 96.52 mm): Symbol U1 Pin 5 [GND2, Power output, Line]
    @(247.65 mm, 96.52 mm): Symbol U1 Pin 5 [GND2, Power output, Line]
[pin_to_pin]: Pins of type Power output and Power output are connected
    ; error
    @(247.65 mm, 96.52 mm): Symbol U1 Pin 5 [GND2, Power output, Line]
    @(247.65 mm, 96.52 mm): Symbol U1 Pin 5 [GND2, Power output, Line]

***** Sheet /local_solenoid_drivers/
[hier_label_mismatch]: Hierarchical label SLND_12 has no matching sheet pin in the parent sheet
    ; error
    @(50.80 mm, 81.28 mm): Hierarchical Label 'SLND_12'
[hier_label_mismatch]: Hierarchical label SLND_11 has no matching sheet pin in the parent sheet
    ; error
    @(50.80 mm, 66.04 mm): Hierarchical Label 'SLND_11'

***** Sheet /homing_interface_B/
[pin_to_pin]: Pins of type Power output and Power output are connected
    ; error
    @(214.63 mm, 96.52 mm): Symbol U1 Pin 4 [GND1, Power output, Line]
    @(247.65 mm, 96.52 mm): Symbol U1 Pin 5 [GND2, Power output, Line]
[pin_to_pin]: Pins of type Power output and Power output are connected
    ; error
    @(214.63 mm, 96.52 mm): Symbol U1 Pin 4 [GND1, Power output, Line]
    @(247.65 mm, 96.52 mm): Symbol U1 Pin 5 [GND2, Power output, Line]
[pin_to_pin]: Pins of type Power output and Power output are connected
    ; error
    @(214.63 mm, 96.52 mm): Symbol U1 Pin 4 [GND1, Power output, Line]
    @(247.65 mm, 96.52 mm): Symbol U1 Pin 5 [GND2, Power output, Line]
[pin_to_pin]: Pins of type Power output and Power output are connected
    ; error
    @(214.63 mm, 96.52 mm): Symbol U1 Pin 4 [GND1, Power output, Line]
    @(247.65 mm, 96.52 mm): Symbol U1 Pin 5 [GND2, Power output, Line]
[pin_to_pin]: Pins of type Power output and Power output are connected
    ; error
    @(214.63 mm, 96.52 mm): Symbol U1 Pin 4 [GND1, Power output, Line]
    @(247.65 mm, 96.52 mm): Symbol U1 Pin 5 [GND2, Power output, Line]
[pin_to_pin]: Pins of type Unspecified and Passive are connected
    ; warning (excluded)
    @(67.31 mm, 67.31 mm): Symbol J9 Pin 3 [3, Unspecified, Line]
    @(36.83 mm, 129.54 mm): Symbol TP76 Pin 1 [1, Passive, Line]
[pin_to_pin]: Pins of type Unspecified and Passive are connected
    ; warning (excluded)
    @(67.31 mm, 67.31 mm): Symbol J9 Pin 3 [3, Unspecified, Line]
    @(36.83 mm, 129.54 mm): Symbol TP76 Pin 1 [1, Passive, Line]
[pin_to_pin]: Pins of type Unspecified and Passive are connected
    ; warning (excluded)
    @(67.31 mm, 67.31 mm): Symbol J9 Pin 3 [3, Unspecified, Line]
    @(36.83 mm, 129.54 mm): Symbol TP76 Pin 1 [1, Passive, Line]
[pin_to_pin]: Pins of type Unspecified and Passive are connected
    ; warning (excluded)
    @(67.31 mm, 64.77 mm): Symbol J9 Pin 4 [4, Unspecified, Line]
    @(92.71 mm, 64.77 mm): Symbol C39 Pin 2 [Passive, Line]
[pin_to_pin]: Pins of type Unspecified and Passive are connected
    ; warning (excluded)
    @(67.31 mm, 67.31 mm): Symbol J9 Pin 3 [3, Unspecified, Line]
    @(36.83 mm, 129.54 mm): Symbol TP76 Pin 1 [1, Passive, Line]
[pin_to_pin]: Pins of type Unspecified and Passive are connected
    ; warning (excluded)
    @(67.31 mm, 64.77 mm): Symbol J9 Pin 4 [4, Unspecified, Line]
    @(92.71 mm, 64.77 mm): Symbol C39 Pin 2 [Passive, Line]
[pin_to_pin]: Pins of type Unspecified and Passive are connected
    ; warning (excluded)
    @(67.31 mm, 67.31 mm): Symbol J9 Pin 3 [3, Unspecified, Line]
    @(36.83 mm, 129.54 mm): Symbol TP76 Pin 1 [1, Passive, Line]
[pin_to_pin]: Pins of type Unspecified and Passive are connected
    ; warning (excluded)
    @(67.31 mm, 64.77 mm): Symbol J9 Pin 4 [4, Unspecified, Line]
    @(92.71 mm, 64.77 mm): Symbol C39 Pin 2 [Passive, Line]
[pin_to_pin]: Pins of type Unspecified and Passive are connected
    ; warning (excluded)
    @(67.31 mm, 52.07 mm): Symbol J8 Pin 3 [3, Unspecified, Line]
    @(36.83 mm, 121.92 mm): Symbol TP75 Pin 1 [1, Passive, Line]
[pin_to_pin]: Pins of type Unspecified and Passive are connected
    ; warning (excluded)
    @(67.31 mm, 52.07 mm): Symbol J8 Pin 3 [3, Unspecified, Line]
    @(36.83 mm, 121.92 mm): Symbol TP75 Pin 1 [1, Passive, Line]
[pin_to_pin]: Pins of type Unspecified and Passive are connected
    ; warning (excluded)
    @(67.31 mm, 49.53 mm): Symbol J8 Pin 4 [4, Unspecified, Line]
    @(92.71 mm, 49.53 mm): Symbol C38 Pin 2 [Passive, Line]
[pin_to_pin]: Pins of type Unspecified and Passive are connected
    ; warning (excluded)
    @(67.31 mm, 52.07 mm): Symbol J8 Pin 3 [3, Unspecified, Line]
    @(36.83 mm, 121.92 mm): Symbol TP75 Pin 1 [1, Passive, Line]
[pin_to_pin]: Pins of type Unspecified and Passive are connected
    ; warning (excluded)
    @(67.31 mm, 52.07 mm): Symbol J8 Pin 3 [3, Unspecified, Line]
    @(36.83 mm, 121.92 mm): Symbol TP75 Pin 1 [1, Passive, Line]
[pin_to_pin]: Pins of type Unspecified and Passive are connected
    ; warning (excluded)
    @(67.31 mm, 52.07 mm): Symbol J8 Pin 3 [3, Unspecified, Line]
    @(36.83 mm, 121.92 mm): Symbol TP75 Pin 1 [1, Passive, Line]
[pin_to_pin]: Pins of type Unspecified and Passive are connected
    ; warning (excluded)
    @(67.31 mm, 49.53 mm): Symbol J8 Pin 4 [4, Unspecified, Line]
    @(92.71 mm, 49.53 mm): Symbol C38 Pin 2 [Passive, Line]
[pin_to_pin]: Pins of type Unspecified and Passive are connected
    ; warning (excluded)
    @(67.31 mm, 64.77 mm): Symbol J9 Pin 4 [4, Unspecified, Line]
    @(92.71 mm, 64.77 mm): Symbol C39 Pin 2 [Passive, Line]
[pin_to_pin]: Pins of type Unspecified and Passive are connected
    ; warning (excluded)
    @(67.31 mm, 64.77 mm): Symbol J9 Pin 4 [4, Unspecified, Line]
    @(92.71 mm, 64.77 mm): Symbol C39 Pin 2 [Passive, Line]
[pin_to_pin]: Pins of type Unspecified and Passive are connected
    ; warning (excluded)
    @(67.31 mm, 62.23 mm): Symbol J9 Pin 1 [1, Unspecified, Line]
    @(92.71 mm, 57.15 mm): Symbol C39 Pin 1 [Passive, Line]
[pin_to_pin]: Pins of type Unspecified and Passive are connected
    ; warning (excluded)
    @(67.31 mm, 62.23 mm): Symbol J9 Pin 1 [1, Unspecified, Line]
    @(92.71 mm, 57.15 mm): Symbol C39 Pin 1 [Passive, Line]
[pin_to_pin]: Pins of type Unspecified and Passive are connected
    ; warning (excluded)
    @(67.31 mm, 62.23 mm): Symbol J9 Pin 1 [1, Unspecified, Line]
    @(92.71 mm, 57.15 mm): Symbol C39 Pin 1 [Passive, Line]
[multiple_net_names]: Both V_Proxy and +24V_IN are attached to the same items; V_Proxy will be used in the netlist
    ; warning (excluded)
    @(36.83 mm, 114.30 mm): Label 'V_Proxy'
    @(38.10 mm, 25.40 mm): Hierarchical Label '+24V_IN'
    Yes, that was the purpose of the net tie.
[pin_to_pin]: Pins of type Unspecified and Unspecified are connected
    ; warning (excluded)
    @(67.31 mm, 46.99 mm): Symbol J8 Pin 1 [1, Unspecified, Line]
    @(67.31 mm, 62.23 mm): Symbol J9 Pin 1 [1, Unspecified, Line]
[pin_to_pin]: Pins of type Unspecified and Unspecified are connected
    ; warning (excluded)
    @(67.31 mm, 46.99 mm): Symbol J8 Pin 1 [1, Unspecified, Line]
    @(67.31 mm, 62.23 mm): Symbol J9 Pin 1 [1, Unspecified, Line]
[pin_to_pin]: Pins of type Unspecified and Unspecified are connected
    ; warning (excluded)
    @(67.31 mm, 46.99 mm): Symbol J8 Pin 1 [1, Unspecified, Line]
    @(67.31 mm, 62.23 mm): Symbol J9 Pin 1 [1, Unspecified, Line]
[pin_to_pin]: Pins of type Unspecified and Passive are connected
    ; warning (excluded)
    @(67.31 mm, 62.23 mm): Symbol J9 Pin 1 [1, Unspecified, Line]
    @(92.71 mm, 57.15 mm): Symbol C39 Pin 1 [Passive, Line]
[pin_to_pin]: Pins of type Unspecified and Passive are connected
    ; warning (excluded)
    @(67.31 mm, 62.23 mm): Symbol J9 Pin 1 [1, Unspecified, Line]
    @(92.71 mm, 57.15 mm): Symbol C39 Pin 1 [Passive, Line]
[pin_to_pin]: Pins of type Unspecified and Passive are connected
    ; warning (excluded)
    @(67.31 mm, 49.53 mm): Symbol J8 Pin 4 [4, Unspecified, Line]
    @(92.71 mm, 49.53 mm): Symbol C38 Pin 2 [Passive, Line]
[pin_to_pin]: Pins of type Unspecified and Passive are connected
    ; warning (excluded)
    @(67.31 mm, 49.53 mm): Symbol J8 Pin 4 [4, Unspecified, Line]
    @(92.71 mm, 49.53 mm): Symbol C38 Pin 2 [Passive, Line]
[pin_to_pin]: Pins of type Unspecified and Passive are connected
    ; warning (excluded)
    @(67.31 mm, 49.53 mm): Symbol J8 Pin 4 [4, Unspecified, Line]
    @(92.71 mm, 49.53 mm): Symbol C38 Pin 2 [Passive, Line]
[pin_to_pin]: Pins of type Unspecified and Unspecified are connected
    ; warning (excluded)
    @(67.31 mm, 46.99 mm): Symbol J8 Pin 1 [1, Unspecified, Line]
    @(67.31 mm, 62.23 mm): Symbol J9 Pin 1 [1, Unspecified, Line]
[pin_to_pin]: Pins of type Unspecified and Unspecified are connected
    ; warning (excluded)
    @(67.31 mm, 46.99 mm): Symbol J8 Pin 1 [1, Unspecified, Line]
    @(67.31 mm, 62.23 mm): Symbol J9 Pin 1 [1, Unspecified, Line]
[pin_to_pin]: Pins of type Power output and Power output are connected
    ; error
    @(247.65 mm, 83.82 mm): Symbol U1 Pin 8 [VDD2, Power output, Line]
    @(247.65 mm, 83.82 mm): Symbol U1 Pin 8 [VDD2, Power output, Line]
[pin_to_pin]: Pins of type Power output and Power output are connected
    ; error
    @(247.65 mm, 83.82 mm): Symbol U1 Pin 8 [VDD2, Power output, Line]
    @(247.65 mm, 83.82 mm): Symbol U1 Pin 8 [VDD2, Power output, Line]
[pin_to_pin]: Pins of type Power output and Power output are connected
    ; error
    @(247.65 mm, 83.82 mm): Symbol U1 Pin 8 [VDD2, Power output, Line]
    @(247.65 mm, 83.82 mm): Symbol U1 Pin 8 [VDD2, Power output, Line]
[pin_to_pin]: Pins of type Power output and Power output are connected
    ; error
    @(247.65 mm, 83.82 mm): Symbol U1 Pin 8 [VDD2, Power output, Line]
    @(247.65 mm, 83.82 mm): Symbol U1 Pin 8 [VDD2, Power output, Line]
[pin_to_pin]: Pins of type Power output and Power output are connected
    ; error
    @(247.65 mm, 96.52 mm): Symbol U1 Pin 5 [GND2, Power output, Line]
    @(247.65 mm, 96.52 mm): Symbol U1 Pin 5 [GND2, Power output, Line]
[pin_to_pin]: Pins of type Power output and Power output are connected
    ; error
    @(247.65 mm, 96.52 mm): Symbol U1 Pin 5 [GND2, Power output, Line]
    @(247.65 mm, 96.52 mm): Symbol U1 Pin 5 [GND2, Power output, Line]
[pin_to_pin]: Pins of type Power output and Power output are connected
    ; error
    @(247.65 mm, 96.52 mm): Symbol U1 Pin 5 [GND2, Power output, Line]
    @(247.65 mm, 96.52 mm): Symbol U1 Pin 5 [GND2, Power output, Line]
[pin_to_pin]: Pins of type Power output and Power output are connected
    ; error
    @(247.65 mm, 96.52 mm): Symbol U1 Pin 5 [GND2, Power output, Line]
    @(247.65 mm, 96.52 mm): Symbol U1 Pin 5 [GND2, Power output, Line]

***** Sheet /probe_interface/
[label_dangling]: Label not connected to anything
    ; error
    @(148.59 mm, 81.28 mm): Label 'PROBE_IN'
[unconnected_wire_endpoint]: Unconnected wire endpoint
    ; warning
    @(148.59 mm, 95.25 mm): Horizontal Wire, length 10.16 mm
[unconnected_wire_endpoint]: Unconnected wire endpoint
    ; warning
    @(142.24 mm, 74.93 mm): Horizontal Wire, length 6.35 mm
[no_connect_dangling]: Unconnected "no connection" flag
    ; warning
    @(148.59 mm, 88.90 mm): No Connect
[unconnected_wire_endpoint]: Unconnected wire endpoint
    ; warning
    @(194.31 mm, 74.93 mm): Horizontal Wire, length 7.62 mm
[unconnected_wire_endpoint]: Unconnected wire endpoint
    ; warning
    @(207.01 mm, 81.28 mm): Horizontal Wire, length 20.32 mm
[pin_not_driven]: Input pin not driven by any Output pins
    ; error
    @(209.55 mm, 71.12 mm): Symbol Q45 Pin 1 [G, Input, Line]
[pin_not_connected]: Pin not connected
    ; error
    @(209.55 mm, 71.12 mm): Symbol Q45 Pin 1 [G, Input, Line]
[unconnected_wire_endpoint]: Unconnected wire endpoint
    ; warning
    @(186.69 mm, 95.25 mm): Horizontal Wire, length 8.89 mm
[no_connect_dangling]: Unconnected "no connection" flag
    ; warning
    @(186.69 mm, 88.90 mm): No Connect
[multiple_net_names]: Both V_Proxy and +24V_IN are attached to the same items; V_Proxy will be used in the netlist
    ; warning
    @(63.50 mm, 33.02 mm): Label 'V_Proxy'
    @(38.10 mm, 33.02 mm): Hierarchical Label '+24V_IN'
[pin_to_pin]: Pins of type Unspecified and Passive are connected
    ; warning
    @(67.31 mm, 57.15 mm): Symbol J22 Pin 4 [4, Unspecified, Line]
    @(92.71 mm, 57.15 mm): Symbol C58 Pin 2 [Passive, Line]
[pin_to_pin]: Pins of type Unspecified and Passive are connected
    ; warning
    @(67.31 mm, 59.69 mm): Symbol J22 Pin 3 [3, Unspecified, Line]
    @(36.83 mm, 115.57 mm): Symbol TP100 Pin 1 [1, Passive, Line]
[pin_to_pin]: Pins of type Unspecified and Passive are connected
    ; warning
    @(67.31 mm, 54.61 mm): Symbol J22 Pin 1 [1, Unspecified, Line]
    @(92.71 mm, 49.53 mm): Symbol C58 Pin 1 [Passive, Line]

***** Sheet /digital_gpo/
[unconnected_wire_endpoint]: Unconnected wire endpoint
    ; warning
    @(88.90 mm, 78.74 mm): Horizontal Wire, length 7.62 mm
[unconnected_wire_endpoint]: Unconnected wire endpoint
    ; warning
    @(81.28 mm, 99.06 mm): Horizontal Wire, length 8.89 mm
[unconnected_wire_endpoint]: Unconnected wire endpoint
    ; warning
    @(102.87 mm, 85.09 mm): Horizontal Wire, length 21.59 mm
[unconnected_wire_endpoint]: Unconnected wire endpoint
    ; warning
    @(81.28 mm, 92.71 mm): Horizontal Wire, length 21.59 mm
[unconnected_wire_endpoint]: Unconnected wire endpoint
    ; warning
    @(43.18 mm, 99.06 mm): Horizontal Wire, length 10.16 mm
[unconnected_wire_endpoint]: Unconnected wire endpoint
    ; warning
    @(36.83 mm, 78.74 mm): Horizontal Wire, length 6.35 mm
[label_dangling]: Label not connected to anything
    ; error
    @(43.18 mm, 85.09 mm): Hierarchical Label 'digital_out1'
[label_dangling]: Label not connected to anything
    ; error
    @(43.18 mm, 92.71 mm): Hierarchical Label 'digital_out2'

***** Sheet /digital_gpi/
[unconnected_wire_endpoint]: Unconnected wire endpoint
    ; warning
    @(115.57 mm, 80.01 mm): Horizontal Wire, length 6.35 mm
[label_dangling]: Label not connected to anything
    ; error
    @(121.92 mm, 93.98 mm): Label '24V_digital_input2'
[unconnected_wire_endpoint]: Unconnected wire endpoint
    ; warning
    @(121.92 mm, 100.33 mm): Horizontal Wire, length 10.16 mm
[label_dangling]: Label not connected to anything
    ; error
    @(121.92 mm, 86.36 mm): Label '24V_digital_input1'
[label_dangling]: Label not connected to anything
    ; error
    @(167.64 mm, 68.58 mm): Hierarchical Label '+5V_IN'
[hier_label_mismatch]: Hierarchical label +5V_IN has no matching sheet pin in the parent sheet
    ; error
    @(167.64 mm, 68.58 mm): Hierarchical Label '+5V_IN'
[unconnected_wire_endpoint]: Unconnected wire endpoint
    ; warning
    @(167.64 mm, 80.01 mm): Horizontal Wire, length 7.62 mm
[hier_label_mismatch]: Hierarchical label 5V_digital_input1 has no matching sheet pin in the parent sheet
    ; error
    @(160.02 mm, 86.36 mm): Hierarchical Label '5V_digital_input1'
[label_dangling]: Label not connected to anything
    ; error
    @(160.02 mm, 86.36 mm): Hierarchical Label '5V_digital_input1'
[hier_label_mismatch]: Hierarchical label 5V_digital_input2 has no matching sheet pin in the parent sheet
    ; error
    @(160.02 mm, 93.98 mm): Hierarchical Label '5V_digital_input2'
[unconnected_wire_endpoint]: Unconnected wire endpoint
    ; warning
    @(160.02 mm, 100.33 mm): Horizontal Wire, length 8.89 mm
[label_dangling]: Label not connected to anything
    ; error
    @(160.02 mm, 93.98 mm): Hierarchical Label '5V_digital_input2'

 ** ERC messages: 282  Errors 104  Warnings 178
