01-27 19:15:47 com_github_MitjaNemec_ReplicateLayout.action_replicate_layout 409:Plugin executed on: 'freebsd14'
01-27 19:15:47 com_github_MitjaNemec_ReplicateLayout.action_replicate_layout 410:Plugin executed with python version: '3.11.14 (main, Jan  4 2026, 01:05:52) [Clang 19.1.7 (https://github.com/llvm/llvm-project.git llvmorg-19.1.7-0-gcd7080'
01-27 19:15:47 com_github_MitjaNemec_ReplicateLayout.action_replicate_layout 411:KiCad build version: 9.0.4
01-27 19:15:47 com_github_MitjaNemec_ReplicateLayout.action_replicate_layout 412:Plugin version: 4.0.3
01-27 19:15:47 com_github_MitjaNemec_ReplicateLayout.action_replicate_layout 413:Frame repr: <wx._core.Frame object at 0x14c6c8171ea0>
01-27 19:15:47 com_github_MitjaNemec_ReplicateLayout.action_replicate_layout 437:Preparing replicator with J9 as a reference
01-27 19:15:47 com_github_MitjaNemec_ReplicateLayout.replicate_layout 117:getting a list of all footprints on board
01-27 19:15:47 com_github_MitjaNemec_ReplicateLayout.action_replicate_layout 485:source anchor footprint is 'J9'
Located on: ['/homing_interface_X/']
With filenames: ['homing_interface_.kicad_sch']
With sheet_id:['/homing_interface_X/']
01-27 19:15:47 com_github_MitjaNemec_ReplicateLayout.action_replicate_layout 492:Corresponding footprints are 
[('J11', ['/homing_interface_Y/']), ('J21', ['/homing_interface_B/']), ('J17', ['/homing_interface_A/']), ('J13', ['/homing_interface_Z/']), ('J9', ['/homing_interface_X/'])]
01-27 19:15:47 com_github_MitjaNemec_ReplicateLayout.action_replicate_layout 504:Showing dialog
01-27 19:15:47 com_github_MitjaNemec_ReplicateLayout.replicate_layout 472:constructing a list of sheets suitable for replication on level:'/homing_interface_X/', file:'homing_interface_.kicad_sch'
01-27 19:15:47 com_github_MitjaNemec_ReplicateLayout.replicate_layout 509:suitable sheets are:[['/homing_interface_A/'], ['/homing_interface_B/'], ['/homing_interface_Y/'], ['/homing_interface_Z/']]
01-27 19:15:47 com_github_MitjaNemec_ReplicateLayout.replicate_layout 1512:Level selected: ['/homing_interface_X/']
01-27 19:15:47 com_github_MitjaNemec_ReplicateLayout.replicate_layout 1336:Filtering list of tracks
01-27 19:15:48 com_github_MitjaNemec_ReplicateLayout.action_replicate_layout 510:Toolbar position: wx.Point(1579, 614)
01-27 19:15:48 com_github_MitjaNemec_ReplicateLayout.action_replicate_layout 515:Dialog position: wx.Point(1140, 614)
01-27 19:15:52 com_github_MitjaNemec_ReplicateLayout.replicate_layout 472:constructing a list of sheets suitable for replication on level:'/homing_interface_X/', file:'homing_interface_.kicad_sch'
01-27 19:15:52 com_github_MitjaNemec_ReplicateLayout.replicate_layout 509:suitable sheets are:[['/homing_interface_A/'], ['/homing_interface_B/'], ['/homing_interface_Y/'], ['/homing_interface_Z/']]
01-27 19:15:52 com_github_MitjaNemec_ReplicateLayout.action_replicate_layout 248:Replicating layout
01-27 19:15:52 com_github_MitjaNemec_ReplicateLayout.replicate_layout 288:Starting replication of sheets: [['/homing_interface_A/'], ['/homing_interface_B/'], ['/homing_interface_Y/'], ['/homing_interface_Z/']]
on level: ['/homing_interface_X/']
with tracks=True, zone=True, text=True, text=True, intersecting=False, remove=True, locked footprints=False, group_only=False
01-27 19:15:52 root 340:updating GUI message: 'Preparing for replication'
01-27 19:15:53 root 345:updating GUI with: 0
01-27 19:15:53 com_github_MitjaNemec_ReplicateLayout.replicate_layout 358:Getting the list of source footprints
01-27 19:15:53 root 345:updating GUI with: 0
01-27 19:15:53 com_github_MitjaNemec_ReplicateLayout.replicate_layout 368:Getting the list of all the remaining footprints
01-27 19:15:53 com_github_MitjaNemec_ReplicateLayout.replicate_layout 375:Getting source tracks
01-27 19:15:53 com_github_MitjaNemec_ReplicateLayout.replicate_layout 1336:Filtering list of tracks
01-27 19:15:53 com_github_MitjaNemec_ReplicateLayout.replicate_layout 379:Getting source zones
01-27 19:15:53 root 345:updating GUI with: 50
01-27 19:15:53 com_github_MitjaNemec_ReplicateLayout.replicate_layout 383:Getting source text items
01-27 19:15:53 root 345:updating GUI with: 66
01-27 19:15:53 com_github_MitjaNemec_ReplicateLayout.replicate_layout 387:Getting source drawing items
01-27 19:15:53 com_github_MitjaNemec_ReplicateLayout.replicate_layout 320:Removing tracks and zones, before footprint placement
01-27 19:15:53 root 340:updating GUI message: 'Removing zones and tracks'
01-27 19:15:53 root 345:updating GUI with: 0
01-27 19:15:53 com_github_MitjaNemec_ReplicateLayout.replicate_layout 1282:Remove bounding box top:-28550001, bottom:19010000, Left:166805000, Right:192644200
01-27 19:15:53 root 345:updating GUI with: 25
01-27 19:15:53 com_github_MitjaNemec_ReplicateLayout.replicate_layout 1282:Remove bounding box top:-44465001, bottom:3095000, Left:217370000, Right:243209200
01-27 19:15:53 root 345:updating GUI with: 50
01-27 19:15:53 com_github_MitjaNemec_ReplicateLayout.replicate_layout 1282:Remove bounding box top:-30540001, bottom:17020000, Left:86918291, Right:112757491
01-27 19:15:53 root 345:updating GUI with: 75
01-27 19:15:53 com_github_MitjaNemec_ReplicateLayout.replicate_layout 1282:Remove bounding box top:-26250001, bottom:21310000, Left:127805000, Right:153644200
01-27 19:15:53 root 340:updating GUI message: 'Replicating footprints'
01-27 19:15:53 root 345:updating GUI with: 0
01-27 19:15:53 com_github_MitjaNemec_ReplicateLayout.replicate_layout 863:Replicating footprints
01-27 19:15:53 com_github_MitjaNemec_ReplicateLayout.replicate_layout 870:Replicating footprints on sheet ['/homing_interface_A/']
01-27 19:15:53 com_github_MitjaNemec_ReplicateLayout.replicate_layout 835:Src fp.id: '5BFF43A9-4BFB-4737-8974-3C85AE5E6A00'
01-27 19:15:53 com_github_MitjaNemec_ReplicateLayout.replicate_layout 839:Dst fp.id: '5BFF43A9-4BFB-4737-8974-3C85AE5E6A00'
01-27 19:15:53 com_github_MitjaNemec_ReplicateLayout.replicate_layout 888:Replicating footprint: 'J8'
01-27 19:15:53 com_github_MitjaNemec_ReplicateLayout.replicate_layout 835:Src fp.id: '3E4B73AE-E191-4545-8532-3ADBA0C874AA'
01-27 19:15:53 com_github_MitjaNemec_ReplicateLayout.replicate_layout 839:Dst fp.id: '3E4B73AE-E191-4545-8532-3ADBA0C874AA'
01-27 19:15:53 com_github_MitjaNemec_ReplicateLayout.replicate_layout 895:found match in dst footprint: 'J16'
01-27 19:15:53 com_github_MitjaNemec_ReplicateLayout.replicate_layout 990:Src text UUid:6a8b88ce-cfd9-424f-bbbe-03226b0ff109
01-27 19:15:53 com_github_MitjaNemec_ReplicateLayout.replicate_layout 991:Dst text UUid:6f2a0e26-abe6-40cd-9f83-1c4e9683b45a
01-27 19:15:53 com_github_MitjaNemec_ReplicateLayout.replicate_layout 990:Src text UUid:b15599e4-2368-488a-b9e9-a9a0ec256a8c
01-27 19:15:53 com_github_MitjaNemec_ReplicateLayout.replicate_layout 991:Dst text UUid:7389ad48-09b0-4bbc-9eca-5356d62d5b7b
01-27 19:15:53 com_github_MitjaNemec_ReplicateLayout.replicate_layout 888:Replicating footprint: 'J9'
01-27 19:15:53 com_github_MitjaNemec_ReplicateLayout.replicate_layout 835:Src fp.id: '5BFF43A9-4BFB-4737-8974-3C85AE5E6A00'
01-27 19:15:53 com_github_MitjaNemec_ReplicateLayout.replicate_layout 839:Dst fp.id: '5BFF43A9-4BFB-4737-8974-3C85AE5E6A00'
01-27 19:15:53 com_github_MitjaNemec_ReplicateLayout.replicate_layout 895:found match in dst footprint: 'J17'
01-27 19:15:53 com_github_MitjaNemec_ReplicateLayout.replicate_layout 990:Src text UUid:2491a596-8c70-4976-918d-36cb22f243ae
01-27 19:15:53 com_github_MitjaNemec_ReplicateLayout.replicate_layout 991:Dst text UUid:03abe0dd-569c-4dfd-a1b8-57cebde7696b
01-27 19:15:53 com_github_MitjaNemec_ReplicateLayout.replicate_layout 990:Src text UUid:4acd9e1e-8a33-4900-8737-b28b106aec50
01-27 19:15:53 com_github_MitjaNemec_ReplicateLayout.replicate_layout 991:Dst text UUid:f123d0c3-1ab4-445f-97a5-5989f8da8a2d
01-27 19:15:53 com_github_MitjaNemec_ReplicateLayout.replicate_layout 888:Replicating footprint: 'C19'
01-27 19:15:53 com_github_MitjaNemec_ReplicateLayout.replicate_layout 835:Src fp.id: 'F98788D6-92E3-4969-8205-B78BAB7FD6BD'
01-27 19:15:53 com_github_MitjaNemec_ReplicateLayout.replicate_layout 839:Dst fp.id: 'F98788D6-92E3-4969-8205-B78BAB7FD6BD'
01-27 19:15:53 com_github_MitjaNemec_ReplicateLayout.replicate_layout 895:found match in dst footprint: 'C33'
01-27 19:15:53 com_github_MitjaNemec_ReplicateLayout.replicate_layout 990:Src text UUid:c445c69d-4abb-409e-ad17-6d5fcf42ae4e
01-27 19:15:53 com_github_MitjaNemec_ReplicateLayout.replicate_layout 991:Dst text UUid:6d850c06-c742-456f-b6a6-c7f01e1c20d6
01-27 19:15:53 com_github_MitjaNemec_ReplicateLayout.replicate_layout 990:Src text UUid:e68da68d-cec0-40e4-87f8-e72631920b25
01-27 19:15:53 com_github_MitjaNemec_ReplicateLayout.replicate_layout 991:Dst text UUid:ab6f76df-4ce3-4cfa-a206-84e1472c2d61
01-27 19:15:53 com_github_MitjaNemec_ReplicateLayout.replicate_layout 990:Src text UUid:7bc1f5ce-d6e0-407e-89eb-34afee2f7548
01-27 19:15:53 com_github_MitjaNemec_ReplicateLayout.replicate_layout 991:Dst text UUid:16bc9e8b-81e3-486d-9edc-5d576c18669e
01-27 19:15:53 com_github_MitjaNemec_ReplicateLayout.replicate_layout 888:Replicating footprint: 'C20'
01-27 19:15:53 com_github_MitjaNemec_ReplicateLayout.replicate_layout 835:Src fp.id: 'DBE67803-EAED-4BB0-AAB1-1FD6999C98D6'
01-27 19:15:53 com_github_MitjaNemec_ReplicateLayout.replicate_layout 839:Dst fp.id: 'DBE67803-EAED-4BB0-AAB1-1FD6999C98D6'
01-27 19:15:53 com_github_MitjaNemec_ReplicateLayout.replicate_layout 895:found match in dst footprint: 'C34'
01-27 19:15:53 com_github_MitjaNemec_ReplicateLayout.replicate_layout 990:Src text UUid:709dbd21-3b2a-423e-a823-7234f4f4ccd6
01-27 19:15:53 com_github_MitjaNemec_ReplicateLayout.replicate_layout 991:Dst text UUid:075d3243-bad7-448a-bd8c-0a04d28921e3
01-27 19:15:53 com_github_MitjaNemec_ReplicateLayout.replicate_layout 990:Src text UUid:b8853940-a491-4fa2-a745-4473dd2e1c85
01-27 19:15:53 com_github_MitjaNemec_ReplicateLayout.replicate_layout 991:Dst text UUid:c0fc4170-274b-416b-a988-81e5ac3e1c9d
01-27 19:15:53 com_github_MitjaNemec_ReplicateLayout.replicate_layout 990:Src text UUid:73000935-5425-4c10-b0d0-265612d81a4a
01-27 19:15:53 com_github_MitjaNemec_ReplicateLayout.replicate_layout 991:Dst text UUid:37cbffb4-1884-42c3-9fae-94860bf08b4a
01-27 19:15:53 com_github_MitjaNemec_ReplicateLayout.replicate_layout 888:Replicating footprint: 'C21'
01-27 19:15:53 com_github_MitjaNemec_ReplicateLayout.replicate_layout 835:Src fp.id: 'CDAC5A8B-2E06-4A8F-A9C9-8B38F4386407'
01-27 19:15:53 com_github_MitjaNemec_ReplicateLayout.replicate_layout 839:Dst fp.id: 'CDAC5A8B-2E06-4A8F-A9C9-8B38F4386407'
01-27 19:15:53 com_github_MitjaNemec_ReplicateLayout.replicate_layout 895:found match in dst footprint: 'C35'
01-27 19:15:53 com_github_MitjaNemec_ReplicateLayout.replicate_layout 990:Src text UUid:55dc9c55-8624-4f99-93e1-7bc32733490d
01-27 19:15:53 com_github_MitjaNemec_ReplicateLayout.replicate_layout 991:Dst text UUid:c157c614-f516-4490-8d03-2de7abada43c
01-27 19:15:53 com_github_MitjaNemec_ReplicateLayout.replicate_layout 990:Src text UUid:c8e74f5b-1edb-4cfc-b0d5-3213e094bde6
01-27 19:15:53 com_github_MitjaNemec_ReplicateLayout.replicate_layout 991:Dst text UUid:dee08630-8bb3-4271-89d7-d110a708efa4
01-27 19:15:53 com_github_MitjaNemec_ReplicateLayout.replicate_layout 990:Src text UUid:eae8e24d-92de-48b5-9da6-0f0aa9db869b
01-27 19:15:53 com_github_MitjaNemec_ReplicateLayout.replicate_layout 991:Dst text UUid:093310f5-4823-466a-a713-52e374347c8b
01-27 19:15:53 com_github_MitjaNemec_ReplicateLayout.replicate_layout 888:Replicating footprint: 'C22'
01-27 19:15:53 root 345:updating GUI with: 8
01-27 19:15:53 com_github_MitjaNemec_ReplicateLayout.replicate_layout 835:Src fp.id: '25E2E6FB-5B0E-494B-88CA-E7985FA51D2C'
01-27 19:15:53 com_github_MitjaNemec_ReplicateLayout.replicate_layout 839:Dst fp.id: '25E2E6FB-5B0E-494B-88CA-E7985FA51D2C'
01-27 19:15:53 com_github_MitjaNemec_ReplicateLayout.replicate_layout 895:found match in dst footprint: 'C36'
01-27 19:15:53 com_github_MitjaNemec_ReplicateLayout.replicate_layout 990:Src text UUid:95647636-dbe0-4e8e-b05e-f67ce7f4b966
01-27 19:15:53 com_github_MitjaNemec_ReplicateLayout.replicate_layout 991:Dst text UUid:b2d80e06-2a90-4493-b64d-1a2f663ecc63
01-27 19:15:53 com_github_MitjaNemec_ReplicateLayout.replicate_layout 990:Src text UUid:989f0dc8-ad1f-4c00-ba58-24d25c4a1628
01-27 19:15:53 com_github_MitjaNemec_ReplicateLayout.replicate_layout 991:Dst text UUid:0de7b622-a4b4-4d7b-9899-35ef15ae1e1c
01-27 19:15:53 com_github_MitjaNemec_ReplicateLayout.replicate_layout 990:Src text UUid:6f48d718-d419-401e-9d99-38f8ca0ab4fc
01-27 19:15:53 com_github_MitjaNemec_ReplicateLayout.replicate_layout 991:Dst text UUid:4c229d83-9b35-4da0-b06d-e64a2b4a1d8e
01-27 19:15:53 com_github_MitjaNemec_ReplicateLayout.replicate_layout 888:Replicating footprint: 'TP84'
01-27 19:15:53 com_github_MitjaNemec_ReplicateLayout.replicate_layout 835:Src fp.id: '286D0A34-3BE4-4F46-AC28-AC1E5B7563AB'
01-27 19:15:53 com_github_MitjaNemec_ReplicateLayout.replicate_layout 839:Dst fp.id: '286D0A34-3BE4-4F46-AC28-AC1E5B7563AB'
01-27 19:15:53 com_github_MitjaNemec_ReplicateLayout.replicate_layout 895:found match in dst footprint: 'TP99'
01-27 19:15:53 com_github_MitjaNemec_ReplicateLayout.replicate_layout 990:Src text UUid:4a64738a-7a41-472a-834f-bb23e4a0e1b3
01-27 19:15:53 com_github_MitjaNemec_ReplicateLayout.replicate_layout 991:Dst text UUid:d0ea4cef-e69b-4bea-b41c-21c5e6fcbdfa
01-27 19:15:53 com_github_MitjaNemec_ReplicateLayout.replicate_layout 990:Src text UUid:8da1757a-5e3d-457e-8887-6e4828597a73
01-27 19:15:53 com_github_MitjaNemec_ReplicateLayout.replicate_layout 991:Dst text UUid:2afee6fb-3b56-48b1-90d7-b954b37404ef
01-27 19:15:53 com_github_MitjaNemec_ReplicateLayout.replicate_layout 888:Replicating footprint: 'R24'
01-27 19:15:53 com_github_MitjaNemec_ReplicateLayout.replicate_layout 835:Src fp.id: 'F1F20F90-45E3-4656-B8B6-0A4BFAA2CB09'
01-27 19:15:53 com_github_MitjaNemec_ReplicateLayout.replicate_layout 839:Dst fp.id: 'F1F20F90-45E3-4656-B8B6-0A4BFAA2CB09'
01-27 19:15:53 com_github_MitjaNemec_ReplicateLayout.replicate_layout 895:found match in dst footprint: 'R39'
01-27 19:15:53 com_github_MitjaNemec_ReplicateLayout.replicate_layout 990:Src text UUid:63ac9b9e-6d62-4a94-9356-570c3536e2bb
01-27 19:15:53 com_github_MitjaNemec_ReplicateLayout.replicate_layout 991:Dst text UUid:e89b86b8-bcc7-4f21-8ff5-b0f1eaa23a59
01-27 19:15:53 com_github_MitjaNemec_ReplicateLayout.replicate_layout 990:Src text UUid:81212f68-873f-4e95-a71d-8148d9b9cf2a
01-27 19:15:53 com_github_MitjaNemec_ReplicateLayout.replicate_layout 991:Dst text UUid:3c64945e-b21b-45d6-8571-4cb3a0bf8edd
01-27 19:15:53 com_github_MitjaNemec_ReplicateLayout.replicate_layout 990:Src text UUid:73a9dc91-e8ca-49bf-8ea2-cfee94201431
01-27 19:15:53 com_github_MitjaNemec_ReplicateLayout.replicate_layout 991:Dst text UUid:a5f39c25-a33f-4199-b23e-a78bd96d80bb
01-27 19:15:53 com_github_MitjaNemec_ReplicateLayout.replicate_layout 888:Replicating footprint: 'R25'
01-27 19:15:53 com_github_MitjaNemec_ReplicateLayout.replicate_layout 835:Src fp.id: 'CB48C251-E6F2-46D0-BE20-BAF3FE944B0C'
01-27 19:15:53 com_github_MitjaNemec_ReplicateLayout.replicate_layout 839:Dst fp.id: 'CB48C251-E6F2-46D0-BE20-BAF3FE944B0C'
01-27 19:15:53 com_github_MitjaNemec_ReplicateLayout.replicate_layout 895:found match in dst footprint: 'R40'
01-27 19:15:53 com_github_MitjaNemec_ReplicateLayout.replicate_layout 990:Src text UUid:1bf6a626-783f-4cee-ab8c-00e91d319cc0
01-27 19:15:53 com_github_MitjaNemec_ReplicateLayout.replicate_layout 991:Dst text UUid:6c7af744-01d4-4e60-9cca-bc9dea78f7e5
01-27 19:15:53 com_github_MitjaNemec_ReplicateLayout.replicate_layout 990:Src text UUid:f00e23f7-8f66-49c0-93f2-46e68201b89d
01-27 19:15:53 com_github_MitjaNemec_ReplicateLayout.replicate_layout 991:Dst text UUid:a27e2638-c13c-499e-9d95-e91ecb2dc908
01-27 19:15:53 com_github_MitjaNemec_ReplicateLayout.replicate_layout 990:Src text UUid:eaf585d0-aabb-45a3-8893-497125af8f0a
01-27 19:15:53 com_github_MitjaNemec_ReplicateLayout.replicate_layout 991:Dst text UUid:b51a89e9-8ca5-4c4e-bec0-bece1815da93
01-27 19:15:53 com_github_MitjaNemec_ReplicateLayout.replicate_layout 888:Replicating footprint: 'TP82'
01-27 19:15:53 com_github_MitjaNemec_ReplicateLayout.replicate_layout 835:Src fp.id: 'E8D2BAFD-3D9A-499E-BD25-BB58ACEDABF8'
01-27 19:15:53 com_github_MitjaNemec_ReplicateLayout.replicate_layout 839:Dst fp.id: 'E8D2BAFD-3D9A-499E-BD25-BB58ACEDABF8'
01-27 19:15:53 com_github_MitjaNemec_ReplicateLayout.replicate_layout 895:found match in dst footprint: 'TP97'
01-27 19:15:53 com_github_MitjaNemec_ReplicateLayout.replicate_layout 990:Src text UUid:197d104b-1788-4308-b2f8-da74fead65de
01-27 19:15:53 com_github_MitjaNemec_ReplicateLayout.replicate_layout 991:Dst text UUid:f7e8d1ea-9214-43a3-88ac-592c4aa6fada
01-27 19:15:53 com_github_MitjaNemec_ReplicateLayout.replicate_layout 990:Src text UUid:aade42a3-d28c-42db-bd46-e57edd3298f5
01-27 19:15:53 com_github_MitjaNemec_ReplicateLayout.replicate_layout 991:Dst text UUid:d58ee43c-9070-4f42-a1fa-8d0e0c7fb9df
01-27 19:15:53 com_github_MitjaNemec_ReplicateLayout.replicate_layout 888:Replicating footprint: 'TP81'
01-27 19:15:53 com_github_MitjaNemec_ReplicateLayout.replicate_layout 835:Src fp.id: '5BEF528E-DCB2-4544-B012-3F4BA46B72DA'
01-27 19:15:53 com_github_MitjaNemec_ReplicateLayout.replicate_layout 839:Dst fp.id: '5BEF528E-DCB2-4544-B012-3F4BA46B72DA'
01-27 19:15:53 com_github_MitjaNemec_ReplicateLayout.replicate_layout 895:found match in dst footprint: 'TP96'
01-27 19:15:53 com_github_MitjaNemec_ReplicateLayout.replicate_layout 990:Src text UUid:e76ff0c7-987d-4379-a20e-385ad396ae64
01-27 19:15:53 com_github_MitjaNemec_ReplicateLayout.replicate_layout 991:Dst text UUid:72144e4f-9c53-4060-bc92-e06d4b068aa8
01-27 19:15:53 com_github_MitjaNemec_ReplicateLayout.replicate_layout 990:Src text UUid:fd27f668-32c0-4cf1-8bda-74ab97792323
01-27 19:15:53 com_github_MitjaNemec_ReplicateLayout.replicate_layout 991:Dst text UUid:197db922-6f00-4a08-9c73-41a5f9932a40
01-27 19:15:53 com_github_MitjaNemec_ReplicateLayout.replicate_layout 888:Replicating footprint: 'TP83'
01-27 19:15:53 root 345:updating GUI with: 17
01-27 19:15:53 com_github_MitjaNemec_ReplicateLayout.replicate_layout 835:Src fp.id: '4FF15909-EF0B-4BE7-8E9A-C0A741C12B17'
01-27 19:15:53 com_github_MitjaNemec_ReplicateLayout.replicate_layout 839:Dst fp.id: '4FF15909-EF0B-4BE7-8E9A-C0A741C12B17'
01-27 19:15:53 com_github_MitjaNemec_ReplicateLayout.replicate_layout 895:found match in dst footprint: 'TP98'
01-27 19:15:53 com_github_MitjaNemec_ReplicateLayout.replicate_layout 990:Src text UUid:8b8901f6-ee1b-4d0d-9be4-3d4c28da0ce6
01-27 19:15:53 com_github_MitjaNemec_ReplicateLayout.replicate_layout 991:Dst text UUid:ac06182f-b008-49fd-9462-a580588b9df6
01-27 19:15:53 com_github_MitjaNemec_ReplicateLayout.replicate_layout 990:Src text UUid:d5e08539-3e58-4f60-b995-eec596765ccf
01-27 19:15:53 com_github_MitjaNemec_ReplicateLayout.replicate_layout 991:Dst text UUid:4831a2a4-fa50-4492-bb51-2f2aa3559c62
01-27 19:15:53 com_github_MitjaNemec_ReplicateLayout.replicate_layout 888:Replicating footprint: 'TP80'
01-27 19:15:53 com_github_MitjaNemec_ReplicateLayout.replicate_layout 835:Src fp.id: '3ABEEA17-0AD2-4B12-96B0-C75BA4AEF90D'
01-27 19:15:53 com_github_MitjaNemec_ReplicateLayout.replicate_layout 839:Dst fp.id: '3ABEEA17-0AD2-4B12-96B0-C75BA4AEF90D'
01-27 19:15:53 com_github_MitjaNemec_ReplicateLayout.replicate_layout 895:found match in dst footprint: 'TP95'
01-27 19:15:53 com_github_MitjaNemec_ReplicateLayout.replicate_layout 990:Src text UUid:9e09e8ba-64f7-4201-8893-9005608371d8
01-27 19:15:53 com_github_MitjaNemec_ReplicateLayout.replicate_layout 991:Dst text UUid:ea067abf-5803-4c69-8011-cadf1628ca73
01-27 19:15:53 com_github_MitjaNemec_ReplicateLayout.replicate_layout 990:Src text UUid:1544216b-ac80-4095-8cf8-875def1a5552
01-27 19:15:53 com_github_MitjaNemec_ReplicateLayout.replicate_layout 991:Dst text UUid:9a29e740-1070-4115-a127-5f3df4991b5e
01-27 19:15:53 com_github_MitjaNemec_ReplicateLayout.replicate_layout 888:Replicating footprint: 'U14'
01-27 19:15:53 com_github_MitjaNemec_ReplicateLayout.replicate_layout 835:Src fp.id: '443C087F-DF7E-4A06-A282-4CB36A70E3A9'
01-27 19:15:53 com_github_MitjaNemec_ReplicateLayout.replicate_layout 839:Dst fp.id: '443C087F-DF7E-4A06-A282-4CB36A70E3A9'
01-27 19:15:53 com_github_MitjaNemec_ReplicateLayout.replicate_layout 895:found match in dst footprint: 'U22'
01-27 19:15:53 com_github_MitjaNemec_ReplicateLayout.replicate_layout 990:Src text UUid:e70dea2e-303e-451f-a11e-56b9964ee89b
01-27 19:15:53 com_github_MitjaNemec_ReplicateLayout.replicate_layout 991:Dst text UUid:206b6229-964e-4086-974c-3b4822a6b6b1
01-27 19:15:53 com_github_MitjaNemec_ReplicateLayout.replicate_layout 990:Src text UUid:deba58ce-f200-40b6-bcac-9517d1c8d6ad
01-27 19:15:53 com_github_MitjaNemec_ReplicateLayout.replicate_layout 991:Dst text UUid:d87e22ac-6f6d-499e-800b-5f2c5199aa6e
01-27 19:15:53 com_github_MitjaNemec_ReplicateLayout.replicate_layout 990:Src text UUid:5c85215c-475a-4c04-ab5d-7cee7cae1aed
01-27 19:15:53 com_github_MitjaNemec_ReplicateLayout.replicate_layout 991:Dst text UUid:40d53540-f134-42c5-8f17-cd4b3f03beec
01-27 19:15:53 com_github_MitjaNemec_ReplicateLayout.replicate_layout 888:Replicating footprint: 'R23'
01-27 19:15:53 com_github_MitjaNemec_ReplicateLayout.replicate_layout 835:Src fp.id: 'E6868A95-3D5F-4FB9-9926-0B614F96DCFD'
01-27 19:15:53 com_github_MitjaNemec_ReplicateLayout.replicate_layout 839:Dst fp.id: 'E6868A95-3D5F-4FB9-9926-0B614F96DCFD'
01-27 19:15:53 com_github_MitjaNemec_ReplicateLayout.replicate_layout 895:found match in dst footprint: 'R38'
01-27 19:15:53 com_github_MitjaNemec_ReplicateLayout.replicate_layout 990:Src text UUid:8b70a866-8f64-4e8b-b5e1-70e3c976af48
01-27 19:15:53 com_github_MitjaNemec_ReplicateLayout.replicate_layout 991:Dst text UUid:701def4c-f4f1-4d2c-bbf1-545d576e6a4b
01-27 19:15:53 com_github_MitjaNemec_ReplicateLayout.replicate_layout 990:Src text UUid:b4cbc930-5d69-4163-a556-8ddcacf9dd58
01-27 19:15:53 com_github_MitjaNemec_ReplicateLayout.replicate_layout 991:Dst text UUid:2e42c2d1-ab44-4f93-a678-0e28cce320de
01-27 19:15:53 com_github_MitjaNemec_ReplicateLayout.replicate_layout 990:Src text UUid:f071a3be-6c15-4a86-a876-ae1acae0e740
01-27 19:15:53 com_github_MitjaNemec_ReplicateLayout.replicate_layout 991:Dst text UUid:eee38c29-ccdc-4f0a-a574-3d6a081fb9ac
01-27 19:15:53 com_github_MitjaNemec_ReplicateLayout.replicate_layout 888:Replicating footprint: 'R22'
01-27 19:15:53 com_github_MitjaNemec_ReplicateLayout.replicate_layout 835:Src fp.id: 'C7BCAF45-9A8D-4CC5-BA79-015A8A921FED'
01-27 19:15:53 com_github_MitjaNemec_ReplicateLayout.replicate_layout 839:Dst fp.id: 'C7BCAF45-9A8D-4CC5-BA79-015A8A921FED'
01-27 19:15:53 com_github_MitjaNemec_ReplicateLayout.replicate_layout 895:found match in dst footprint: 'R37'
01-27 19:15:53 com_github_MitjaNemec_ReplicateLayout.replicate_layout 990:Src text UUid:a555456c-920d-4cc3-83b4-97081d854da9
01-27 19:15:53 com_github_MitjaNemec_ReplicateLayout.replicate_layout 991:Dst text UUid:885f704c-fc8f-42cc-922e-e20119f0e2e4
01-27 19:15:53 com_github_MitjaNemec_ReplicateLayout.replicate_layout 990:Src text UUid:dc6fce73-0b11-4a90-bd65-9a22193a9afa
01-27 19:15:53 com_github_MitjaNemec_ReplicateLayout.replicate_layout 991:Dst text UUid:2ebace04-373a-4798-a14c-5756b709295a
01-27 19:15:53 com_github_MitjaNemec_ReplicateLayout.replicate_layout 990:Src text UUid:25861147-3ae1-4051-8036-ae052106ff24
01-27 19:15:53 com_github_MitjaNemec_ReplicateLayout.replicate_layout 991:Dst text UUid:091c2d5d-5b1f-4529-a2b0-88e20006d67d
01-27 19:15:53 com_github_MitjaNemec_ReplicateLayout.replicate_layout 888:Replicating footprint: 'U15'
01-27 19:15:53 com_github_MitjaNemec_ReplicateLayout.replicate_layout 835:Src fp.id: '15B46DD4-6A58-428B-842F-97E06AF24594'
01-27 19:15:53 com_github_MitjaNemec_ReplicateLayout.replicate_layout 839:Dst fp.id: '15B46DD4-6A58-428B-842F-97E06AF24594'
01-27 19:15:53 com_github_MitjaNemec_ReplicateLayout.replicate_layout 895:found match in dst footprint: 'U23'
01-27 19:15:53 com_github_MitjaNemec_ReplicateLayout.replicate_layout 990:Src text UUid:dc8ff84b-1931-4348-8d23-4a19dfd6ff26
01-27 19:15:53 com_github_MitjaNemec_ReplicateLayout.replicate_layout 991:Dst text UUid:291a31ba-a56f-41fa-8eb0-560b33123877
01-27 19:15:53 com_github_MitjaNemec_ReplicateLayout.replicate_layout 990:Src text UUid:549d5ffc-d5ad-467a-8bad-591c7bdcbb0c
01-27 19:15:53 com_github_MitjaNemec_ReplicateLayout.replicate_layout 991:Dst text UUid:86ce9d09-6753-4756-8fb4-b5c580f623bf
01-27 19:15:53 com_github_MitjaNemec_ReplicateLayout.replicate_layout 990:Src text UUid:eddb3196-52c1-4d24-b137-6a0443c15bb1
01-27 19:15:53 com_github_MitjaNemec_ReplicateLayout.replicate_layout 991:Dst text UUid:2df75592-502d-4848-8e03-50e8cde0580e
01-27 19:15:53 root 345:updating GUI with: 25
01-27 19:15:53 com_github_MitjaNemec_ReplicateLayout.replicate_layout 870:Replicating footprints on sheet ['/homing_interface_B/']
01-27 19:15:53 com_github_MitjaNemec_ReplicateLayout.replicate_layout 835:Src fp.id: '5BFF43A9-4BFB-4737-8974-3C85AE5E6A00'
01-27 19:15:53 com_github_MitjaNemec_ReplicateLayout.replicate_layout 839:Dst fp.id: '5BFF43A9-4BFB-4737-8974-3C85AE5E6A00'
01-27 19:15:53 com_github_MitjaNemec_ReplicateLayout.replicate_layout 888:Replicating footprint: 'J8'
01-27 19:15:53 com_github_MitjaNemec_ReplicateLayout.replicate_layout 835:Src fp.id: '3E4B73AE-E191-4545-8532-3ADBA0C874AA'
01-27 19:15:53 com_github_MitjaNemec_ReplicateLayout.replicate_layout 839:Dst fp.id: '3E4B73AE-E191-4545-8532-3ADBA0C874AA'
01-27 19:15:53 com_github_MitjaNemec_ReplicateLayout.replicate_layout 895:found match in dst footprint: 'J20'
01-27 19:15:53 com_github_MitjaNemec_ReplicateLayout.replicate_layout 990:Src text UUid:6a8b88ce-cfd9-424f-bbbe-03226b0ff109
01-27 19:15:53 com_github_MitjaNemec_ReplicateLayout.replicate_layout 991:Dst text UUid:7b67c88a-957b-435d-a445-b7e18f8de787
01-27 19:15:53 com_github_MitjaNemec_ReplicateLayout.replicate_layout 990:Src text UUid:b15599e4-2368-488a-b9e9-a9a0ec256a8c
01-27 19:15:53 com_github_MitjaNemec_ReplicateLayout.replicate_layout 991:Dst text UUid:9f067f70-fa62-47dd-9a67-d029c1e77b60
01-27 19:15:53 com_github_MitjaNemec_ReplicateLayout.replicate_layout 888:Replicating footprint: 'J9'
01-27 19:15:53 com_github_MitjaNemec_ReplicateLayout.replicate_layout 835:Src fp.id: '5BFF43A9-4BFB-4737-8974-3C85AE5E6A00'
01-27 19:15:53 com_github_MitjaNemec_ReplicateLayout.replicate_layout 839:Dst fp.id: '5BFF43A9-4BFB-4737-8974-3C85AE5E6A00'
01-27 19:15:53 com_github_MitjaNemec_ReplicateLayout.replicate_layout 895:found match in dst footprint: 'J21'
01-27 19:15:53 com_github_MitjaNemec_ReplicateLayout.replicate_layout 990:Src text UUid:2491a596-8c70-4976-918d-36cb22f243ae
01-27 19:15:53 com_github_MitjaNemec_ReplicateLayout.replicate_layout 991:Dst text UUid:ca144d1d-fd23-457c-8f30-96323fd676ea
01-27 19:15:53 com_github_MitjaNemec_ReplicateLayout.replicate_layout 990:Src text UUid:4acd9e1e-8a33-4900-8737-b28b106aec50
01-27 19:15:53 com_github_MitjaNemec_ReplicateLayout.replicate_layout 991:Dst text UUid:897dda75-748a-4e68-a573-14364fbed7cf
01-27 19:15:53 com_github_MitjaNemec_ReplicateLayout.replicate_layout 888:Replicating footprint: 'C19'
01-27 19:15:53 com_github_MitjaNemec_ReplicateLayout.replicate_layout 835:Src fp.id: 'F98788D6-92E3-4969-8205-B78BAB7FD6BD'
01-27 19:15:53 com_github_MitjaNemec_ReplicateLayout.replicate_layout 839:Dst fp.id: 'F98788D6-92E3-4969-8205-B78BAB7FD6BD'
01-27 19:15:53 com_github_MitjaNemec_ReplicateLayout.replicate_layout 895:found match in dst footprint: 'C37'
01-27 19:15:53 com_github_MitjaNemec_ReplicateLayout.replicate_layout 990:Src text UUid:c445c69d-4abb-409e-ad17-6d5fcf42ae4e
01-27 19:15:53 com_github_MitjaNemec_ReplicateLayout.replicate_layout 991:Dst text UUid:7d50e02f-cc9a-4669-96a6-035331716d36
01-27 19:15:53 com_github_MitjaNemec_ReplicateLayout.replicate_layout 990:Src text UUid:e68da68d-cec0-40e4-87f8-e72631920b25
01-27 19:15:53 com_github_MitjaNemec_ReplicateLayout.replicate_layout 991:Dst text UUid:f89a67e3-06f1-40c0-8713-e2b6d9d93542
01-27 19:15:53 com_github_MitjaNemec_ReplicateLayout.replicate_layout 990:Src text UUid:7bc1f5ce-d6e0-407e-89eb-34afee2f7548
01-27 19:15:53 com_github_MitjaNemec_ReplicateLayout.replicate_layout 991:Dst text UUid:a154348e-137d-4e40-929f-bb34f6bfef89
01-27 19:15:53 com_github_MitjaNemec_ReplicateLayout.replicate_layout 888:Replicating footprint: 'C20'
01-27 19:15:53 com_github_MitjaNemec_ReplicateLayout.replicate_layout 835:Src fp.id: 'DBE67803-EAED-4BB0-AAB1-1FD6999C98D6'
01-27 19:15:53 com_github_MitjaNemec_ReplicateLayout.replicate_layout 839:Dst fp.id: 'DBE67803-EAED-4BB0-AAB1-1FD6999C98D6'
01-27 19:15:53 com_github_MitjaNemec_ReplicateLayout.replicate_layout 895:found match in dst footprint: 'C38'
01-27 19:15:53 com_github_MitjaNemec_ReplicateLayout.replicate_layout 990:Src text UUid:709dbd21-3b2a-423e-a823-7234f4f4ccd6
01-27 19:15:53 com_github_MitjaNemec_ReplicateLayout.replicate_layout 991:Dst text UUid:8d148712-6e38-4dc1-a6bb-fedde1c789cc
01-27 19:15:53 com_github_MitjaNemec_ReplicateLayout.replicate_layout 990:Src text UUid:b8853940-a491-4fa2-a745-4473dd2e1c85
01-27 19:15:53 com_github_MitjaNemec_ReplicateLayout.replicate_layout 991:Dst text UUid:492d0956-8150-49f5-a075-da998905a9b0
01-27 19:15:53 com_github_MitjaNemec_ReplicateLayout.replicate_layout 990:Src text UUid:73000935-5425-4c10-b0d0-265612d81a4a
01-27 19:15:53 com_github_MitjaNemec_ReplicateLayout.replicate_layout 991:Dst text UUid:c52be770-6ac0-43a4-bf6c-1017559307bc
01-27 19:15:53 com_github_MitjaNemec_ReplicateLayout.replicate_layout 888:Replicating footprint: 'C21'
01-27 19:15:53 com_github_MitjaNemec_ReplicateLayout.replicate_layout 835:Src fp.id: 'CDAC5A8B-2E06-4A8F-A9C9-8B38F4386407'
01-27 19:15:53 com_github_MitjaNemec_ReplicateLayout.replicate_layout 839:Dst fp.id: 'CDAC5A8B-2E06-4A8F-A9C9-8B38F4386407'
01-27 19:15:53 com_github_MitjaNemec_ReplicateLayout.replicate_layout 895:found match in dst footprint: 'C39'
01-27 19:15:53 com_github_MitjaNemec_ReplicateLayout.replicate_layout 990:Src text UUid:55dc9c55-8624-4f99-93e1-7bc32733490d
01-27 19:15:53 com_github_MitjaNemec_ReplicateLayout.replicate_layout 991:Dst text UUid:7041971d-0d92-40ef-a903-01688585b3af
01-27 19:15:53 com_github_MitjaNemec_ReplicateLayout.replicate_layout 990:Src text UUid:c8e74f5b-1edb-4cfc-b0d5-3213e094bde6
01-27 19:15:53 com_github_MitjaNemec_ReplicateLayout.replicate_layout 991:Dst text UUid:8351f8d3-739b-42f7-afd8-c135f126957d
01-27 19:15:53 com_github_MitjaNemec_ReplicateLayout.replicate_layout 990:Src text UUid:eae8e24d-92de-48b5-9da6-0f0aa9db869b
01-27 19:15:53 com_github_MitjaNemec_ReplicateLayout.replicate_layout 991:Dst text UUid:b1e64091-9e72-40df-81c6-8d75646289ad
01-27 19:15:53 com_github_MitjaNemec_ReplicateLayout.replicate_layout 888:Replicating footprint: 'C22'
01-27 19:15:53 com_github_MitjaNemec_ReplicateLayout.replicate_layout 835:Src fp.id: '25E2E6FB-5B0E-494B-88CA-E7985FA51D2C'
01-27 19:15:53 com_github_MitjaNemec_ReplicateLayout.replicate_layout 839:Dst fp.id: '25E2E6FB-5B0E-494B-88CA-E7985FA51D2C'
01-27 19:15:53 com_github_MitjaNemec_ReplicateLayout.replicate_layout 895:found match in dst footprint: 'C40'
01-27 19:15:53 com_github_MitjaNemec_ReplicateLayout.replicate_layout 990:Src text UUid:95647636-dbe0-4e8e-b05e-f67ce7f4b966
01-27 19:15:53 com_github_MitjaNemec_ReplicateLayout.replicate_layout 991:Dst text UUid:e98c3b30-aec9-4407-a8bc-677f12d116a1
01-27 19:15:53 com_github_MitjaNemec_ReplicateLayout.replicate_layout 990:Src text UUid:989f0dc8-ad1f-4c00-ba58-24d25c4a1628
01-27 19:15:53 com_github_MitjaNemec_ReplicateLayout.replicate_layout 991:Dst text UUid:57fe2853-4814-4af0-9029-42e32cd21582
01-27 19:15:53 com_github_MitjaNemec_ReplicateLayout.replicate_layout 990:Src text UUid:6f48d718-d419-401e-9d99-38f8ca0ab4fc
01-27 19:15:53 com_github_MitjaNemec_ReplicateLayout.replicate_layout 991:Dst text UUid:b2767631-7841-4c54-aef2-8faaf81c959c
01-27 19:15:53 com_github_MitjaNemec_ReplicateLayout.replicate_layout 888:Replicating footprint: 'TP84'
01-27 19:15:53 root 345:updating GUI with: 35
01-27 19:15:53 com_github_MitjaNemec_ReplicateLayout.replicate_layout 835:Src fp.id: '286D0A34-3BE4-4F46-AC28-AC1E5B7563AB'
01-27 19:15:53 com_github_MitjaNemec_ReplicateLayout.replicate_layout 839:Dst fp.id: '286D0A34-3BE4-4F46-AC28-AC1E5B7563AB'
01-27 19:15:53 com_github_MitjaNemec_ReplicateLayout.replicate_layout 895:found match in dst footprint: 'TP104'
01-27 19:15:53 com_github_MitjaNemec_ReplicateLayout.replicate_layout 990:Src text UUid:4a64738a-7a41-472a-834f-bb23e4a0e1b3
01-27 19:15:53 com_github_MitjaNemec_ReplicateLayout.replicate_layout 991:Dst text UUid:82442557-68a4-4ec9-b071-281a805919e0
01-27 19:15:53 com_github_MitjaNemec_ReplicateLayout.replicate_layout 990:Src text UUid:8da1757a-5e3d-457e-8887-6e4828597a73
01-27 19:15:53 com_github_MitjaNemec_ReplicateLayout.replicate_layout 991:Dst text UUid:505c54fa-aea9-4b0f-b54b-940c89a259da
01-27 19:15:53 com_github_MitjaNemec_ReplicateLayout.replicate_layout 888:Replicating footprint: 'R24'
01-27 19:15:53 com_github_MitjaNemec_ReplicateLayout.replicate_layout 835:Src fp.id: 'F1F20F90-45E3-4656-B8B6-0A4BFAA2CB09'
01-27 19:15:53 com_github_MitjaNemec_ReplicateLayout.replicate_layout 839:Dst fp.id: 'F1F20F90-45E3-4656-B8B6-0A4BFAA2CB09'
01-27 19:15:53 com_github_MitjaNemec_ReplicateLayout.replicate_layout 895:found match in dst footprint: 'R47'
01-27 19:15:53 com_github_MitjaNemec_ReplicateLayout.replicate_layout 990:Src text UUid:63ac9b9e-6d62-4a94-9356-570c3536e2bb
01-27 19:15:53 com_github_MitjaNemec_ReplicateLayout.replicate_layout 991:Dst text UUid:7b2f5a34-8f60-48a6-84bc-5732ef3465be
01-27 19:15:53 com_github_MitjaNemec_ReplicateLayout.replicate_layout 990:Src text UUid:81212f68-873f-4e95-a71d-8148d9b9cf2a
01-27 19:15:53 com_github_MitjaNemec_ReplicateLayout.replicate_layout 991:Dst text UUid:8098013c-1165-4a50-9bde-711150192698
01-27 19:15:53 com_github_MitjaNemec_ReplicateLayout.replicate_layout 990:Src text UUid:73a9dc91-e8ca-49bf-8ea2-cfee94201431
01-27 19:15:53 com_github_MitjaNemec_ReplicateLayout.replicate_layout 991:Dst text UUid:b49da547-9cb2-4af6-858b-8d5d93a4f827
01-27 19:15:53 com_github_MitjaNemec_ReplicateLayout.replicate_layout 888:Replicating footprint: 'R25'
01-27 19:15:53 com_github_MitjaNemec_ReplicateLayout.replicate_layout 835:Src fp.id: 'CB48C251-E6F2-46D0-BE20-BAF3FE944B0C'
01-27 19:15:53 com_github_MitjaNemec_ReplicateLayout.replicate_layout 839:Dst fp.id: 'CB48C251-E6F2-46D0-BE20-BAF3FE944B0C'
01-27 19:15:53 com_github_MitjaNemec_ReplicateLayout.replicate_layout 895:found match in dst footprint: 'R48'
01-27 19:15:53 com_github_MitjaNemec_ReplicateLayout.replicate_layout 990:Src text UUid:1bf6a626-783f-4cee-ab8c-00e91d319cc0
01-27 19:15:53 com_github_MitjaNemec_ReplicateLayout.replicate_layout 991:Dst text UUid:38aa8b17-deb5-4904-9027-97232e693fa7
01-27 19:15:53 com_github_MitjaNemec_ReplicateLayout.replicate_layout 990:Src text UUid:f00e23f7-8f66-49c0-93f2-46e68201b89d
01-27 19:15:53 com_github_MitjaNemec_ReplicateLayout.replicate_layout 991:Dst text UUid:b66d81cd-1445-4953-94f8-1dc7890710e3
01-27 19:15:53 com_github_MitjaNemec_ReplicateLayout.replicate_layout 990:Src text UUid:eaf585d0-aabb-45a3-8893-497125af8f0a
01-27 19:15:53 com_github_MitjaNemec_ReplicateLayout.replicate_layout 991:Dst text UUid:e794f7d4-1837-40b0-b44b-457750cc20ef
01-27 19:15:53 com_github_MitjaNemec_ReplicateLayout.replicate_layout 888:Replicating footprint: 'TP82'
01-27 19:15:53 com_github_MitjaNemec_ReplicateLayout.replicate_layout 835:Src fp.id: 'E8D2BAFD-3D9A-499E-BD25-BB58ACEDABF8'
01-27 19:15:53 com_github_MitjaNemec_ReplicateLayout.replicate_layout 839:Dst fp.id: 'E8D2BAFD-3D9A-499E-BD25-BB58ACEDABF8'
01-27 19:15:53 com_github_MitjaNemec_ReplicateLayout.replicate_layout 895:found match in dst footprint: 'TP102'
01-27 19:15:53 com_github_MitjaNemec_ReplicateLayout.replicate_layout 990:Src text UUid:197d104b-1788-4308-b2f8-da74fead65de
01-27 19:15:53 com_github_MitjaNemec_ReplicateLayout.replicate_layout 991:Dst text UUid:d8503256-6bbc-4532-b025-fc3bf954c096
01-27 19:15:53 com_github_MitjaNemec_ReplicateLayout.replicate_layout 990:Src text UUid:aade42a3-d28c-42db-bd46-e57edd3298f5
01-27 19:15:53 com_github_MitjaNemec_ReplicateLayout.replicate_layout 991:Dst text UUid:b5a2e72a-16c4-4f36-b9d6-1c59a17eac9d
01-27 19:15:53 com_github_MitjaNemec_ReplicateLayout.replicate_layout 888:Replicating footprint: 'TP81'
01-27 19:15:53 com_github_MitjaNemec_ReplicateLayout.replicate_layout 835:Src fp.id: '5BEF528E-DCB2-4544-B012-3F4BA46B72DA'
01-27 19:15:53 com_github_MitjaNemec_ReplicateLayout.replicate_layout 839:Dst fp.id: '5BEF528E-DCB2-4544-B012-3F4BA46B72DA'
01-27 19:15:53 com_github_MitjaNemec_ReplicateLayout.replicate_layout 895:found match in dst footprint: 'TP101'
01-27 19:15:53 com_github_MitjaNemec_ReplicateLayout.replicate_layout 990:Src text UUid:e76ff0c7-987d-4379-a20e-385ad396ae64
01-27 19:15:53 com_github_MitjaNemec_ReplicateLayout.replicate_layout 991:Dst text UUid:9021373c-7fbc-4752-abf9-f367d6c6f013
01-27 19:15:53 com_github_MitjaNemec_ReplicateLayout.replicate_layout 990:Src text UUid:fd27f668-32c0-4cf1-8bda-74ab97792323
01-27 19:15:53 com_github_MitjaNemec_ReplicateLayout.replicate_layout 991:Dst text UUid:aed5fc7c-ef94-4bdd-9c55-a8eaeb30cd07
01-27 19:15:53 com_github_MitjaNemec_ReplicateLayout.replicate_layout 888:Replicating footprint: 'TP83'
01-27 19:15:53 com_github_MitjaNemec_ReplicateLayout.replicate_layout 835:Src fp.id: '4FF15909-EF0B-4BE7-8E9A-C0A741C12B17'
01-27 19:15:53 com_github_MitjaNemec_ReplicateLayout.replicate_layout 839:Dst fp.id: '4FF15909-EF0B-4BE7-8E9A-C0A741C12B17'
01-27 19:15:53 com_github_MitjaNemec_ReplicateLayout.replicate_layout 895:found match in dst footprint: 'TP103'
01-27 19:15:53 com_github_MitjaNemec_ReplicateLayout.replicate_layout 990:Src text UUid:8b8901f6-ee1b-4d0d-9be4-3d4c28da0ce6
01-27 19:15:53 com_github_MitjaNemec_ReplicateLayout.replicate_layout 991:Dst text UUid:222c1800-14af-4930-a228-0d92a4dd15fd
01-27 19:15:53 com_github_MitjaNemec_ReplicateLayout.replicate_layout 990:Src text UUid:d5e08539-3e58-4f60-b995-eec596765ccf
01-27 19:15:53 com_github_MitjaNemec_ReplicateLayout.replicate_layout 991:Dst text UUid:bcc10330-fc1b-4cf8-8d66-bd9318bfd69e
01-27 19:15:53 com_github_MitjaNemec_ReplicateLayout.replicate_layout 888:Replicating footprint: 'TP80'
01-27 19:15:53 root 345:updating GUI with: 44
01-27 19:15:53 com_github_MitjaNemec_ReplicateLayout.replicate_layout 835:Src fp.id: '3ABEEA17-0AD2-4B12-96B0-C75BA4AEF90D'
01-27 19:15:53 com_github_MitjaNemec_ReplicateLayout.replicate_layout 839:Dst fp.id: '3ABEEA17-0AD2-4B12-96B0-C75BA4AEF90D'
01-27 19:15:53 com_github_MitjaNemec_ReplicateLayout.replicate_layout 895:found match in dst footprint: 'TP100'
01-27 19:15:53 com_github_MitjaNemec_ReplicateLayout.replicate_layout 990:Src text UUid:9e09e8ba-64f7-4201-8893-9005608371d8
01-27 19:15:53 com_github_MitjaNemec_ReplicateLayout.replicate_layout 991:Dst text UUid:996ed097-ddf2-46a0-9c29-9026e857b91f
01-27 19:15:53 com_github_MitjaNemec_ReplicateLayout.replicate_layout 990:Src text UUid:1544216b-ac80-4095-8cf8-875def1a5552
01-27 19:15:53 com_github_MitjaNemec_ReplicateLayout.replicate_layout 991:Dst text UUid:2d55fc24-f39d-4b63-981a-37dc6c818b3e
01-27 19:15:53 com_github_MitjaNemec_ReplicateLayout.replicate_layout 888:Replicating footprint: 'U14'
01-27 19:15:53 com_github_MitjaNemec_ReplicateLayout.replicate_layout 835:Src fp.id: '443C087F-DF7E-4A06-A282-4CB36A70E3A9'
01-27 19:15:53 com_github_MitjaNemec_ReplicateLayout.replicate_layout 839:Dst fp.id: '443C087F-DF7E-4A06-A282-4CB36A70E3A9'
01-27 19:15:53 com_github_MitjaNemec_ReplicateLayout.replicate_layout 895:found match in dst footprint: 'U25'
01-27 19:15:53 com_github_MitjaNemec_ReplicateLayout.replicate_layout 990:Src text UUid:e70dea2e-303e-451f-a11e-56b9964ee89b
01-27 19:15:53 com_github_MitjaNemec_ReplicateLayout.replicate_layout 991:Dst text UUid:e1fd3417-10a3-44ee-bcc1-4b0d531b196d
01-27 19:15:53 com_github_MitjaNemec_ReplicateLayout.replicate_layout 990:Src text UUid:deba58ce-f200-40b6-bcac-9517d1c8d6ad
01-27 19:15:53 com_github_MitjaNemec_ReplicateLayout.replicate_layout 991:Dst text UUid:f02006ba-c43c-435c-8b1e-a1a7d1fc59d1
01-27 19:15:53 com_github_MitjaNemec_ReplicateLayout.replicate_layout 990:Src text UUid:5c85215c-475a-4c04-ab5d-7cee7cae1aed
01-27 19:15:53 com_github_MitjaNemec_ReplicateLayout.replicate_layout 991:Dst text UUid:f3d4d49e-ed4d-4b7e-a339-07ebbfc01d0c
01-27 19:15:53 com_github_MitjaNemec_ReplicateLayout.replicate_layout 888:Replicating footprint: 'R23'
01-27 19:15:53 com_github_MitjaNemec_ReplicateLayout.replicate_layout 835:Src fp.id: 'E6868A95-3D5F-4FB9-9926-0B614F96DCFD'
01-27 19:15:53 com_github_MitjaNemec_ReplicateLayout.replicate_layout 839:Dst fp.id: 'E6868A95-3D5F-4FB9-9926-0B614F96DCFD'
01-27 19:15:53 com_github_MitjaNemec_ReplicateLayout.replicate_layout 895:found match in dst footprint: 'R46'
01-27 19:15:53 com_github_MitjaNemec_ReplicateLayout.replicate_layout 990:Src text UUid:8b70a866-8f64-4e8b-b5e1-70e3c976af48
01-27 19:15:53 com_github_MitjaNemec_ReplicateLayout.replicate_layout 991:Dst text UUid:53eb878e-46df-44f3-9c53-6c3d3c3248c2
01-27 19:15:53 com_github_MitjaNemec_ReplicateLayout.replicate_layout 990:Src text UUid:b4cbc930-5d69-4163-a556-8ddcacf9dd58
01-27 19:15:53 com_github_MitjaNemec_ReplicateLayout.replicate_layout 991:Dst text UUid:5b45494e-12a5-4444-b4af-86e57f9177f3
01-27 19:15:53 com_github_MitjaNemec_ReplicateLayout.replicate_layout 990:Src text UUid:f071a3be-6c15-4a86-a876-ae1acae0e740
01-27 19:15:53 com_github_MitjaNemec_ReplicateLayout.replicate_layout 991:Dst text UUid:3c037804-79f3-45e7-a734-a67c81fb6eef
01-27 19:15:53 com_github_MitjaNemec_ReplicateLayout.replicate_layout 888:Replicating footprint: 'R22'
01-27 19:15:53 com_github_MitjaNemec_ReplicateLayout.replicate_layout 835:Src fp.id: 'C7BCAF45-9A8D-4CC5-BA79-015A8A921FED'
01-27 19:15:53 com_github_MitjaNemec_ReplicateLayout.replicate_layout 839:Dst fp.id: 'C7BCAF45-9A8D-4CC5-BA79-015A8A921FED'
01-27 19:15:53 com_github_MitjaNemec_ReplicateLayout.replicate_layout 895:found match in dst footprint: 'R45'
01-27 19:15:53 com_github_MitjaNemec_ReplicateLayout.replicate_layout 990:Src text UUid:a555456c-920d-4cc3-83b4-97081d854da9
01-27 19:15:53 com_github_MitjaNemec_ReplicateLayout.replicate_layout 991:Dst text UUid:be20ff45-ce73-498c-bf10-d9e4b7a5af5f
01-27 19:15:53 com_github_MitjaNemec_ReplicateLayout.replicate_layout 990:Src text UUid:dc6fce73-0b11-4a90-bd65-9a22193a9afa
01-27 19:15:53 com_github_MitjaNemec_ReplicateLayout.replicate_layout 991:Dst text UUid:51cba4ee-5148-412d-ac5d-ad0635e02da7
01-27 19:15:53 com_github_MitjaNemec_ReplicateLayout.replicate_layout 990:Src text UUid:25861147-3ae1-4051-8036-ae052106ff24
01-27 19:15:53 com_github_MitjaNemec_ReplicateLayout.replicate_layout 991:Dst text UUid:5b288fd7-eb2c-47e5-9d91-aa9a5cdab6b8
01-27 19:15:53 com_github_MitjaNemec_ReplicateLayout.replicate_layout 888:Replicating footprint: 'U15'
01-27 19:15:53 com_github_MitjaNemec_ReplicateLayout.replicate_layout 835:Src fp.id: '15B46DD4-6A58-428B-842F-97E06AF24594'
01-27 19:15:53 com_github_MitjaNemec_ReplicateLayout.replicate_layout 839:Dst fp.id: '15B46DD4-6A58-428B-842F-97E06AF24594'
01-27 19:15:53 com_github_MitjaNemec_ReplicateLayout.replicate_layout 895:found match in dst footprint: 'U26'
01-27 19:15:53 com_github_MitjaNemec_ReplicateLayout.replicate_layout 990:Src text UUid:dc8ff84b-1931-4348-8d23-4a19dfd6ff26
01-27 19:15:53 com_github_MitjaNemec_ReplicateLayout.replicate_layout 991:Dst text UUid:12060ca0-75a4-48fa-9f75-7d63b7471709
01-27 19:15:53 com_github_MitjaNemec_ReplicateLayout.replicate_layout 990:Src text UUid:549d5ffc-d5ad-467a-8bad-591c7bdcbb0c
01-27 19:15:53 com_github_MitjaNemec_ReplicateLayout.replicate_layout 991:Dst text UUid:61b1f6d1-9bf4-43dc-a593-ce925e9453c0
01-27 19:15:53 com_github_MitjaNemec_ReplicateLayout.replicate_layout 990:Src text UUid:eddb3196-52c1-4d24-b137-6a0443c15bb1
01-27 19:15:53 com_github_MitjaNemec_ReplicateLayout.replicate_layout 991:Dst text UUid:17eba09f-0770-4418-90b3-b96442aa598e
01-27 19:15:53 com_github_MitjaNemec_ReplicateLayout.replicate_layout 870:Replicating footprints on sheet ['/homing_interface_Y/']
01-27 19:15:53 com_github_MitjaNemec_ReplicateLayout.replicate_layout 835:Src fp.id: '5BFF43A9-4BFB-4737-8974-3C85AE5E6A00'
01-27 19:15:53 com_github_MitjaNemec_ReplicateLayout.replicate_layout 839:Dst fp.id: '5BFF43A9-4BFB-4737-8974-3C85AE5E6A00'
01-27 19:15:53 com_github_MitjaNemec_ReplicateLayout.replicate_layout 888:Replicating footprint: 'J8'
01-27 19:15:53 com_github_MitjaNemec_ReplicateLayout.replicate_layout 835:Src fp.id: '3E4B73AE-E191-4545-8532-3ADBA0C874AA'
01-27 19:15:53 com_github_MitjaNemec_ReplicateLayout.replicate_layout 839:Dst fp.id: '3E4B73AE-E191-4545-8532-3ADBA0C874AA'
01-27 19:15:53 com_github_MitjaNemec_ReplicateLayout.replicate_layout 895:found match in dst footprint: 'J10'
01-27 19:15:53 com_github_MitjaNemec_ReplicateLayout.replicate_layout 990:Src text UUid:6a8b88ce-cfd9-424f-bbbe-03226b0ff109
01-27 19:15:53 com_github_MitjaNemec_ReplicateLayout.replicate_layout 991:Dst text UUid:4d882b58-7257-40aa-9b05-90bdd011b151
01-27 19:15:53 com_github_MitjaNemec_ReplicateLayout.replicate_layout 990:Src text UUid:b15599e4-2368-488a-b9e9-a9a0ec256a8c
01-27 19:15:53 com_github_MitjaNemec_ReplicateLayout.replicate_layout 991:Dst text UUid:27aca7e2-a32b-48ac-9dec-0dbefb32e4e2
01-27 19:15:53 com_github_MitjaNemec_ReplicateLayout.replicate_layout 888:Replicating footprint: 'J9'
01-27 19:15:53 root 345:updating GUI with: 52
01-27 19:15:53 com_github_MitjaNemec_ReplicateLayout.replicate_layout 835:Src fp.id: '5BFF43A9-4BFB-4737-8974-3C85AE5E6A00'
01-27 19:15:53 com_github_MitjaNemec_ReplicateLayout.replicate_layout 839:Dst fp.id: '5BFF43A9-4BFB-4737-8974-3C85AE5E6A00'
01-27 19:15:53 com_github_MitjaNemec_ReplicateLayout.replicate_layout 895:found match in dst footprint: 'J11'
01-27 19:15:53 com_github_MitjaNemec_ReplicateLayout.replicate_layout 990:Src text UUid:2491a596-8c70-4976-918d-36cb22f243ae
01-27 19:15:53 com_github_MitjaNemec_ReplicateLayout.replicate_layout 991:Dst text UUid:dedde11f-4a86-44f8-a53a-f2dbd28c4af8
01-27 19:15:53 com_github_MitjaNemec_ReplicateLayout.replicate_layout 990:Src text UUid:4acd9e1e-8a33-4900-8737-b28b106aec50
01-27 19:15:53 com_github_MitjaNemec_ReplicateLayout.replicate_layout 991:Dst text UUid:65f50b89-8eef-4337-877e-751ac995ad06
01-27 19:15:53 com_github_MitjaNemec_ReplicateLayout.replicate_layout 888:Replicating footprint: 'C19'
01-27 19:15:53 com_github_MitjaNemec_ReplicateLayout.replicate_layout 835:Src fp.id: 'F98788D6-92E3-4969-8205-B78BAB7FD6BD'
01-27 19:15:53 com_github_MitjaNemec_ReplicateLayout.replicate_layout 839:Dst fp.id: 'F98788D6-92E3-4969-8205-B78BAB7FD6BD'
01-27 19:15:53 com_github_MitjaNemec_ReplicateLayout.replicate_layout 895:found match in dst footprint: 'C23'
01-27 19:15:53 com_github_MitjaNemec_ReplicateLayout.replicate_layout 990:Src text UUid:c445c69d-4abb-409e-ad17-6d5fcf42ae4e
01-27 19:15:53 com_github_MitjaNemec_ReplicateLayout.replicate_layout 991:Dst text UUid:4f7d75bf-3cb5-48dc-80bc-0977f9f7acb7
01-27 19:15:53 com_github_MitjaNemec_ReplicateLayout.replicate_layout 990:Src text UUid:e68da68d-cec0-40e4-87f8-e72631920b25
01-27 19:15:53 com_github_MitjaNemec_ReplicateLayout.replicate_layout 991:Dst text UUid:58299157-91ec-40ae-b01d-5007a2016ed1
01-27 19:15:53 com_github_MitjaNemec_ReplicateLayout.replicate_layout 990:Src text UUid:7bc1f5ce-d6e0-407e-89eb-34afee2f7548
01-27 19:15:53 com_github_MitjaNemec_ReplicateLayout.replicate_layout 991:Dst text UUid:83a10a57-949a-42d8-8bcd-307befaf217c
01-27 19:15:53 com_github_MitjaNemec_ReplicateLayout.replicate_layout 888:Replicating footprint: 'C20'
01-27 19:15:53 com_github_MitjaNemec_ReplicateLayout.replicate_layout 835:Src fp.id: 'DBE67803-EAED-4BB0-AAB1-1FD6999C98D6'
01-27 19:15:53 com_github_MitjaNemec_ReplicateLayout.replicate_layout 839:Dst fp.id: 'DBE67803-EAED-4BB0-AAB1-1FD6999C98D6'
01-27 19:15:53 com_github_MitjaNemec_ReplicateLayout.replicate_layout 895:found match in dst footprint: 'C24'
01-27 19:15:53 com_github_MitjaNemec_ReplicateLayout.replicate_layout 990:Src text UUid:709dbd21-3b2a-423e-a823-7234f4f4ccd6
01-27 19:15:53 com_github_MitjaNemec_ReplicateLayout.replicate_layout 991:Dst text UUid:6d99a86e-91c5-49b4-8edc-7446871be0fb
01-27 19:15:53 com_github_MitjaNemec_ReplicateLayout.replicate_layout 990:Src text UUid:b8853940-a491-4fa2-a745-4473dd2e1c85
01-27 19:15:53 com_github_MitjaNemec_ReplicateLayout.replicate_layout 991:Dst text UUid:ddeed73c-2553-457e-b2da-1583ff518ab4
01-27 19:15:53 com_github_MitjaNemec_ReplicateLayout.replicate_layout 990:Src text UUid:73000935-5425-4c10-b0d0-265612d81a4a
01-27 19:15:53 com_github_MitjaNemec_ReplicateLayout.replicate_layout 991:Dst text UUid:6453082f-710e-48c1-976d-1fea63ebb7f6
01-27 19:15:53 com_github_MitjaNemec_ReplicateLayout.replicate_layout 888:Replicating footprint: 'C21'
01-27 19:15:53 com_github_MitjaNemec_ReplicateLayout.replicate_layout 835:Src fp.id: 'CDAC5A8B-2E06-4A8F-A9C9-8B38F4386407'
01-27 19:15:53 com_github_MitjaNemec_ReplicateLayout.replicate_layout 839:Dst fp.id: 'CDAC5A8B-2E06-4A8F-A9C9-8B38F4386407'
01-27 19:15:53 com_github_MitjaNemec_ReplicateLayout.replicate_layout 895:found match in dst footprint: 'C25'
01-27 19:15:53 com_github_MitjaNemec_ReplicateLayout.replicate_layout 990:Src text UUid:55dc9c55-8624-4f99-93e1-7bc32733490d
01-27 19:15:53 com_github_MitjaNemec_ReplicateLayout.replicate_layout 991:Dst text UUid:79929b6c-9055-4ad4-9bf0-dd828eb61865
01-27 19:15:53 com_github_MitjaNemec_ReplicateLayout.replicate_layout 990:Src text UUid:c8e74f5b-1edb-4cfc-b0d5-3213e094bde6
01-27 19:15:53 com_github_MitjaNemec_ReplicateLayout.replicate_layout 991:Dst text UUid:db83052d-0723-4474-8222-06fe5f02aa70
01-27 19:15:53 com_github_MitjaNemec_ReplicateLayout.replicate_layout 990:Src text UUid:eae8e24d-92de-48b5-9da6-0f0aa9db869b
01-27 19:15:53 com_github_MitjaNemec_ReplicateLayout.replicate_layout 991:Dst text UUid:2354a81e-bbc2-4eec-a02a-d10cbddda350
01-27 19:15:53 com_github_MitjaNemec_ReplicateLayout.replicate_layout 888:Replicating footprint: 'C22'
01-27 19:15:53 com_github_MitjaNemec_ReplicateLayout.replicate_layout 835:Src fp.id: '25E2E6FB-5B0E-494B-88CA-E7985FA51D2C'
01-27 19:15:53 com_github_MitjaNemec_ReplicateLayout.replicate_layout 839:Dst fp.id: '25E2E6FB-5B0E-494B-88CA-E7985FA51D2C'
01-27 19:15:53 com_github_MitjaNemec_ReplicateLayout.replicate_layout 895:found match in dst footprint: 'C26'
01-27 19:15:53 com_github_MitjaNemec_ReplicateLayout.replicate_layout 990:Src text UUid:95647636-dbe0-4e8e-b05e-f67ce7f4b966
01-27 19:15:53 com_github_MitjaNemec_ReplicateLayout.replicate_layout 991:Dst text UUid:e65352a4-c497-4160-851f-5829efdb179d
01-27 19:15:53 com_github_MitjaNemec_ReplicateLayout.replicate_layout 990:Src text UUid:989f0dc8-ad1f-4c00-ba58-24d25c4a1628
01-27 19:15:53 com_github_MitjaNemec_ReplicateLayout.replicate_layout 991:Dst text UUid:328333a6-dcb3-4cc6-9c8c-10620bd337f9
01-27 19:15:53 com_github_MitjaNemec_ReplicateLayout.replicate_layout 990:Src text UUid:6f48d718-d419-401e-9d99-38f8ca0ab4fc
01-27 19:15:53 com_github_MitjaNemec_ReplicateLayout.replicate_layout 991:Dst text UUid:1a017044-c3ea-468f-920c-c86c332e1e28
01-27 19:15:53 com_github_MitjaNemec_ReplicateLayout.replicate_layout 888:Replicating footprint: 'TP84'
01-27 19:15:53 com_github_MitjaNemec_ReplicateLayout.replicate_layout 835:Src fp.id: '286D0A34-3BE4-4F46-AC28-AC1E5B7563AB'
01-27 19:15:53 com_github_MitjaNemec_ReplicateLayout.replicate_layout 839:Dst fp.id: '286D0A34-3BE4-4F46-AC28-AC1E5B7563AB'
01-27 19:15:53 com_github_MitjaNemec_ReplicateLayout.replicate_layout 895:found match in dst footprint: 'TP89'
01-27 19:15:53 com_github_MitjaNemec_ReplicateLayout.replicate_layout 990:Src text UUid:4a64738a-7a41-472a-834f-bb23e4a0e1b3
01-27 19:15:53 com_github_MitjaNemec_ReplicateLayout.replicate_layout 991:Dst text UUid:88b386ba-7850-46d3-93f2-efb608803df8
01-27 19:15:53 com_github_MitjaNemec_ReplicateLayout.replicate_layout 990:Src text UUid:8da1757a-5e3d-457e-8887-6e4828597a73
01-27 19:15:53 com_github_MitjaNemec_ReplicateLayout.replicate_layout 991:Dst text UUid:036de204-fb8e-48c7-b272-6654c4ea3343
01-27 19:15:53 com_github_MitjaNemec_ReplicateLayout.replicate_layout 888:Replicating footprint: 'R24'
01-27 19:15:53 root 345:updating GUI with: 61
01-27 19:15:53 com_github_MitjaNemec_ReplicateLayout.replicate_layout 835:Src fp.id: 'F1F20F90-45E3-4656-B8B6-0A4BFAA2CB09'
01-27 19:15:53 com_github_MitjaNemec_ReplicateLayout.replicate_layout 839:Dst fp.id: 'F1F20F90-45E3-4656-B8B6-0A4BFAA2CB09'
01-27 19:15:53 com_github_MitjaNemec_ReplicateLayout.replicate_layout 895:found match in dst footprint: 'R28'
01-27 19:15:53 com_github_MitjaNemec_ReplicateLayout.replicate_layout 990:Src text UUid:63ac9b9e-6d62-4a94-9356-570c3536e2bb
01-27 19:15:53 com_github_MitjaNemec_ReplicateLayout.replicate_layout 991:Dst text UUid:9820277e-4f88-46c6-b882-ca037804ca44
01-27 19:15:53 com_github_MitjaNemec_ReplicateLayout.replicate_layout 990:Src text UUid:81212f68-873f-4e95-a71d-8148d9b9cf2a
01-27 19:15:53 com_github_MitjaNemec_ReplicateLayout.replicate_layout 991:Dst text UUid:0f5f965e-18ae-47b2-99ca-143896ef18f0
01-27 19:15:53 com_github_MitjaNemec_ReplicateLayout.replicate_layout 990:Src text UUid:73a9dc91-e8ca-49bf-8ea2-cfee94201431
01-27 19:15:53 com_github_MitjaNemec_ReplicateLayout.replicate_layout 991:Dst text UUid:ea8f0ff3-8d52-48d0-8129-7b9e0189421d
01-27 19:15:53 com_github_MitjaNemec_ReplicateLayout.replicate_layout 888:Replicating footprint: 'R25'
01-27 19:15:53 com_github_MitjaNemec_ReplicateLayout.replicate_layout 835:Src fp.id: 'CB48C251-E6F2-46D0-BE20-BAF3FE944B0C'
01-27 19:15:53 com_github_MitjaNemec_ReplicateLayout.replicate_layout 839:Dst fp.id: 'CB48C251-E6F2-46D0-BE20-BAF3FE944B0C'
01-27 19:15:53 com_github_MitjaNemec_ReplicateLayout.replicate_layout 895:found match in dst footprint: 'R29'
01-27 19:15:53 com_github_MitjaNemec_ReplicateLayout.replicate_layout 990:Src text UUid:1bf6a626-783f-4cee-ab8c-00e91d319cc0
01-27 19:15:53 com_github_MitjaNemec_ReplicateLayout.replicate_layout 991:Dst text UUid:45e3d3ff-f5cb-46d8-83d6-9ef09a243510
01-27 19:15:53 com_github_MitjaNemec_ReplicateLayout.replicate_layout 990:Src text UUid:f00e23f7-8f66-49c0-93f2-46e68201b89d
01-27 19:15:53 com_github_MitjaNemec_ReplicateLayout.replicate_layout 991:Dst text UUid:1cf3e334-c2ab-42fb-8739-87d136fdb8e0
01-27 19:15:53 com_github_MitjaNemec_ReplicateLayout.replicate_layout 990:Src text UUid:eaf585d0-aabb-45a3-8893-497125af8f0a
01-27 19:15:53 com_github_MitjaNemec_ReplicateLayout.replicate_layout 991:Dst text UUid:06cf6928-c37f-4149-ab69-0f00936c3090
01-27 19:15:53 com_github_MitjaNemec_ReplicateLayout.replicate_layout 888:Replicating footprint: 'TP82'
01-27 19:15:53 com_github_MitjaNemec_ReplicateLayout.replicate_layout 835:Src fp.id: 'E8D2BAFD-3D9A-499E-BD25-BB58ACEDABF8'
01-27 19:15:53 com_github_MitjaNemec_ReplicateLayout.replicate_layout 839:Dst fp.id: 'E8D2BAFD-3D9A-499E-BD25-BB58ACEDABF8'
01-27 19:15:53 com_github_MitjaNemec_ReplicateLayout.replicate_layout 895:found match in dst footprint: 'TP87'
01-27 19:15:53 com_github_MitjaNemec_ReplicateLayout.replicate_layout 990:Src text UUid:197d104b-1788-4308-b2f8-da74fead65de
01-27 19:15:53 com_github_MitjaNemec_ReplicateLayout.replicate_layout 991:Dst text UUid:729f099e-70e7-4cf9-9b1c-e1fde2387193
01-27 19:15:53 com_github_MitjaNemec_ReplicateLayout.replicate_layout 990:Src text UUid:aade42a3-d28c-42db-bd46-e57edd3298f5
01-27 19:15:53 com_github_MitjaNemec_ReplicateLayout.replicate_layout 991:Dst text UUid:0fc269b1-425a-4ad5-921a-e3136a49c8b4
01-27 19:15:53 com_github_MitjaNemec_ReplicateLayout.replicate_layout 888:Replicating footprint: 'TP81'
01-27 19:15:53 com_github_MitjaNemec_ReplicateLayout.replicate_layout 835:Src fp.id: '5BEF528E-DCB2-4544-B012-3F4BA46B72DA'
01-27 19:15:53 com_github_MitjaNemec_ReplicateLayout.replicate_layout 839:Dst fp.id: '5BEF528E-DCB2-4544-B012-3F4BA46B72DA'
01-27 19:15:53 com_github_MitjaNemec_ReplicateLayout.replicate_layout 895:found match in dst footprint: 'TP86'
01-27 19:15:53 com_github_MitjaNemec_ReplicateLayout.replicate_layout 990:Src text UUid:e76ff0c7-987d-4379-a20e-385ad396ae64
01-27 19:15:53 com_github_MitjaNemec_ReplicateLayout.replicate_layout 991:Dst text UUid:d6d8e6b0-656b-42c1-8f6c-d631d4837be4
01-27 19:15:53 com_github_MitjaNemec_ReplicateLayout.replicate_layout 990:Src text UUid:fd27f668-32c0-4cf1-8bda-74ab97792323
01-27 19:15:53 com_github_MitjaNemec_ReplicateLayout.replicate_layout 991:Dst text UUid:56efec8e-4783-4e96-b715-679e41aa693c
01-27 19:15:53 com_github_MitjaNemec_ReplicateLayout.replicate_layout 888:Replicating footprint: 'TP83'
01-27 19:15:53 com_github_MitjaNemec_ReplicateLayout.replicate_layout 835:Src fp.id: '4FF15909-EF0B-4BE7-8E9A-C0A741C12B17'
01-27 19:15:53 com_github_MitjaNemec_ReplicateLayout.replicate_layout 839:Dst fp.id: '4FF15909-EF0B-4BE7-8E9A-C0A741C12B17'
01-27 19:15:53 com_github_MitjaNemec_ReplicateLayout.replicate_layout 895:found match in dst footprint: 'TP88'
01-27 19:15:53 com_github_MitjaNemec_ReplicateLayout.replicate_layout 990:Src text UUid:8b8901f6-ee1b-4d0d-9be4-3d4c28da0ce6
01-27 19:15:53 com_github_MitjaNemec_ReplicateLayout.replicate_layout 991:Dst text UUid:6313e8dc-bb44-439e-b7f7-22a6c344e6f2
01-27 19:15:53 com_github_MitjaNemec_ReplicateLayout.replicate_layout 990:Src text UUid:d5e08539-3e58-4f60-b995-eec596765ccf
01-27 19:15:53 com_github_MitjaNemec_ReplicateLayout.replicate_layout 991:Dst text UUid:148e2b02-4d89-489c-a1dc-7b07a8996158
01-27 19:15:53 com_github_MitjaNemec_ReplicateLayout.replicate_layout 888:Replicating footprint: 'TP80'
01-27 19:15:53 com_github_MitjaNemec_ReplicateLayout.replicate_layout 835:Src fp.id: '3ABEEA17-0AD2-4B12-96B0-C75BA4AEF90D'
01-27 19:15:53 com_github_MitjaNemec_ReplicateLayout.replicate_layout 839:Dst fp.id: '3ABEEA17-0AD2-4B12-96B0-C75BA4AEF90D'
01-27 19:15:53 com_github_MitjaNemec_ReplicateLayout.replicate_layout 895:found match in dst footprint: 'TP85'
01-27 19:15:53 com_github_MitjaNemec_ReplicateLayout.replicate_layout 990:Src text UUid:9e09e8ba-64f7-4201-8893-9005608371d8
01-27 19:15:53 com_github_MitjaNemec_ReplicateLayout.replicate_layout 991:Dst text UUid:6b10bd21-baad-4383-8b30-760ee4788325
01-27 19:15:53 com_github_MitjaNemec_ReplicateLayout.replicate_layout 990:Src text UUid:1544216b-ac80-4095-8cf8-875def1a5552
01-27 19:15:53 com_github_MitjaNemec_ReplicateLayout.replicate_layout 991:Dst text UUid:897587a9-0367-4f6f-9448-bc181b750b58
01-27 19:15:53 com_github_MitjaNemec_ReplicateLayout.replicate_layout 888:Replicating footprint: 'U14'
01-27 19:15:53 root 345:updating GUI with: 70
01-27 19:15:53 com_github_MitjaNemec_ReplicateLayout.replicate_layout 835:Src fp.id: '443C087F-DF7E-4A06-A282-4CB36A70E3A9'
01-27 19:15:53 com_github_MitjaNemec_ReplicateLayout.replicate_layout 839:Dst fp.id: '443C087F-DF7E-4A06-A282-4CB36A70E3A9'
01-27 19:15:53 com_github_MitjaNemec_ReplicateLayout.replicate_layout 895:found match in dst footprint: 'U16'
01-27 19:15:53 com_github_MitjaNemec_ReplicateLayout.replicate_layout 990:Src text UUid:e70dea2e-303e-451f-a11e-56b9964ee89b
01-27 19:15:53 com_github_MitjaNemec_ReplicateLayout.replicate_layout 991:Dst text UUid:38e13dd0-9318-40f5-9f0c-71c66c0b5362
01-27 19:15:53 com_github_MitjaNemec_ReplicateLayout.replicate_layout 990:Src text UUid:deba58ce-f200-40b6-bcac-9517d1c8d6ad
01-27 19:15:53 com_github_MitjaNemec_ReplicateLayout.replicate_layout 991:Dst text UUid:403c163a-ea12-41e2-8549-3acedf97399f
01-27 19:15:53 com_github_MitjaNemec_ReplicateLayout.replicate_layout 990:Src text UUid:5c85215c-475a-4c04-ab5d-7cee7cae1aed
01-27 19:15:53 com_github_MitjaNemec_ReplicateLayout.replicate_layout 991:Dst text UUid:062b92a2-793b-47dc-b629-3d898dd1785e
01-27 19:15:53 com_github_MitjaNemec_ReplicateLayout.replicate_layout 888:Replicating footprint: 'R23'
01-27 19:15:53 com_github_MitjaNemec_ReplicateLayout.replicate_layout 835:Src fp.id: 'E6868A95-3D5F-4FB9-9926-0B614F96DCFD'
01-27 19:15:53 com_github_MitjaNemec_ReplicateLayout.replicate_layout 839:Dst fp.id: 'E6868A95-3D5F-4FB9-9926-0B614F96DCFD'
01-27 19:15:53 com_github_MitjaNemec_ReplicateLayout.replicate_layout 895:found match in dst footprint: 'R27'
01-27 19:15:53 com_github_MitjaNemec_ReplicateLayout.replicate_layout 990:Src text UUid:8b70a866-8f64-4e8b-b5e1-70e3c976af48
01-27 19:15:53 com_github_MitjaNemec_ReplicateLayout.replicate_layout 991:Dst text UUid:ebb335ec-c107-459a-96de-ae2cad8131f5
01-27 19:15:53 com_github_MitjaNemec_ReplicateLayout.replicate_layout 990:Src text UUid:b4cbc930-5d69-4163-a556-8ddcacf9dd58
01-27 19:15:53 com_github_MitjaNemec_ReplicateLayout.replicate_layout 991:Dst text UUid:18742e85-9ca6-4aa6-8e5b-62a65db0da16
01-27 19:15:53 com_github_MitjaNemec_ReplicateLayout.replicate_layout 990:Src text UUid:f071a3be-6c15-4a86-a876-ae1acae0e740
01-27 19:15:53 com_github_MitjaNemec_ReplicateLayout.replicate_layout 991:Dst text UUid:849176f1-2e59-445b-a0ad-2c0a77a223a3
01-27 19:15:53 com_github_MitjaNemec_ReplicateLayout.replicate_layout 888:Replicating footprint: 'R22'
01-27 19:15:53 com_github_MitjaNemec_ReplicateLayout.replicate_layout 835:Src fp.id: 'C7BCAF45-9A8D-4CC5-BA79-015A8A921FED'
01-27 19:15:53 com_github_MitjaNemec_ReplicateLayout.replicate_layout 839:Dst fp.id: 'C7BCAF45-9A8D-4CC5-BA79-015A8A921FED'
01-27 19:15:53 com_github_MitjaNemec_ReplicateLayout.replicate_layout 895:found match in dst footprint: 'R26'
01-27 19:15:53 com_github_MitjaNemec_ReplicateLayout.replicate_layout 990:Src text UUid:a555456c-920d-4cc3-83b4-97081d854da9
01-27 19:15:53 com_github_MitjaNemec_ReplicateLayout.replicate_layout 991:Dst text UUid:bdde8358-aa8a-4468-930a-61996b7db529
01-27 19:15:53 com_github_MitjaNemec_ReplicateLayout.replicate_layout 990:Src text UUid:dc6fce73-0b11-4a90-bd65-9a22193a9afa
01-27 19:15:53 com_github_MitjaNemec_ReplicateLayout.replicate_layout 991:Dst text UUid:76b2370b-9665-4a3a-a746-b2354ae09293
01-27 19:15:53 com_github_MitjaNemec_ReplicateLayout.replicate_layout 990:Src text UUid:25861147-3ae1-4051-8036-ae052106ff24
01-27 19:15:53 com_github_MitjaNemec_ReplicateLayout.replicate_layout 991:Dst text UUid:62fd6e7f-fbc0-4209-a121-dc543cc07602
01-27 19:15:53 com_github_MitjaNemec_ReplicateLayout.replicate_layout 888:Replicating footprint: 'U15'
01-27 19:15:53 com_github_MitjaNemec_ReplicateLayout.replicate_layout 835:Src fp.id: '15B46DD4-6A58-428B-842F-97E06AF24594'
01-27 19:15:53 com_github_MitjaNemec_ReplicateLayout.replicate_layout 839:Dst fp.id: '15B46DD4-6A58-428B-842F-97E06AF24594'
01-27 19:15:53 com_github_MitjaNemec_ReplicateLayout.replicate_layout 895:found match in dst footprint: 'U17'
01-27 19:15:53 com_github_MitjaNemec_ReplicateLayout.replicate_layout 990:Src text UUid:dc8ff84b-1931-4348-8d23-4a19dfd6ff26
01-27 19:15:53 com_github_MitjaNemec_ReplicateLayout.replicate_layout 991:Dst text UUid:748f1b4f-13c8-424d-93a2-e49373241b9c
01-27 19:15:53 com_github_MitjaNemec_ReplicateLayout.replicate_layout 990:Src text UUid:549d5ffc-d5ad-467a-8bad-591c7bdcbb0c
01-27 19:15:53 com_github_MitjaNemec_ReplicateLayout.replicate_layout 991:Dst text UUid:9467cbb0-3e6b-44f2-af2c-9550d0e56635
01-27 19:15:53 com_github_MitjaNemec_ReplicateLayout.replicate_layout 990:Src text UUid:eddb3196-52c1-4d24-b137-6a0443c15bb1
01-27 19:15:53 com_github_MitjaNemec_ReplicateLayout.replicate_layout 991:Dst text UUid:c6c8f3fd-1214-45bc-82c2-f05d38c9e978
01-27 19:15:53 com_github_MitjaNemec_ReplicateLayout.replicate_layout 870:Replicating footprints on sheet ['/homing_interface_Z/']
01-27 19:15:53 com_github_MitjaNemec_ReplicateLayout.replicate_layout 835:Src fp.id: '5BFF43A9-4BFB-4737-8974-3C85AE5E6A00'
01-27 19:15:53 com_github_MitjaNemec_ReplicateLayout.replicate_layout 839:Dst fp.id: '5BFF43A9-4BFB-4737-8974-3C85AE5E6A00'
01-27 19:15:53 com_github_MitjaNemec_ReplicateLayout.replicate_layout 888:Replicating footprint: 'J8'
01-27 19:15:53 com_github_MitjaNemec_ReplicateLayout.replicate_layout 835:Src fp.id: '3E4B73AE-E191-4545-8532-3ADBA0C874AA'
01-27 19:15:53 com_github_MitjaNemec_ReplicateLayout.replicate_layout 839:Dst fp.id: '3E4B73AE-E191-4545-8532-3ADBA0C874AA'
01-27 19:15:53 com_github_MitjaNemec_ReplicateLayout.replicate_layout 895:found match in dst footprint: 'J12'
01-27 19:15:53 com_github_MitjaNemec_ReplicateLayout.replicate_layout 990:Src text UUid:6a8b88ce-cfd9-424f-bbbe-03226b0ff109
01-27 19:15:53 com_github_MitjaNemec_ReplicateLayout.replicate_layout 991:Dst text UUid:b6616299-7a91-4091-ad17-c96102490520
01-27 19:15:53 com_github_MitjaNemec_ReplicateLayout.replicate_layout 990:Src text UUid:b15599e4-2368-488a-b9e9-a9a0ec256a8c
01-27 19:15:53 com_github_MitjaNemec_ReplicateLayout.replicate_layout 991:Dst text UUid:66ad9ae9-6c5e-4326-be63-93427d21af14
01-27 19:15:53 com_github_MitjaNemec_ReplicateLayout.replicate_layout 888:Replicating footprint: 'J9'
01-27 19:15:53 com_github_MitjaNemec_ReplicateLayout.replicate_layout 835:Src fp.id: '5BFF43A9-4BFB-4737-8974-3C85AE5E6A00'
01-27 19:15:53 com_github_MitjaNemec_ReplicateLayout.replicate_layout 839:Dst fp.id: '5BFF43A9-4BFB-4737-8974-3C85AE5E6A00'
01-27 19:15:53 com_github_MitjaNemec_ReplicateLayout.replicate_layout 895:found match in dst footprint: 'J13'
01-27 19:15:53 com_github_MitjaNemec_ReplicateLayout.replicate_layout 990:Src text UUid:2491a596-8c70-4976-918d-36cb22f243ae
01-27 19:15:53 com_github_MitjaNemec_ReplicateLayout.replicate_layout 991:Dst text UUid:cf5f51e7-f8ba-4cf6-9be8-fcf7be402bcf
01-27 19:15:53 com_github_MitjaNemec_ReplicateLayout.replicate_layout 990:Src text UUid:4acd9e1e-8a33-4900-8737-b28b106aec50
01-27 19:15:53 com_github_MitjaNemec_ReplicateLayout.replicate_layout 991:Dst text UUid:a6cc5a82-caa3-4b48-9f7d-0cc34cdc2aea
01-27 19:15:53 com_github_MitjaNemec_ReplicateLayout.replicate_layout 888:Replicating footprint: 'C19'
01-27 19:15:53 root 345:updating GUI with: 79
01-27 19:15:53 com_github_MitjaNemec_ReplicateLayout.replicate_layout 835:Src fp.id: 'F98788D6-92E3-4969-8205-B78BAB7FD6BD'
01-27 19:15:53 com_github_MitjaNemec_ReplicateLayout.replicate_layout 839:Dst fp.id: 'F98788D6-92E3-4969-8205-B78BAB7FD6BD'
01-27 19:15:53 com_github_MitjaNemec_ReplicateLayout.replicate_layout 895:found match in dst footprint: 'C27'
01-27 19:15:53 com_github_MitjaNemec_ReplicateLayout.replicate_layout 990:Src text UUid:c445c69d-4abb-409e-ad17-6d5fcf42ae4e
01-27 19:15:53 com_github_MitjaNemec_ReplicateLayout.replicate_layout 991:Dst text UUid:c23fc00c-7d1d-43b8-9231-fdc5232dd67c
01-27 19:15:53 com_github_MitjaNemec_ReplicateLayout.replicate_layout 990:Src text UUid:e68da68d-cec0-40e4-87f8-e72631920b25
01-27 19:15:53 com_github_MitjaNemec_ReplicateLayout.replicate_layout 991:Dst text UUid:8684ff54-4e7b-447e-890b-26f743af5ca2
01-27 19:15:53 com_github_MitjaNemec_ReplicateLayout.replicate_layout 990:Src text UUid:7bc1f5ce-d6e0-407e-89eb-34afee2f7548
01-27 19:15:53 com_github_MitjaNemec_ReplicateLayout.replicate_layout 991:Dst text UUid:550466db-cac0-443e-8a86-2184ff14a260
01-27 19:15:53 com_github_MitjaNemec_ReplicateLayout.replicate_layout 888:Replicating footprint: 'C20'
01-27 19:15:53 com_github_MitjaNemec_ReplicateLayout.replicate_layout 835:Src fp.id: 'DBE67803-EAED-4BB0-AAB1-1FD6999C98D6'
01-27 19:15:53 com_github_MitjaNemec_ReplicateLayout.replicate_layout 839:Dst fp.id: 'DBE67803-EAED-4BB0-AAB1-1FD6999C98D6'
01-27 19:15:53 com_github_MitjaNemec_ReplicateLayout.replicate_layout 895:found match in dst footprint: 'C28'
01-27 19:15:53 com_github_MitjaNemec_ReplicateLayout.replicate_layout 990:Src text UUid:709dbd21-3b2a-423e-a823-7234f4f4ccd6
01-27 19:15:53 com_github_MitjaNemec_ReplicateLayout.replicate_layout 991:Dst text UUid:4325cda4-a700-47f1-af48-b234bfbb2c76
01-27 19:15:53 com_github_MitjaNemec_ReplicateLayout.replicate_layout 990:Src text UUid:b8853940-a491-4fa2-a745-4473dd2e1c85
01-27 19:15:53 com_github_MitjaNemec_ReplicateLayout.replicate_layout 991:Dst text UUid:b3ca747a-071c-4f00-ae22-76ad4ddb7828
01-27 19:15:53 com_github_MitjaNemec_ReplicateLayout.replicate_layout 990:Src text UUid:73000935-5425-4c10-b0d0-265612d81a4a
01-27 19:15:53 com_github_MitjaNemec_ReplicateLayout.replicate_layout 991:Dst text UUid:563b237c-e365-4067-ae02-24b8bada539c
01-27 19:15:53 com_github_MitjaNemec_ReplicateLayout.replicate_layout 888:Replicating footprint: 'C21'
01-27 19:15:53 com_github_MitjaNemec_ReplicateLayout.replicate_layout 835:Src fp.id: 'CDAC5A8B-2E06-4A8F-A9C9-8B38F4386407'
01-27 19:15:53 com_github_MitjaNemec_ReplicateLayout.replicate_layout 839:Dst fp.id: 'CDAC5A8B-2E06-4A8F-A9C9-8B38F4386407'
01-27 19:15:53 com_github_MitjaNemec_ReplicateLayout.replicate_layout 895:found match in dst footprint: 'C29'
01-27 19:15:53 com_github_MitjaNemec_ReplicateLayout.replicate_layout 990:Src text UUid:55dc9c55-8624-4f99-93e1-7bc32733490d
01-27 19:15:53 com_github_MitjaNemec_ReplicateLayout.replicate_layout 991:Dst text UUid:a28f06d5-90cd-4b0c-b0a5-b6aec1da9a4a
01-27 19:15:53 com_github_MitjaNemec_ReplicateLayout.replicate_layout 990:Src text UUid:c8e74f5b-1edb-4cfc-b0d5-3213e094bde6
01-27 19:15:53 com_github_MitjaNemec_ReplicateLayout.replicate_layout 991:Dst text UUid:2fa294a0-4782-45d0-9d20-eab826fc885a
01-27 19:15:53 com_github_MitjaNemec_ReplicateLayout.replicate_layout 990:Src text UUid:eae8e24d-92de-48b5-9da6-0f0aa9db869b
01-27 19:15:53 com_github_MitjaNemec_ReplicateLayout.replicate_layout 991:Dst text UUid:c5ea64ac-ba12-4688-a3b6-981b25ebccb8
01-27 19:15:53 com_github_MitjaNemec_ReplicateLayout.replicate_layout 888:Replicating footprint: 'C22'
01-27 19:15:53 com_github_MitjaNemec_ReplicateLayout.replicate_layout 835:Src fp.id: '25E2E6FB-5B0E-494B-88CA-E7985FA51D2C'
01-27 19:15:53 com_github_MitjaNemec_ReplicateLayout.replicate_layout 839:Dst fp.id: '25E2E6FB-5B0E-494B-88CA-E7985FA51D2C'
01-27 19:15:53 com_github_MitjaNemec_ReplicateLayout.replicate_layout 895:found match in dst footprint: 'C30'
01-27 19:15:53 com_github_MitjaNemec_ReplicateLayout.replicate_layout 990:Src text UUid:95647636-dbe0-4e8e-b05e-f67ce7f4b966
01-27 19:15:53 com_github_MitjaNemec_ReplicateLayout.replicate_layout 991:Dst text UUid:8973bfb4-e46e-48f6-9733-402ff6ef845e
01-27 19:15:53 com_github_MitjaNemec_ReplicateLayout.replicate_layout 990:Src text UUid:989f0dc8-ad1f-4c00-ba58-24d25c4a1628
01-27 19:15:53 com_github_MitjaNemec_ReplicateLayout.replicate_layout 991:Dst text UUid:5eb685b7-6575-4040-ae5c-24f7999dfa7a
01-27 19:15:53 com_github_MitjaNemec_ReplicateLayout.replicate_layout 990:Src text UUid:6f48d718-d419-401e-9d99-38f8ca0ab4fc
01-27 19:15:53 com_github_MitjaNemec_ReplicateLayout.replicate_layout 991:Dst text UUid:0d6f541e-0570-49e3-8bdf-1fdc1f54f935
01-27 19:15:53 com_github_MitjaNemec_ReplicateLayout.replicate_layout 888:Replicating footprint: 'TP84'
01-27 19:15:53 com_github_MitjaNemec_ReplicateLayout.replicate_layout 835:Src fp.id: '286D0A34-3BE4-4F46-AC28-AC1E5B7563AB'
01-27 19:15:53 com_github_MitjaNemec_ReplicateLayout.replicate_layout 839:Dst fp.id: '286D0A34-3BE4-4F46-AC28-AC1E5B7563AB'
01-27 19:15:53 com_github_MitjaNemec_ReplicateLayout.replicate_layout 895:found match in dst footprint: 'TP94'
01-27 19:15:53 com_github_MitjaNemec_ReplicateLayout.replicate_layout 990:Src text UUid:4a64738a-7a41-472a-834f-bb23e4a0e1b3
01-27 19:15:53 com_github_MitjaNemec_ReplicateLayout.replicate_layout 991:Dst text UUid:2e3ad024-7e5a-4138-843d-9a578d87a045
01-27 19:15:53 com_github_MitjaNemec_ReplicateLayout.replicate_layout 990:Src text UUid:8da1757a-5e3d-457e-8887-6e4828597a73
01-27 19:15:53 com_github_MitjaNemec_ReplicateLayout.replicate_layout 991:Dst text UUid:cb4cfe4a-da01-4aad-bdb1-ce868225748c
01-27 19:15:53 com_github_MitjaNemec_ReplicateLayout.replicate_layout 888:Replicating footprint: 'R24'
01-27 19:15:53 com_github_MitjaNemec_ReplicateLayout.replicate_layout 835:Src fp.id: 'F1F20F90-45E3-4656-B8B6-0A4BFAA2CB09'
01-27 19:15:53 com_github_MitjaNemec_ReplicateLayout.replicate_layout 839:Dst fp.id: 'F1F20F90-45E3-4656-B8B6-0A4BFAA2CB09'
01-27 19:15:53 com_github_MitjaNemec_ReplicateLayout.replicate_layout 895:found match in dst footprint: 'R32'
01-27 19:15:53 com_github_MitjaNemec_ReplicateLayout.replicate_layout 990:Src text UUid:63ac9b9e-6d62-4a94-9356-570c3536e2bb
01-27 19:15:53 com_github_MitjaNemec_ReplicateLayout.replicate_layout 991:Dst text UUid:d08f738d-64ee-41aa-a4e5-e6064a2d0dda
01-27 19:15:53 com_github_MitjaNemec_ReplicateLayout.replicate_layout 990:Src text UUid:81212f68-873f-4e95-a71d-8148d9b9cf2a
01-27 19:15:53 com_github_MitjaNemec_ReplicateLayout.replicate_layout 991:Dst text UUid:3ee1cf99-dddc-423d-9507-108eeb23d843
01-27 19:15:53 com_github_MitjaNemec_ReplicateLayout.replicate_layout 990:Src text UUid:73a9dc91-e8ca-49bf-8ea2-cfee94201431
01-27 19:15:53 com_github_MitjaNemec_ReplicateLayout.replicate_layout 991:Dst text UUid:472fdc15-f6b6-4737-9143-1ac8b21ed552
01-27 19:15:53 com_github_MitjaNemec_ReplicateLayout.replicate_layout 888:Replicating footprint: 'R25'
01-27 19:15:53 root 345:updating GUI with: 88
01-27 19:15:53 com_github_MitjaNemec_ReplicateLayout.replicate_layout 835:Src fp.id: 'CB48C251-E6F2-46D0-BE20-BAF3FE944B0C'
01-27 19:15:53 com_github_MitjaNemec_ReplicateLayout.replicate_layout 839:Dst fp.id: 'CB48C251-E6F2-46D0-BE20-BAF3FE944B0C'
01-27 19:15:53 com_github_MitjaNemec_ReplicateLayout.replicate_layout 895:found match in dst footprint: 'R33'
01-27 19:15:53 com_github_MitjaNemec_ReplicateLayout.replicate_layout 990:Src text UUid:1bf6a626-783f-4cee-ab8c-00e91d319cc0
01-27 19:15:53 com_github_MitjaNemec_ReplicateLayout.replicate_layout 991:Dst text UUid:ab316d59-4221-475d-a726-0c0a85a8472f
01-27 19:15:53 com_github_MitjaNemec_ReplicateLayout.replicate_layout 990:Src text UUid:f00e23f7-8f66-49c0-93f2-46e68201b89d
01-27 19:15:53 com_github_MitjaNemec_ReplicateLayout.replicate_layout 991:Dst text UUid:4d60f879-52e9-46eb-a503-9dd107d4ae98
01-27 19:15:53 com_github_MitjaNemec_ReplicateLayout.replicate_layout 990:Src text UUid:eaf585d0-aabb-45a3-8893-497125af8f0a
01-27 19:15:53 com_github_MitjaNemec_ReplicateLayout.replicate_layout 991:Dst text UUid:ea131d97-3f2b-4fec-bb74-9277179b2bce
01-27 19:15:53 com_github_MitjaNemec_ReplicateLayout.replicate_layout 888:Replicating footprint: 'TP82'
01-27 19:15:53 com_github_MitjaNemec_ReplicateLayout.replicate_layout 835:Src fp.id: 'E8D2BAFD-3D9A-499E-BD25-BB58ACEDABF8'
01-27 19:15:53 com_github_MitjaNemec_ReplicateLayout.replicate_layout 839:Dst fp.id: 'E8D2BAFD-3D9A-499E-BD25-BB58ACEDABF8'
01-27 19:15:53 com_github_MitjaNemec_ReplicateLayout.replicate_layout 895:found match in dst footprint: 'TP92'
01-27 19:15:53 com_github_MitjaNemec_ReplicateLayout.replicate_layout 990:Src text UUid:197d104b-1788-4308-b2f8-da74fead65de
01-27 19:15:53 com_github_MitjaNemec_ReplicateLayout.replicate_layout 991:Dst text UUid:c7d6784d-322d-4927-bade-e0290e94aab7
01-27 19:15:53 com_github_MitjaNemec_ReplicateLayout.replicate_layout 990:Src text UUid:aade42a3-d28c-42db-bd46-e57edd3298f5
01-27 19:15:53 com_github_MitjaNemec_ReplicateLayout.replicate_layout 991:Dst text UUid:a418e745-df8d-4ab7-9a41-3f5b16ec5bb2
01-27 19:15:53 com_github_MitjaNemec_ReplicateLayout.replicate_layout 888:Replicating footprint: 'TP81'
01-27 19:15:53 com_github_MitjaNemec_ReplicateLayout.replicate_layout 835:Src fp.id: '5BEF528E-DCB2-4544-B012-3F4BA46B72DA'
01-27 19:15:53 com_github_MitjaNemec_ReplicateLayout.replicate_layout 839:Dst fp.id: '5BEF528E-DCB2-4544-B012-3F4BA46B72DA'
01-27 19:15:53 com_github_MitjaNemec_ReplicateLayout.replicate_layout 895:found match in dst footprint: 'TP91'
01-27 19:15:53 com_github_MitjaNemec_ReplicateLayout.replicate_layout 990:Src text UUid:e76ff0c7-987d-4379-a20e-385ad396ae64
01-27 19:15:53 com_github_MitjaNemec_ReplicateLayout.replicate_layout 991:Dst text UUid:c1c7d509-d292-4abd-a060-097b764ef7a5
01-27 19:15:53 com_github_MitjaNemec_ReplicateLayout.replicate_layout 990:Src text UUid:fd27f668-32c0-4cf1-8bda-74ab97792323
01-27 19:15:53 com_github_MitjaNemec_ReplicateLayout.replicate_layout 991:Dst text UUid:93668c03-7fb9-4a56-8740-46665cf5c302
01-27 19:15:53 com_github_MitjaNemec_ReplicateLayout.replicate_layout 888:Replicating footprint: 'TP83'
01-27 19:15:53 com_github_MitjaNemec_ReplicateLayout.replicate_layout 835:Src fp.id: '4FF15909-EF0B-4BE7-8E9A-C0A741C12B17'
01-27 19:15:53 com_github_MitjaNemec_ReplicateLayout.replicate_layout 839:Dst fp.id: '4FF15909-EF0B-4BE7-8E9A-C0A741C12B17'
01-27 19:15:53 com_github_MitjaNemec_ReplicateLayout.replicate_layout 895:found match in dst footprint: 'TP93'
01-27 19:15:53 com_github_MitjaNemec_ReplicateLayout.replicate_layout 990:Src text UUid:8b8901f6-ee1b-4d0d-9be4-3d4c28da0ce6
01-27 19:15:53 com_github_MitjaNemec_ReplicateLayout.replicate_layout 991:Dst text UUid:062c2254-0dfc-45c3-98f1-0ae51eb86252
01-27 19:15:53 com_github_MitjaNemec_ReplicateLayout.replicate_layout 990:Src text UUid:d5e08539-3e58-4f60-b995-eec596765ccf
01-27 19:15:53 com_github_MitjaNemec_ReplicateLayout.replicate_layout 991:Dst text UUid:7a129393-52ce-4b86-9542-fd19e00618e0
01-27 19:15:53 com_github_MitjaNemec_ReplicateLayout.replicate_layout 888:Replicating footprint: 'TP80'
01-27 19:15:53 com_github_MitjaNemec_ReplicateLayout.replicate_layout 835:Src fp.id: '3ABEEA17-0AD2-4B12-96B0-C75BA4AEF90D'
01-27 19:15:53 com_github_MitjaNemec_ReplicateLayout.replicate_layout 839:Dst fp.id: '3ABEEA17-0AD2-4B12-96B0-C75BA4AEF90D'
01-27 19:15:53 com_github_MitjaNemec_ReplicateLayout.replicate_layout 895:found match in dst footprint: 'TP90'
01-27 19:15:53 com_github_MitjaNemec_ReplicateLayout.replicate_layout 990:Src text UUid:9e09e8ba-64f7-4201-8893-9005608371d8
01-27 19:15:53 com_github_MitjaNemec_ReplicateLayout.replicate_layout 991:Dst text UUid:15133898-5f85-48e9-a992-4df79237b624
01-27 19:15:53 com_github_MitjaNemec_ReplicateLayout.replicate_layout 990:Src text UUid:1544216b-ac80-4095-8cf8-875def1a5552
01-27 19:15:53 com_github_MitjaNemec_ReplicateLayout.replicate_layout 991:Dst text UUid:a18fedf6-b90b-4662-83fe-488b4ecf12c1
01-27 19:15:53 com_github_MitjaNemec_ReplicateLayout.replicate_layout 888:Replicating footprint: 'U14'
01-27 19:15:53 com_github_MitjaNemec_ReplicateLayout.replicate_layout 835:Src fp.id: '443C087F-DF7E-4A06-A282-4CB36A70E3A9'
01-27 19:15:53 com_github_MitjaNemec_ReplicateLayout.replicate_layout 839:Dst fp.id: '443C087F-DF7E-4A06-A282-4CB36A70E3A9'
01-27 19:15:53 com_github_MitjaNemec_ReplicateLayout.replicate_layout 895:found match in dst footprint: 'U18'
01-27 19:15:53 com_github_MitjaNemec_ReplicateLayout.replicate_layout 990:Src text UUid:e70dea2e-303e-451f-a11e-56b9964ee89b
01-27 19:15:53 com_github_MitjaNemec_ReplicateLayout.replicate_layout 991:Dst text UUid:f834d720-1a80-4aca-a0c1-c648ae61571d
01-27 19:15:53 com_github_MitjaNemec_ReplicateLayout.replicate_layout 990:Src text UUid:deba58ce-f200-40b6-bcac-9517d1c8d6ad
01-27 19:15:53 com_github_MitjaNemec_ReplicateLayout.replicate_layout 991:Dst text UUid:fc491bab-8a13-48ae-9b3b-c3f68e76631c
01-27 19:15:53 com_github_MitjaNemec_ReplicateLayout.replicate_layout 990:Src text UUid:5c85215c-475a-4c04-ab5d-7cee7cae1aed
01-27 19:15:53 com_github_MitjaNemec_ReplicateLayout.replicate_layout 991:Dst text UUid:65b13754-ca2b-46ab-9ad9-061756732728
01-27 19:15:53 com_github_MitjaNemec_ReplicateLayout.replicate_layout 888:Replicating footprint: 'R23'
01-27 19:15:53 com_github_MitjaNemec_ReplicateLayout.replicate_layout 835:Src fp.id: 'E6868A95-3D5F-4FB9-9926-0B614F96DCFD'
01-27 19:15:53 com_github_MitjaNemec_ReplicateLayout.replicate_layout 839:Dst fp.id: 'E6868A95-3D5F-4FB9-9926-0B614F96DCFD'
01-27 19:15:53 com_github_MitjaNemec_ReplicateLayout.replicate_layout 895:found match in dst footprint: 'R31'
01-27 19:15:53 com_github_MitjaNemec_ReplicateLayout.replicate_layout 990:Src text UUid:8b70a866-8f64-4e8b-b5e1-70e3c976af48
01-27 19:15:53 com_github_MitjaNemec_ReplicateLayout.replicate_layout 991:Dst text UUid:7a97948e-0b3e-482e-9d9e-739c97a331ab
01-27 19:15:53 com_github_MitjaNemec_ReplicateLayout.replicate_layout 990:Src text UUid:b4cbc930-5d69-4163-a556-8ddcacf9dd58
01-27 19:15:53 com_github_MitjaNemec_ReplicateLayout.replicate_layout 991:Dst text UUid:37640a4b-a5a9-4d78-ad31-7eb5dd5812f6
01-27 19:15:53 com_github_MitjaNemec_ReplicateLayout.replicate_layout 990:Src text UUid:f071a3be-6c15-4a86-a876-ae1acae0e740
01-27 19:15:53 com_github_MitjaNemec_ReplicateLayout.replicate_layout 991:Dst text UUid:ae1148dd-1273-46f8-ad20-7fdfaca34432
01-27 19:15:53 com_github_MitjaNemec_ReplicateLayout.replicate_layout 888:Replicating footprint: 'R22'
01-27 19:15:53 root 345:updating GUI with: 98
01-27 19:15:53 com_github_MitjaNemec_ReplicateLayout.replicate_layout 835:Src fp.id: 'C7BCAF45-9A8D-4CC5-BA79-015A8A921FED'
01-27 19:15:53 com_github_MitjaNemec_ReplicateLayout.replicate_layout 839:Dst fp.id: 'C7BCAF45-9A8D-4CC5-BA79-015A8A921FED'
01-27 19:15:53 com_github_MitjaNemec_ReplicateLayout.replicate_layout 895:found match in dst footprint: 'R30'
01-27 19:15:53 com_github_MitjaNemec_ReplicateLayout.replicate_layout 990:Src text UUid:a555456c-920d-4cc3-83b4-97081d854da9
01-27 19:15:53 com_github_MitjaNemec_ReplicateLayout.replicate_layout 991:Dst text UUid:1a919bb5-cf71-4e5b-b0d0-af2eee355ff4
01-27 19:15:53 com_github_MitjaNemec_ReplicateLayout.replicate_layout 990:Src text UUid:dc6fce73-0b11-4a90-bd65-9a22193a9afa
01-27 19:15:53 com_github_MitjaNemec_ReplicateLayout.replicate_layout 991:Dst text UUid:f8de8430-ca13-4f2a-9d94-b9414060b8ef
01-27 19:15:53 com_github_MitjaNemec_ReplicateLayout.replicate_layout 990:Src text UUid:25861147-3ae1-4051-8036-ae052106ff24
01-27 19:15:53 com_github_MitjaNemec_ReplicateLayout.replicate_layout 991:Dst text UUid:d748b792-06fa-4cd4-a5b4-56c1a23ae66e
01-27 19:15:53 com_github_MitjaNemec_ReplicateLayout.replicate_layout 888:Replicating footprint: 'U15'
01-27 19:15:53 com_github_MitjaNemec_ReplicateLayout.replicate_layout 835:Src fp.id: '15B46DD4-6A58-428B-842F-97E06AF24594'
01-27 19:15:53 com_github_MitjaNemec_ReplicateLayout.replicate_layout 839:Dst fp.id: '15B46DD4-6A58-428B-842F-97E06AF24594'
01-27 19:15:53 com_github_MitjaNemec_ReplicateLayout.replicate_layout 895:found match in dst footprint: 'U19'
01-27 19:15:53 com_github_MitjaNemec_ReplicateLayout.replicate_layout 990:Src text UUid:dc8ff84b-1931-4348-8d23-4a19dfd6ff26
01-27 19:15:53 com_github_MitjaNemec_ReplicateLayout.replicate_layout 991:Dst text UUid:f3803d2a-305e-4404-91b4-390f545b380a
01-27 19:15:53 com_github_MitjaNemec_ReplicateLayout.replicate_layout 990:Src text UUid:549d5ffc-d5ad-467a-8bad-591c7bdcbb0c
01-27 19:15:53 com_github_MitjaNemec_ReplicateLayout.replicate_layout 991:Dst text UUid:495dbd31-0b46-4f7b-9bcd-40e494ab73f1
01-27 19:15:53 com_github_MitjaNemec_ReplicateLayout.replicate_layout 990:Src text UUid:eddb3196-52c1-4d24-b137-6a0443c15bb1
01-27 19:15:53 com_github_MitjaNemec_ReplicateLayout.replicate_layout 991:Dst text UUid:ae51105e-c878-47dc-afe8-98e2786abf68
01-27 19:15:53 com_github_MitjaNemec_ReplicateLayout.replicate_layout 328:Removing tracks and zones, after footprint placement
01-27 19:15:53 root 340:updating GUI message: 'Removing zones and tracks'
01-27 19:15:53 com_github_MitjaNemec_ReplicateLayout.replicate_layout 1282:Remove bounding box top:-28550001, bottom:19010000, Left:166805000, Right:192644200
01-27 19:15:53 root 345:updating GUI with: 25
01-27 19:15:53 com_github_MitjaNemec_ReplicateLayout.replicate_layout 1282:Remove bounding box top:-44465001, bottom:3095000, Left:217370000, Right:243209200
01-27 19:15:53 root 345:updating GUI with: 50
01-27 19:15:53 com_github_MitjaNemec_ReplicateLayout.replicate_layout 1282:Remove bounding box top:-30540001, bottom:17020000, Left:86918291, Right:112757491
01-27 19:15:53 root 345:updating GUI with: 75
01-27 19:15:53 com_github_MitjaNemec_ReplicateLayout.replicate_layout 1282:Remove bounding box top:-26250001, bottom:21310000, Left:127805000, Right:153644200
01-27 19:15:53 root 340:updating GUI message: 'Replicating tracks'
01-27 19:15:53 root 345:updating GUI with: 0
01-27 19:15:53 com_github_MitjaNemec_ReplicateLayout.replicate_layout 1014:Replicating tracks
01-27 19:15:53 com_github_MitjaNemec_ReplicateLayout.replicate_layout 1020:Replicating tracks on sheet ['/homing_interface_A/']
01-27 19:15:53 com_github_MitjaNemec_ReplicateLayout.replicate_layout 835:Src fp.id: '5BFF43A9-4BFB-4737-8974-3C85AE5E6A00'
01-27 19:15:53 com_github_MitjaNemec_ReplicateLayout.replicate_layout 839:Dst fp.id: '5BFF43A9-4BFB-4737-8974-3C85AE5E6A00'
01-27 19:15:53 com_github_MitjaNemec_ReplicateLayout.replicate_layout 792:Net pairs for sheet ['/homing_interface_A/'] :[('unconnected-(U14-NC-Pad3)', 'unconnected-(U22-NC-Pad3)'), ('unconnected-(U15-NC-Pad3)', 'unconnected-(U23-NC-Pad3)'), ('/homing_interface_X/LIM_MAX', '/homing_interface_A/LIM_MAX'), ('unconnected-(U14-Pad6)', 'unconnected-(U22-Pad6)'), ('/homing_interface_X/LIM_MIN', '/homing_interface_A/LIM_MIN'), ('Net-(C20-Pad2)', 'Net-(C34-Pad2)'), ('+24V', '+24V'), ('Net-(C19-Pad2)', 'Net-(C33-Pad2)'), ('GND', 'GND'), ('Net-(R23-Pad1)', 'Net-(R38-Pad1)'), ('/homing_interface_X/LIM_MIN_IN', '/homing_interface_A/LIM_MIN_IN'), ('Net-(R22-Pad1)', 'Net-(R37-Pad1)'), ('unconnected-(U15-Pad6)', 'unconnected-(U23-Pad6)'), ('/homing_interface_X/LIM_MAX_IN', '/homing_interface_A/LIM_MAX_IN'), ('+5V', '+5V')]
01-27 19:15:53 root 345:updating GUI with: 6
01-27 19:15:53 com_github_MitjaNemec_ReplicateLayout.replicate_layout 1020:Replicating tracks on sheet ['/homing_interface_B/']
01-27 19:15:53 com_github_MitjaNemec_ReplicateLayout.replicate_layout 835:Src fp.id: '5BFF43A9-4BFB-4737-8974-3C85AE5E6A00'
01-27 19:15:53 com_github_MitjaNemec_ReplicateLayout.replicate_layout 839:Dst fp.id: '5BFF43A9-4BFB-4737-8974-3C85AE5E6A00'
01-27 19:15:53 com_github_MitjaNemec_ReplicateLayout.replicate_layout 792:Net pairs for sheet ['/homing_interface_B/'] :[('Net-(C20-Pad2)', 'Net-(C38-Pad2)'), ('/homing_interface_X/LIM_MAX_IN', '/homing_interface_B/LIM_MAX_IN'), ('Net-(R22-Pad1)', 'Net-(R45-Pad1)'), ('/homing_interface_X/LIM_MIN', '/homing_interface_B/LIM_MIN'), ('unconnected-(U15-Pad6)', 'unconnected-(U26-Pad6)'), ('+24V', '+24V'), ('/homing_interface_X/LIM_MIN_IN', '/homing_interface_B/LIM_MIN_IN'), ('GND', 'GND'), ('unconnected-(U15-NC-Pad3)', 'unconnected-(U26-NC-Pad3)'), ('Net-(C19-Pad2)', 'Net-(C37-Pad2)'), ('unconnected-(U14-NC-Pad3)', 'unconnected-(U25-NC-Pad3)'), ('/homing_interface_X/LIM_MAX', '/homing_interface_B/LIM_MAX'), ('Net-(R23-Pad1)', 'Net-(R46-Pad1)'), ('unconnected-(U14-Pad6)', 'unconnected-(U25-Pad6)'), ('+5V', '+5V')]
01-27 19:15:53 root 345:updating GUI with: 25
01-27 19:15:53 com_github_MitjaNemec_ReplicateLayout.replicate_layout 1020:Replicating tracks on sheet ['/homing_interface_Y/']
01-27 19:15:53 com_github_MitjaNemec_ReplicateLayout.replicate_layout 835:Src fp.id: '5BFF43A9-4BFB-4737-8974-3C85AE5E6A00'
01-27 19:15:53 com_github_MitjaNemec_ReplicateLayout.replicate_layout 839:Dst fp.id: '5BFF43A9-4BFB-4737-8974-3C85AE5E6A00'
01-27 19:15:53 com_github_MitjaNemec_ReplicateLayout.replicate_layout 792:Net pairs for sheet ['/homing_interface_Y/'] :[('/homing_interface_X/LIM_MAX_IN', '/homing_interface_Y/LIM_MAX_IN'), ('Net-(R23-Pad1)', 'Net-(R27-Pad1)'), ('+24V', '+24V'), ('/homing_interface_X/LIM_MIN', '/homing_interface_Y/LIM_MIN'), ('GND', 'GND'), ('Net-(C19-Pad2)', 'Net-(C23-Pad2)'), ('Net-(C20-Pad2)', 'Net-(C24-Pad2)'), ('unconnected-(U14-NC-Pad3)', 'unconnected-(U16-NC-Pad3)'), ('unconnected-(U15-Pad6)', 'unconnected-(U17-Pad6)'), ('Net-(R22-Pad1)', 'Net-(R26-Pad1)'), ('unconnected-(U14-Pad6)', 'unconnected-(U16-Pad6)'), ('/homing_interface_X/LIM_MIN_IN', '/homing_interface_Y/LIM_MIN_IN'), ('+5V', '+5V'), ('unconnected-(U15-NC-Pad3)', 'unconnected-(U17-NC-Pad3)'), ('/homing_interface_X/LIM_MAX', '/homing_interface_Y/LIM_MAX')]
01-27 19:15:53 root 345:updating GUI with: 50
01-27 19:15:53 com_github_MitjaNemec_ReplicateLayout.replicate_layout 1020:Replicating tracks on sheet ['/homing_interface_Z/']
01-27 19:15:53 com_github_MitjaNemec_ReplicateLayout.replicate_layout 835:Src fp.id: '5BFF43A9-4BFB-4737-8974-3C85AE5E6A00'
01-27 19:15:53 com_github_MitjaNemec_ReplicateLayout.replicate_layout 839:Dst fp.id: '5BFF43A9-4BFB-4737-8974-3C85AE5E6A00'
01-27 19:15:53 com_github_MitjaNemec_ReplicateLayout.replicate_layout 792:Net pairs for sheet ['/homing_interface_Z/'] :[('/homing_interface_X/LIM_MAX_IN', '/homing_interface_Z/LIM_MAX_IN'), ('Net-(R23-Pad1)', 'Net-(R31-Pad1)'), ('Net-(C19-Pad2)', 'Net-(C27-Pad2)'), ('Net-(R22-Pad1)', 'Net-(R30-Pad1)'), ('unconnected-(U15-Pad6)', 'unconnected-(U19-Pad6)'), ('unconnected-(U14-Pad6)', 'unconnected-(U18-Pad6)'), ('+24V', '+24V'), ('/homing_interface_X/LIM_MIN', '/homing_interface_Z/LIM_MIN'), ('GND', 'GND'), ('unconnected-(U14-NC-Pad3)', 'unconnected-(U18-NC-Pad3)'), ('unconnected-(U15-NC-Pad3)', 'unconnected-(U19-NC-Pad3)'), ('/homing_interface_X/LIM_MIN_IN', '/homing_interface_Z/LIM_MIN_IN'), ('/homing_interface_X/LIM_MAX', '/homing_interface_Z/LIM_MAX'), ('+5V', '+5V'), ('Net-(C20-Pad2)', 'Net-(C28-Pad2)')]
01-27 19:15:53 root 345:updating GUI with: 75
01-27 19:15:53 root 340:updating GUI message: 'Replicating zones'
01-27 19:15:53 com_github_MitjaNemec_ReplicateLayout.replicate_layout 1084:Replicating zones
01-27 19:15:53 com_github_MitjaNemec_ReplicateLayout.replicate_layout 1091:Replicating zones on sheet ['/homing_interface_A/']
01-27 19:15:53 com_github_MitjaNemec_ReplicateLayout.replicate_layout 835:Src fp.id: '5BFF43A9-4BFB-4737-8974-3C85AE5E6A00'
01-27 19:15:53 com_github_MitjaNemec_ReplicateLayout.replicate_layout 839:Dst fp.id: '5BFF43A9-4BFB-4737-8974-3C85AE5E6A00'
01-27 19:15:53 com_github_MitjaNemec_ReplicateLayout.replicate_layout 792:Net pairs for sheet ['/homing_interface_A/'] :[('unconnected-(U14-NC-Pad3)', 'unconnected-(U22-NC-Pad3)'), ('unconnected-(U15-NC-Pad3)', 'unconnected-(U23-NC-Pad3)'), ('/homing_interface_X/LIM_MAX', '/homing_interface_A/LIM_MAX'), ('unconnected-(U14-Pad6)', 'unconnected-(U22-Pad6)'), ('/homing_interface_X/LIM_MIN', '/homing_interface_A/LIM_MIN'), ('Net-(C20-Pad2)', 'Net-(C34-Pad2)'), ('+24V', '+24V'), ('Net-(C19-Pad2)', 'Net-(C33-Pad2)'), ('GND', 'GND'), ('Net-(R23-Pad1)', 'Net-(R38-Pad1)'), ('/homing_interface_X/LIM_MIN_IN', '/homing_interface_A/LIM_MIN_IN'), ('Net-(R22-Pad1)', 'Net-(R37-Pad1)'), ('unconnected-(U15-Pad6)', 'unconnected-(U23-Pad6)'), ('/homing_interface_X/LIM_MAX_IN', '/homing_interface_A/LIM_MAX_IN'), ('+5V', '+5V')]
01-27 19:15:53 root 345:updating GUI with: 25
01-27 19:15:53 com_github_MitjaNemec_ReplicateLayout.replicate_layout 1091:Replicating zones on sheet ['/homing_interface_B/']
01-27 19:15:53 com_github_MitjaNemec_ReplicateLayout.replicate_layout 835:Src fp.id: '5BFF43A9-4BFB-4737-8974-3C85AE5E6A00'
01-27 19:15:53 com_github_MitjaNemec_ReplicateLayout.replicate_layout 839:Dst fp.id: '5BFF43A9-4BFB-4737-8974-3C85AE5E6A00'
01-27 19:15:53 com_github_MitjaNemec_ReplicateLayout.replicate_layout 792:Net pairs for sheet ['/homing_interface_B/'] :[('Net-(C20-Pad2)', 'Net-(C38-Pad2)'), ('/homing_interface_X/LIM_MAX_IN', '/homing_interface_B/LIM_MAX_IN'), ('Net-(R22-Pad1)', 'Net-(R45-Pad1)'), ('/homing_interface_X/LIM_MIN', '/homing_interface_B/LIM_MIN'), ('unconnected-(U15-Pad6)', 'unconnected-(U26-Pad6)'), ('+24V', '+24V'), ('/homing_interface_X/LIM_MIN_IN', '/homing_interface_B/LIM_MIN_IN'), ('GND', 'GND'), ('unconnected-(U15-NC-Pad3)', 'unconnected-(U26-NC-Pad3)'), ('Net-(C19-Pad2)', 'Net-(C37-Pad2)'), ('unconnected-(U14-NC-Pad3)', 'unconnected-(U25-NC-Pad3)'), ('/homing_interface_X/LIM_MAX', '/homing_interface_B/LIM_MAX'), ('Net-(R23-Pad1)', 'Net-(R46-Pad1)'), ('unconnected-(U14-Pad6)', 'unconnected-(U25-Pad6)'), ('+5V', '+5V')]
01-27 19:15:53 com_github_MitjaNemec_ReplicateLayout.replicate_layout 1091:Replicating zones on sheet ['/homing_interface_Y/']
01-27 19:15:53 com_github_MitjaNemec_ReplicateLayout.replicate_layout 835:Src fp.id: '5BFF43A9-4BFB-4737-8974-3C85AE5E6A00'
01-27 19:15:53 com_github_MitjaNemec_ReplicateLayout.replicate_layout 839:Dst fp.id: '5BFF43A9-4BFB-4737-8974-3C85AE5E6A00'
01-27 19:15:53 com_github_MitjaNemec_ReplicateLayout.replicate_layout 792:Net pairs for sheet ['/homing_interface_Y/'] :[('/homing_interface_X/LIM_MAX_IN', '/homing_interface_Y/LIM_MAX_IN'), ('Net-(R23-Pad1)', 'Net-(R27-Pad1)'), ('+24V', '+24V'), ('/homing_interface_X/LIM_MIN', '/homing_interface_Y/LIM_MIN'), ('GND', 'GND'), ('Net-(C19-Pad2)', 'Net-(C23-Pad2)'), ('Net-(C20-Pad2)', 'Net-(C24-Pad2)'), ('unconnected-(U14-NC-Pad3)', 'unconnected-(U16-NC-Pad3)'), ('unconnected-(U15-Pad6)', 'unconnected-(U17-Pad6)'), ('Net-(R22-Pad1)', 'Net-(R26-Pad1)'), ('unconnected-(U14-Pad6)', 'unconnected-(U16-Pad6)'), ('/homing_interface_X/LIM_MIN_IN', '/homing_interface_Y/LIM_MIN_IN'), ('+5V', '+5V'), ('unconnected-(U15-NC-Pad3)', 'unconnected-(U17-NC-Pad3)'), ('/homing_interface_X/LIM_MAX', '/homing_interface_Y/LIM_MAX')]
01-27 19:15:53 root 345:updating GUI with: 75
01-27 19:15:53 com_github_MitjaNemec_ReplicateLayout.replicate_layout 1091:Replicating zones on sheet ['/homing_interface_Z/']
01-27 19:15:53 com_github_MitjaNemec_ReplicateLayout.replicate_layout 835:Src fp.id: '5BFF43A9-4BFB-4737-8974-3C85AE5E6A00'
01-27 19:15:53 com_github_MitjaNemec_ReplicateLayout.replicate_layout 839:Dst fp.id: '5BFF43A9-4BFB-4737-8974-3C85AE5E6A00'
01-27 19:15:53 com_github_MitjaNemec_ReplicateLayout.replicate_layout 792:Net pairs for sheet ['/homing_interface_Z/'] :[('/homing_interface_X/LIM_MAX_IN', '/homing_interface_Z/LIM_MAX_IN'), ('Net-(R23-Pad1)', 'Net-(R31-Pad1)'), ('Net-(C19-Pad2)', 'Net-(C27-Pad2)'), ('Net-(R22-Pad1)', 'Net-(R30-Pad1)'), ('unconnected-(U15-Pad6)', 'unconnected-(U19-Pad6)'), ('unconnected-(U14-Pad6)', 'unconnected-(U18-Pad6)'), ('+24V', '+24V'), ('/homing_interface_X/LIM_MIN', '/homing_interface_Z/LIM_MIN'), ('GND', 'GND'), ('unconnected-(U14-NC-Pad3)', 'unconnected-(U18-NC-Pad3)'), ('unconnected-(U15-NC-Pad3)', 'unconnected-(U19-NC-Pad3)'), ('/homing_interface_X/LIM_MIN_IN', '/homing_interface_Z/LIM_MIN_IN'), ('/homing_interface_X/LIM_MAX', '/homing_interface_Z/LIM_MAX'), ('+5V', '+5V'), ('Net-(C20-Pad2)', 'Net-(C28-Pad2)')]
01-27 19:15:53 root 340:updating GUI message: 'Replicating text'
01-27 19:15:53 com_github_MitjaNemec_ReplicateLayout.replicate_layout 1173:Replicating text
01-27 19:15:53 com_github_MitjaNemec_ReplicateLayout.replicate_layout 1180:Replicating text on sheet ['/homing_interface_A/']
01-27 19:15:53 com_github_MitjaNemec_ReplicateLayout.replicate_layout 835:Src fp.id: '5BFF43A9-4BFB-4737-8974-3C85AE5E6A00'
01-27 19:15:53 com_github_MitjaNemec_ReplicateLayout.replicate_layout 839:Dst fp.id: '5BFF43A9-4BFB-4737-8974-3C85AE5E6A00'
01-27 19:15:53 root 345:updating GUI with: 25
01-27 19:15:53 com_github_MitjaNemec_ReplicateLayout.replicate_layout 1180:Replicating text on sheet ['/homing_interface_B/']
01-27 19:15:53 com_github_MitjaNemec_ReplicateLayout.replicate_layout 835:Src fp.id: '5BFF43A9-4BFB-4737-8974-3C85AE5E6A00'
01-27 19:15:53 com_github_MitjaNemec_ReplicateLayout.replicate_layout 839:Dst fp.id: '5BFF43A9-4BFB-4737-8974-3C85AE5E6A00'
01-27 19:15:53 com_github_MitjaNemec_ReplicateLayout.replicate_layout 1180:Replicating text on sheet ['/homing_interface_Y/']
01-27 19:15:53 com_github_MitjaNemec_ReplicateLayout.replicate_layout 835:Src fp.id: '5BFF43A9-4BFB-4737-8974-3C85AE5E6A00'
01-27 19:15:53 com_github_MitjaNemec_ReplicateLayout.replicate_layout 839:Dst fp.id: '5BFF43A9-4BFB-4737-8974-3C85AE5E6A00'
01-27 19:15:53 com_github_MitjaNemec_ReplicateLayout.replicate_layout 1180:Replicating text on sheet ['/homing_interface_Z/']
01-27 19:15:53 com_github_MitjaNemec_ReplicateLayout.replicate_layout 835:Src fp.id: '5BFF43A9-4BFB-4737-8974-3C85AE5E6A00'
01-27 19:15:53 com_github_MitjaNemec_ReplicateLayout.replicate_layout 839:Dst fp.id: '5BFF43A9-4BFB-4737-8974-3C85AE5E6A00'
01-27 19:15:53 root 340:updating GUI message: 'Replicating drawings'
01-27 19:15:53 com_github_MitjaNemec_ReplicateLayout.replicate_layout 1224:Replicating drawings
01-27 19:15:53 com_github_MitjaNemec_ReplicateLayout.replicate_layout 1230:Replicating drawings on sheet ['/homing_interface_A/']
01-27 19:15:53 com_github_MitjaNemec_ReplicateLayout.replicate_layout 835:Src fp.id: '5BFF43A9-4BFB-4737-8974-3C85AE5E6A00'
01-27 19:15:53 com_github_MitjaNemec_ReplicateLayout.replicate_layout 839:Dst fp.id: '5BFF43A9-4BFB-4737-8974-3C85AE5E6A00'
01-27 19:15:53 com_github_MitjaNemec_ReplicateLayout.replicate_layout 1230:Replicating drawings on sheet ['/homing_interface_B/']
01-27 19:15:53 com_github_MitjaNemec_ReplicateLayout.replicate_layout 835:Src fp.id: '5BFF43A9-4BFB-4737-8974-3C85AE5E6A00'
01-27 19:15:53 com_github_MitjaNemec_ReplicateLayout.replicate_layout 839:Dst fp.id: '5BFF43A9-4BFB-4737-8974-3C85AE5E6A00'
01-27 19:15:53 com_github_MitjaNemec_ReplicateLayout.replicate_layout 1230:Replicating drawings on sheet ['/homing_interface_Y/']
01-27 19:15:53 com_github_MitjaNemec_ReplicateLayout.replicate_layout 835:Src fp.id: '5BFF43A9-4BFB-4737-8974-3C85AE5E6A00'
01-27 19:15:53 com_github_MitjaNemec_ReplicateLayout.replicate_layout 839:Dst fp.id: '5BFF43A9-4BFB-4737-8974-3C85AE5E6A00'
01-27 19:15:53 com_github_MitjaNemec_ReplicateLayout.replicate_layout 1230:Replicating drawings on sheet ['/homing_interface_Z/']
01-27 19:15:53 com_github_MitjaNemec_ReplicateLayout.replicate_layout 835:Src fp.id: '5BFF43A9-4BFB-4737-8974-3C85AE5E6A00'
01-27 19:15:53 com_github_MitjaNemec_ReplicateLayout.replicate_layout 839:Dst fp.id: '5BFF43A9-4BFB-4737-8974-3C85AE5E6A00'
01-27 19:15:59 com_github_MitjaNemec_ReplicateLayout.action_replicate_layout 264:Replication complete
